BL51 BANKED LINKER/LOCATER V6.05              04/15/2013  13:16:08  PAGE 1


BL51 BANKED LINKER/LOCATER V6.05, INVOKED BY:
E:\CD_WORK\KEIL\C51\BIN\BL51.EXE E:\CD_WORK\Keil\Projects\HatSamwill\device\f3
>> 42\main.obj, E:\CD_WORK\Keil\Projects\HatSamwill\device\f342\USBX_F34X.LIB 
>> TO E:\CD_WORK\Keil\Projects\HatSamwill\device\f342\HatSamwill RS (256) PL (
>> 68) PW (78)


MEMORY MODEL: SMALL


INPUT MODULES INCLUDED:
  E:\CD_WORK\Keil\Projects\HatSamwill\device\f342\main.obj (MAIN)
  E:\CD_WORK\Keil\Projects\HatSamwill\device\f342\USBX_F34X.LIB (USB_SUSPEND)
  E:\CD_WORK\Keil\Projects\HatSamwill\device\f342\USBX_F34X.LIB (GET_INTERRUPT
>> _SOURCE)
  E:\CD_WORK\Keil\Projects\HatSamwill\device\f342\USBX_F34X.LIB (BLOCK_READ)
  E:\CD_WORK\Keil\Projects\HatSamwill\device\f342\USBX_F34X.LIB (USB_API)
  E:\CD_WORK\Keil\Projects\HatSamwill\device\f342\USBX_F34X.LIB (USB_CLOCK_STA
>> RT)
  E:\CD_WORK\Keil\Projects\HatSamwill\device\f342\USBX_F34X.LIB (USB_CLOCK_REC
>> OVERY)
  E:\CD_WORK\Keil\Projects\HatSamwill\device\f342\USBX_F34X.LIB (USB_JUMP_ISR)
>> 
  E:\CD_WORK\KEIL\C51\LIB\C51S.LIB (?C_STARTUP)
  E:\CD_WORK\KEIL\C51\LIB\C51S.LIB (?C?CLDPTR)
  E:\CD_WORK\KEIL\C51\LIB\C51S.LIB (?C?CLDOPTR)
  E:\CD_WORK\KEIL\C51\LIB\C51S.LIB (?C?CSTPTR)
  E:\CD_WORK\KEIL\C51\LIB\C51S.LIB (?C?IILDX)
  E:\CD_WORK\KEIL\C51\LIB\C51S.LIB (?C?LMUL)
  E:\CD_WORK\KEIL\C51\LIB\C51S.LIB (?C?ULDIV)
  E:\CD_WORK\KEIL\C51\LIB\C51S.LIB (?C?ULCMP)
  E:\CD_WORK\KEIL\C51\LIB\C51S.LIB (?C?ULSHR)
  E:\CD_WORK\KEIL\C51\LIB\C51S.LIB (?C?LSHL)
  E:\CD_WORK\KEIL\C51\LIB\C51S.LIB (?C_INIT)


LINK MAP OF MODULE:  E:\CD_WORK\Keil\Projects\HatSamwill\device\f342\HatSamwil
>> l (MAIN)


            TYPE    BASE      LENGTH    RELOCATION   SEGMENT NAME
            -----------------------------------------------------

            * * * * * * *   D A T A   M E M O R Y   * * * * * * *
            REG     0000H     0008H     ABSOLUTE     "REG BANK 0"
            DATA    0008H     0012H     UNIT         _DATA_GROUP_
            DATA    001AH     0003H     UNIT         ?DT?_USB_INIT?USB_API
                    001DH     0003H                  *** GAP ***
            BIT     0020H.0   0002H.3   UNIT         ?BI?MAIN
            BIT     0022H.3   0000H.2   UNIT         _BIT_GROUP_
                    0022H.5   0000H.3                *** GAP ***
            DATA    0023H     003CH     UNIT         ?DT?MAIN
            IDATA   005FH     0001H     UNIT         ?STACK

            * * * * * * *  X D A T A   M E M O R Y  * * * * * * *
            XDATA   0000H     0011H     UNIT         ?XD?_USB_INIT?USB_API
            XDATA   0011H     0002H     UNIT         _XDATA_GROUP_
                    0013H     062DH                  *** GAP ***
            XDATA   0640H     0100H     ABSOLUTE     
            XDATA   0740H     0012H     ABSOLUTE     
            XDATA   0752H     0020H     ABSOLUTE     
            XDATA   0772H     000CH     ABSOLUTE     
            XDATA   077EH     0008H     ABSOLUTE     
            XDATA   0786H     0001H     ABSOLUTE     
            XDATA   0787H     0003H     ABSOLUTE     
            XDATA   078AH     0002H     ABSOLUTE     
BL51 BANKED LINKER/LOCATER V6.05            04/15/2013  13:16:08  PAGE 2


            XDATA   078CH     0002H     ABSOLUTE     
            XDATA   078EH     0003H     ABSOLUTE     
            XDATA   0791H     0001H     ABSOLUTE     
            XDATA   0792H     0001H     ABSOLUTE     
            XDATA   0793H     0001H     ABSOLUTE     
            XDATA   0794H     0002H     ABSOLUTE     
            XDATA   0796H     0002H     ABSOLUTE     
            XDATA   0798H     0001H     ABSOLUTE     
            XDATA   0799H     0001H     ABSOLUTE     
            XDATA   079AH     0001H     ABSOLUTE     
            XDATA   079BH     0001H     ABSOLUTE     
            XDATA   079CH     0001H     ABSOLUTE     
            XDATA   079DH     0001H     ABSOLUTE     
            XDATA   079EH     0001H     ABSOLUTE     
            XDATA   079FH     0010H     ABSOLUTE     
                    07AFH     0011H                  *** GAP ***
            XDATA   07C0H     0040H     ABSOLUTE     

            * * * * * * *   C O D E   M E M O R Y   * * * * * * *
            CODE    0000H     0003H     ABSOLUTE     
            CODE    0003H     0003H     ABSOLUTE     
            CODE    0006H     0005H     UNIT         ?PR?TIMER2_ISR?MAIN
            CODE    000BH     0003H     ABSOLUTE     
            CODE    000EH     0003H     UNIT         ?PR?SUSPEND_DEVICE?MAIN
                    0011H     0002H                  *** GAP ***
            CODE    0013H     0003H     ABSOLUTE     
            CODE    0016H     0015H     UNIT         ?PR?INITIALIZE?MAIN
            CODE    002BH     0003H     ABSOLUTE     
            CODE    002EH     000CH     UNIT         ?PR?TIMER3_ISR?MAIN
                    003AH     0001H                  *** GAP ***
            CODE    003BH     0003H     ABSOLUTE     
                    003EH     0005H                  *** GAP ***
            CODE    0043H     0003H     ABSOLUTE     
            CODE    0046H     002CH     UNIT         ?PR?_EEPROM_BYTEWRITE?MAI
>> N
                    0072H     0001H                  *** GAP ***
            CODE    0073H     0003H     ABSOLUTE     
            CODE    0076H     0014H     UNIT         ?PR?USBXCORE_SET_SOP?USB_
>> API
                    008AH     0001H                  *** GAP ***
            CODE    008BH     0003H     ABSOLUTE     
            CODE    008EH     0520H     UNIT         ?PR?MAIN?MAIN
            CODE    05AEH     0215H     UNIT         ?PR?USBXCORE_HANDLE_SETUP
>> ?USB_API
            CODE    07C3H     01C2H     UNIT         ?C?LIB_CODE
            CODE    0985H     0151H     UNIT         ?PR?USBXCORE_USB_ISR?USB_
>> API
            CODE    0AD6H     0135H     UNIT         ?PR?_USB_INIT?USB_API
            CODE    0C0BH     0110H     UNIT         ?PR?USBXCORE_VENDOR_USB_A
>> PI?USB_API
            CODE    0D1BH     00F2H     UNIT         ?PR?SMBUS_ISR?MAIN
            CODE    0E0DH     00E1H     UNIT         ?PR?_OUTSYMBOL?MAIN
            CODE    0EEEH     00DEH     UNIT         ?PR?_BLOCK_READ?BLOCK_REA
>> D
            CODE    0FCCH     00C0H     UNIT         ?PR?USBXCORE_GET_DESCRIPT
>> OR?USB_API
            CODE    108CH     00ABH     UNIT         ?PR?ENCODERSCAN1?MAIN
            CODE    1137H     009DH     UNIT         ?PR?ENCODERSCAN5?MAIN
            CODE    11D4H     009AH     UNIT         ?PR?ENCODERSCAN3?MAIN
            CODE    126EH     0094H     UNIT         ?PR?TIMER0_ISR?MAIN
            CODE    1302H     008CH     UNIT         ?C_C51STARTUP
            CODE    138EH     007AH     UNIT         ?PR?ENCODERSCAN4?MAIN
            CODE    1408H     0073H     UNIT         ?PR?USBXCORE_GET_STATUS?U
>> SB_API
            CODE    147BH     006DH     UNIT         ?PR?ENCODERSCAN2?MAIN
BL51 BANKED LINKER/LOCATER V6.05            04/15/2013  13:16:08  PAGE 3


            CODE    14E8H     005FH     UNIT         ?PR?USBXCORE_CLEAR_FEATUR
>> E?USB_API
            CODE    1547H     005EH     UNIT         ?PR?USBXCORE_SET_FEATURE?
>> USB_API
            CODE    15A5H     005AH     UNIT         ?PR?USBXCORE_SET_CONFIGUR
>> ATION?USB_API
            CODE    15FFH     0055H     UNIT         ?PR?USB_API_TEST_ISR?MAIN
>> 
            CODE    1654H     004DH     UNIT         ?PR?_LCDOUTPUTLINE?MAIN
            CODE    16A1H     004CH     UNIT         ?CO?MAIN
            CODE    16EDH     0047H     UNIT         ?PR?USBXCORE_GET_CONFIGUR
>> ATION?USB_API
            CODE    1734H     0043H     UNIT         ?PR?WRITEDISCRETTOEEPROM?
>> MAIN
            CODE    1777H     0041H     UNIT         ?PR?USB_SUSPEND?USB_SUSPE
>> ND
            CODE    17B8H     003BH     UNIT         ?PR?USB_CLOCK_START?USB_C
>> LOCK_START
            CODE    17F3H     003AH     UNIT         ?CO?USB_API
            CODE    182DH     0030H     UNIT         ?C_INITSEG
            CODE    185DH     0029H     UNIT         ?PR?_EEPROM_BYTEREAD?MAIN
>> 
            CODE    1886H     0027H     UNIT         ?PR?WRITECOUNTERTOEEPROM?
>> MAIN
            CODE    18ADH     0027H     UNIT         ?PR?USBXCORE_USB_RESET?US
>> B_API
            CODE    18D4H     0027H     UNIT         ?PR?USBXCORE_GET_INTERFAC
>> E?USB_API
            CODE    18FBH     0025H     UNIT         ?PR?RESETCOUNTERTOOUTPUTB
>> UFFER?MAIN
            CODE    1920H     0024H     UNIT         ?PR?OUTPUTBUFFERTORESETCO
>> UNTER?MAIN
            CODE    1944H     0022H     UNIT         ?PR?PORT_INIT?MAIN
            CODE    1966H     0022H     UNIT         ?PR?USBXCORE_JUMP_ISR?USB
>> _JUMP_ISR
            CODE    1988H     0021H     UNIT         ?PR?INT1_ISR?MAIN
            CODE    19A9H     0020H     UNIT         ?PR?USBXCORE_SET_ADDRESS?
>> USB_API
            CODE    19C9H     001EH     UNIT         ?PR?INT0_ISR?MAIN
            CODE    19E7H     001DH     UNIT         ?PR?LEDSSWITCHOFF?MAIN
            CODE    1A04H     001DH     UNIT         ?PR?USBXCORE_FORCE_STALL?
>> USB_API
            CODE    1A21H     001AH     UNIT         ?PR?EXT_INTERRUPT_INIT?MA
>> IN
            CODE    1A3BH     0019H     UNIT         ?PR?TIMER3_INIT?MAIN
            CODE    1A54H     0018H     UNIT         ?PR?_DEL?MAIN
            CODE    1A6CH     000FH     UNIT         ?PR?TIMER0_INIT?MAIN
            CODE    1A7BH     000FH     UNIT         ?PR?TIMER1_INIT?MAIN
            CODE    1A8AH     000CH     UNIT         ?PR?USBXCORE_CLKREC?USB_C
>> LOCK_RECOVERY
            CODE    1A96H     000BH     UNIT         ?PR?GET_INTERRUPT_SOURCE?
>> GET_INTERRUPT_SOURCE
            CODE    1AA1H     0007H     UNIT         ?PR?OSCILLATOR_INIT?MAIN
            CODE    1AA8H     0007H     UNIT         ?PR?SMBUS_INIT?MAIN



OVERLAY MAP OF MODULE:   E:\CD_WORK\Keil\Projects\HatSamwill\device\f342\HatSa
>> mwill (MAIN)


SEGMENT                                             BIT_GROUP          DATA_GR
>> OUP          XDATA_GROUP
  +--> CALLED SEGMENT                            START    LENGTH     START    
>> LENGTH     START    LENGTH
BL51 BANKED LINKER/LOCATER V6.05            04/15/2013  13:16:08  PAGE 4


------------------------------------------------------------------------------
>> --------------------------
?PR?SMBUS_ISR?MAIN                               0022H.3  0000H.1    -----    
>> -----      -----    -----

*** NEW ROOT ***************************************************

?PR?TIMER0_ISR?MAIN                              -----    -----      0008H    
>> 0001H      -----    -----
  +--> ?PR?_OUTSYMBOL?MAIN
  +--> ?PR?_DEL?MAIN

?PR?_OUTSYMBOL?MAIN                              -----    -----      0009H    
>> 0002H      -----    -----
  +--> ?PR?LEDSSWITCHOFF?MAIN

*** NEW ROOT ***************************************************

?PR?USB_API_TEST_ISR?MAIN                        -----    -----      000BH    
>> 0001H      -----    -----
  +--> ?PR?GET_INTERRUPT_SOURCE?GET_INTERRUP...
  +--> ?PR?_BLOCK_READ?BLOCK_READ
  +--> ?PR?SUSPEND_DEVICE?MAIN

?PR?GET_INTERRUPT_SOURCE?GET_INTERRUP...         -----    -----      000CH    
>> 0001H      -----    -----

?PR?_BLOCK_READ?BLOCK_READ                       -----    -----      000CH    
>> 0008H      -----    -----

?PR?SUSPEND_DEVICE?MAIN                          -----    -----      -----    
>> -----      -----    -----
  +--> ?PR?USB_SUSPEND?USB_SUSPEND

?PR?USB_SUSPEND?USB_SUSPEND                      -----    -----      000CH    
>> 0001H      0011H    0001H
  +--> ?PR?USB_CLOCK_START?USB_CLOCK_START

?PR?USB_CLOCK_START?USB_CLOCK_START              -----    -----      000DH    
>> 0002H      -----    -----

*** NEW ROOT ***************************************************

?PR?USBXCORE_USB_ISR?USB_API                     -----    -----      -----    
>> -----      -----    -----
  +--> ?PR?USBXCORE_USB_RESET?USB_API
  +--> ?PR?USBXCORE_HANDLE_SETUP?USB_API
  +--> ?PR?USBXCORE_JUMP_ISR?USB_JUMP_ISR

?PR?USBXCORE_HANDLE_SETUP?USB_API                -----    -----      0014H    
>> 0001H      -----    -----
  +--> ?PR?USBXCORE_GET_STATUS?USB_API
  +--> ?PR?USBXCORE_CLEAR_FEATURE?USB_API
  +--> ?PR?USBXCORE_VENDOR_USB_API?USB_API
  +--> ?PR?USBXCORE_SET_FEATURE?USB_API
  +--> ?PR?USBXCORE_SET_ADDRESS?USB_API
  +--> ?PR?USBXCORE_GET_DESCRIPTOR?USB_API
  +--> ?PR?USBXCORE_GET_CONFIGURATION?USB_API
  +--> ?PR?USBXCORE_SET_CONFIGURATION?USB_API
  +--> ?PR?USBXCORE_GET_INTERFACE?USB_API
  +--> ?PR?USBXCORE_SET_SOP?USB_API
  +--> ?PR?USBXCORE_FORCE_STALL?USB_API

?PR?USBXCORE_GET_STATUS?USB_API                  -----    -----      -----    
>> -----      -----    -----
BL51 BANKED LINKER/LOCATER V6.05            04/15/2013  13:16:08  PAGE 5


  +--> ?CO?USB_API
  +--> ?PR?USBXCORE_FORCE_STALL?USB_API
  +--> ?PR?USBXCORE_SET_SOP?USB_API

?PR?USBXCORE_CLEAR_FEATURE?USB_API               -----    -----      -----    
>> -----      -----    -----
  +--> ?PR?USBXCORE_FORCE_STALL?USB_API
  +--> ?PR?USBXCORE_SET_SOP?USB_API

?PR?USBXCORE_VENDOR_USB_API?USB_API              -----    -----      -----    
>> -----      -----    -----
  +--> ?PR?USBXCORE_SET_SOP?USB_API

?PR?USBXCORE_SET_FEATURE?USB_API                 -----    -----      -----    
>> -----      -----    -----
  +--> ?PR?USBXCORE_FORCE_STALL?USB_API
  +--> ?PR?USBXCORE_SET_SOP?USB_API

?PR?USBXCORE_SET_ADDRESS?USB_API                 -----    -----      -----    
>> -----      -----    -----
  +--> ?PR?USBXCORE_SET_SOP?USB_API

?PR?USBXCORE_GET_DESCRIPTOR?USB_API              -----    -----      -----    
>> -----      0012H    0001H
  +--> ?PR?USBXCORE_FORCE_STALL?USB_API
  +--> ?PR?USBXCORE_SET_SOP?USB_API

?PR?USBXCORE_GET_CONFIGURATION?USB_API           -----    -----      -----    
>> -----      -----    -----
  +--> ?CO?USB_API
  +--> ?PR?USBXCORE_SET_SOP?USB_API

?PR?USBXCORE_SET_CONFIGURATION?USB_API           -----    -----      -----    
>> -----      -----    -----
  +--> ?PR?USBXCORE_SET_SOP?USB_API

?PR?USBXCORE_GET_INTERFACE?USB_API               -----    -----      -----    
>> -----      -----    -----
  +--> ?CO?USB_API
  +--> ?PR?USBXCORE_SET_SOP?USB_API

*** NEW ROOT ***************************************************

?C_C51STARTUP                                    -----    -----      -----    
>> -----      -----    -----
  +--> ?PR?MAIN?MAIN
  +--> ?C_INITSEG

?PR?MAIN?MAIN                                    0022H.4  0000H.1    0015H    
>> 0004H      -----    -----
  +--> ?PR?INITIALIZE?MAIN
  +--> ?PR?LEDSSWITCHOFF?MAIN
  +--> ?PR?_LCDOUTPUTLINE?MAIN
  +--> ?PR?RESETCOUNTERTOOUTPUTBUFFER?MAIN
  +--> ?PR?OUTPUTBUFFERTORESETCOUNTER?MAIN
  +--> ?PR?_EEPROM_BYTEREAD?MAIN
  +--> ?PR?_EEPROM_BYTEWRITE?MAIN
  +--> ?PR?WRITEDISCRETTOEEPROM?MAIN
  +--> ?PR?WRITECOUNTERTOEEPROM?MAIN

?PR?INITIALIZE?MAIN                              -----    -----      -----    
>> -----      -----    -----
  +--> ?PR?PORT_INIT?MAIN
  +--> ?PR?OSCILLATOR_INIT?MAIN
  +--> ?PR?TIMER0_INIT?MAIN
BL51 BANKED LINKER/LOCATER V6.05            04/15/2013  13:16:08  PAGE 6


  +--> ?PR?TIMER1_INIT?MAIN
  +--> ?PR?TIMER3_INIT?MAIN
  +--> ?PR?SMBUS_INIT?MAIN
  +--> ?PR?EXT_INTERRUPT_INIT?MAIN

?PR?_LCDOUTPUTLINE?MAIN                          -----    -----      0019H    
>> 0001H      -----    -----
  +--> ?PR?LEDSSWITCHOFF?MAIN

?PR?RESETCOUNTERTOOUTPUTBUFFER?MAIN              -----    -----      -----    
>> -----      -----    -----
  +--> ?PR?_EEPROM_BYTEREAD?MAIN

?PR?_EEPROM_BYTEREAD?MAIN                        -----    -----      0019H    
>> 0001H      -----    -----

?PR?OUTPUTBUFFERTORESETCOUNTER?MAIN              -----    -----      -----    
>> -----      -----    -----
  +--> ?PR?_EEPROM_BYTEWRITE?MAIN

?PR?WRITEDISCRETTOEEPROM?MAIN                    -----    -----      -----    
>> -----      -----    -----
  +--> ?PR?_EEPROM_BYTEWRITE?MAIN
  +--> ?PR?LEDSSWITCHOFF?MAIN
  +--> ?PR?_LCDOUTPUTLINE?MAIN

?PR?WRITECOUNTERTOEEPROM?MAIN                    -----    -----      -----    
>> -----      -----    -----
  +--> ?PR?_EEPROM_BYTEWRITE?MAIN
  +--> ?PR?LEDSSWITCHOFF?MAIN
  +--> ?PR?_LCDOUTPUTLINE?MAIN



SYMBOL TABLE OF MODULE:  E:\CD_WORK\Keil\Projects\HatSamwill\device\f342\HatSa
>> mwill (MAIN)

  VALUE           TYPE          NAME
  ----------------------------------

  -------         MODULE        MAIN
  C:008EH         SEGMENT       ?PR?MAIN?MAIN
  D:0015H         SEGMENT       ?DT?MAIN?MAIN
  B:0022H.4       SEGMENT       ?BI?MAIN?MAIN
  C:147BH         SEGMENT       ?PR?ENCODERSCAN2?MAIN
  C:108CH         SEGMENT       ?PR?ENCODERSCAN1?MAIN
  C:11D4H         SEGMENT       ?PR?ENCODERSCAN3?MAIN
  C:138EH         SEGMENT       ?PR?ENCODERSCAN4?MAIN
  C:1137H         SEGMENT       ?PR?ENCODERSCAN5?MAIN
  C:1654H         SEGMENT       ?PR?_LCDOUTPUTLINE?MAIN
  D:0019H         SEGMENT       ?DT?_LCDOUTPUTLINE?MAIN
  C:1886H         SEGMENT       ?PR?WRITECOUNTERTOEEPROM?MAIN
  C:1734H         SEGMENT       ?PR?WRITEDISCRETTOEEPROM?MAIN
  C:18FBH         SEGMENT       ?PR?RESETCOUNTERTOOUTPUTBUFFER?MAIN
  C:1920H         SEGMENT       ?PR?OUTPUTBUFFERTORESETCOUNTER?MAIN
  C:0E0DH         SEGMENT       ?PR?_OUTSYMBOL?MAIN
  D:0009H         SEGMENT       ?DT?_OUTSYMBOL?MAIN
  C:19E7H         SEGMENT       ?PR?LEDSSWITCHOFF?MAIN
  C:0016H         SEGMENT       ?PR?INITIALIZE?MAIN
  C:1AA1H         SEGMENT       ?PR?OSCILLATOR_INIT?MAIN
  C:1A6CH         SEGMENT       ?PR?TIMER0_INIT?MAIN
  C:1A7BH         SEGMENT       ?PR?TIMER1_INIT?MAIN
  C:1A3BH         SEGMENT       ?PR?TIMER3_INIT?MAIN
  C:1944H         SEGMENT       ?PR?PORT_INIT?MAIN
  C:1AA8H         SEGMENT       ?PR?SMBUS_INIT?MAIN
BL51 BANKED LINKER/LOCATER V6.05            04/15/2013  13:16:08  PAGE 7


  C:1A21H         SEGMENT       ?PR?EXT_INTERRUPT_INIT?MAIN
  C:0046H         SEGMENT       ?PR?_EEPROM_BYTEWRITE?MAIN
  C:185DH         SEGMENT       ?PR?_EEPROM_BYTEREAD?MAIN
  D:0019H         SEGMENT       ?DT?_EEPROM_BYTEREAD?MAIN
  C:000EH         SEGMENT       ?PR?SUSPEND_DEVICE?MAIN
  C:19C9H         SEGMENT       ?PR?INT0_ISR?MAIN
  C:1988H         SEGMENT       ?PR?INT1_ISR?MAIN
  C:0D1BH         SEGMENT       ?PR?SMBUS_ISR?MAIN
  D:0023H         SEGMENT       ?DT?MAIN
  B:0020H.0       SEGMENT       ?BI?MAIN
  B:0022H.3       SEGMENT       ?BI?SMBUS_ISR?MAIN
  C:126EH         SEGMENT       ?PR?TIMER0_ISR?MAIN
  D:0008H         SEGMENT       ?DT?TIMER0_ISR?MAIN
  C:0006H         SEGMENT       ?PR?TIMER2_ISR?MAIN
  C:002EH         SEGMENT       ?PR?TIMER3_ISR?MAIN
  C:15FFH         SEGMENT       ?PR?USB_API_TEST_ISR?MAIN
  D:000BH         SEGMENT       ?DT?USB_API_TEST_ISR?MAIN
  C:1A54H         SEGMENT       ?PR?_DEL?MAIN
  C:182DH         SEGMENT       ?C_INITSEG
  C:16A1H         SEGMENT       ?CO?MAIN
  D:0045H         PUBLIC        COUNTER
  C:16DDH         PUBLIC        DEVICE_NAME_STR
  C:16E3H         PUBLIC        DEVICE_SN_STR
  D:0041H         PUBLIC        DISCRET
  D:0028H         PUBLIC        ENCDATA
  D:0049H         PUBLIC        ENCN
  C:108CH         PUBLIC        ENCODERSCAN1
  C:147BH         PUBLIC        ENCODERSCAN2
  C:11D4H         PUBLIC        ENCODERSCAN3
  C:138EH         PUBLIC        ENCODERSCAN4
  C:1137H         PUBLIC        ENCODERSCAN5
  D:0038H         PUBLIC        ENCOLD
  D:002AH         PUBLIC        ENCSTATE
  D:0036H         PUBLIC        ENCTEMP
  C:1A21H         PUBLIC        EXT_INTERRUPT_INIT
  D:005AH         PUBLIC        FLAG
  B:0021H.1       PUBLIC        FLAG1
  B:0020H.3       PUBLIC        FLAGPOINT
  D:0026H         PUBLIC        HIGH?
  C:0016H         PUBLIC        INITIALIZE
  C:19C9H         PUBLIC        INT0_ISR
  C:1988H         PUBLIC        INT1_ISR
  D:004AH         PUBLIC        IN_PACKET
  B:0021H.5       PUBLIC        KEYFLAG1
  B:0021H.6       PUBLIC        KEYFLAG2
  B:0021H.7       PUBLIC        KEYFLAG3
  B:0022H.0       PUBLIC        KEYFLAG4
  D:002BH         PUBLIC        LCDMODE
  C:16E7H         PUBLIC        LCD_STRING
  C:19E7H         PUBLIC        LEDSSWITCHOFF
  B:0021H.2       PUBLIC        LONGKEYFLAG
  D:002EH         PUBLIC        LONGKEYFLAGCOUNTER
  D:0037H         PUBLIC        LOW?
  C:008EH         PUBLIC        MAIN
  B:0020H.5       PUBLIC        NOW_A
  B:0020H.6       PUBLIC        NOW_B
  D:0030H         PUBLIC        OLDSTATE
  C:1AA1H         PUBLIC        OSCILLATOR_INIT
  D:0054H         PUBLIC        OUTPUTBUFFER
  C:1920H         PUBLIC        OUTPUTBUFFERTORESETCOUNTER
  C:1944H         PUBLIC        PORT_INIT
  B:0020H.2       PUBLIC        PRE_A
  B:0020H.4       PUBLIC        PRE_B
  D:003EH         PUBLIC        PSMB_DATA_IN
  D:0032H         PUBLIC        PSMB_DATA_OUT
BL51 BANKED LINKER/LOCATER V6.05            04/15/2013  13:16:08  PAGE 8


  C:18FBH         PUBLIC        RESETCOUNTERTOOUTPUTBUFFER
  B:0022H.2       PUBLIC        ROTATE
  C:1AA8H         PUBLIC        SMBUS_INIT
  C:0D1BH         PUBLIC        SMBUS_ISR
  B:0021H.3       PUBLIC        SMB_ACKPOLL
  B:0020H.1       PUBLIC        SMB_BUSY
  D:002DH         PUBLIC        SMB_DATA_LEN
  B:0021H.0       PUBLIC        SMB_RANDOMREAD
  B:0022H.1       PUBLIC        SMB_RW
  B:0021H.4       PUBLIC        SMB_SENDWORDADDR_HIGH
  B:0020H.7       PUBLIC        SMB_SENDWORDADDR_LOW
  D:0029H         PUBLIC        SMB_SINGLEBYTE_OUT
  D:002CH         PUBLIC        STEP
  C:000EH         PUBLIC        SUSPEND_DEVICE
  D:005BH         PUBLIC        TEMPCOUNTER
  C:1A6CH         PUBLIC        TIMER0_INIT
  C:126EH         PUBLIC        TIMER0_ISR
  C:1A7BH         PUBLIC        TIMER1_INIT
  C:0006H         PUBLIC        TIMER2_ISR
  C:1A3BH         PUBLIC        TIMER3_INIT
  C:002EH         PUBLIC        TIMER3_ISR
  C:15FFH         PUBLIC        USB_API_TEST_ISR
  C:16DBH         PUBLIC        USB_BCDDEVICE
  C:16D9H         PUBLIC        USB_MAXPOWER
  C:16A5H         PUBLIC        USB_MFRSTR
  C:16A3H         PUBLIC        USB_PID
  C:16B9H         PUBLIC        USB_PRODUCTSTR
  C:16DAH         PUBLIC        USB_PWATTRIBUTES
  C:16CFH         PUBLIC        USB_SERIALSTR
  C:16A1H         PUBLIC        USB_VID
  D:003CH         PUBLIC        WORD_ADDR_HIGH
  D:0027H         PUBLIC        WORD_ADDR_LOW
  C:1886H         PUBLIC        WRITECOUNTERTOEEPROM
  C:1734H         PUBLIC        WRITEDISCRETTOEEPROM
  C:1A54H         PUBLIC        _DEL
  C:185DH         PUBLIC        _EEPROM_BYTEREAD
  C:004CH         PUBLIC        _EEPROM_BYTEWRITE
  C:1654H         PUBLIC        _LCDOUTPUTLINE
  C:0E0DH         PUBLIC        _OUTSYMBOL
  C:009DH         SYMBOL        ?C0001
  C:00BBH         SYMBOL        ?C0002
  C:00A7H         SYMBOL        ?C0003
  C:00ABH         SYMBOL        ?C0004
  C:00ADH         SYMBOL        ?C0006
  C:00B0H         SYMBOL        ?C0007
  C:00B2H         SYMBOL        ?C0008
  C:00B6H         SYMBOL        ?C0009
  C:00D9H         SYMBOL        ?C0011
  C:0101H         SYMBOL        ?C0012
  C:00E7H         SYMBOL        ?C0013
  C:00F5H         SYMBOL        ?C0015
  C:01A5H         SYMBOL        ?C0019
  C:04F4H         SYMBOL        ?C0021
  C:01B5H         SYMBOL        ?C0022
  C:0221H         SYMBOL        ?C0023
  C:0223H         SYMBOL        ?C0024
  C:0283H         SYMBOL        ?C0025
  C:0285H         SYMBOL        ?C0026
  C:02E2H         SYMBOL        ?C0027
  C:02E4H         SYMBOL        ?C0028
  C:0341H         SYMBOL        ?C0029
  C:0343H         SYMBOL        ?C0030
  C:0349H         SYMBOL        ?C0031
  C:03CFH         SYMBOL        ?C0032
  C:03D1H         SYMBOL        ?C0033
BL51 BANKED LINKER/LOCATER V6.05            04/15/2013  13:16:08  PAGE 9


  C:0431H         SYMBOL        ?C0034
  C:0433H         SYMBOL        ?C0035
  C:0490H         SYMBOL        ?C0036
  C:0492H         SYMBOL        ?C0037
  C:04EFH         SYMBOL        ?C0038
  C:04F1H         SYMBOL        ?C0039
  C:0522H         SYMBOL        ?C0040
  C:04FBH         SYMBOL        ?C0041
  C:04FDH         SYMBOL        ?C0042
  C:0504H         SYMBOL        ?C0043
  C:0506H         SYMBOL        ?C0044
  C:0554H         SYMBOL        ?C0046
  C:052CH         SYMBOL        ?C0048
  C:052EH         SYMBOL        ?C0049
  C:0535H         SYMBOL        ?C0050
  C:0537H         SYMBOL        ?C0051
  C:0558H         SYMBOL        ?C0052
  C:0564H         SYMBOL        ?C0053
  C:0582H         SYMBOL        ?C0054
  C:0573H         SYMBOL        ?C0056
  C:0576H         SYMBOL        ?C0057
  C:0584H         SYMBOL        ?C0058
  C:05A9H         SYMBOL        ?C0060
  C:14E4H         SYMBOL        ?C0063
  C:14ADH         SYMBOL        ?C0064
  C:14AFH         SYMBOL        ?C0065
  C:14B1H         SYMBOL        ?C0067
  C:14B3H         SYMBOL        ?C0068
  C:14B5H         SYMBOL        ?C0070
  C:14CCH         SYMBOL        ?C0071
  C:1134H         SYMBOL        ?C0073
  C:10A6H         SYMBOL        ?C0074
  C:10BEH         SYMBOL        ?C0075
  C:10C3H         SYMBOL        ?C0077
  C:10DBH         SYMBOL        ?C0078
  C:10E2H         SYMBOL        ?C0080
  C:10FAH         SYMBOL        ?C0081
  C:1101H         SYMBOL        ?C0083
  C:1119H         SYMBOL        ?C0084
  C:1216H         SYMBOL        ?C0087
  C:120CH         SYMBOL        ?C0089
  C:1202H         SYMBOL        ?C0090
  C:123BH         SYMBOL        ?C0092
  C:1261H         SYMBOL        ?C0093
  C:126DH         SYMBOL        ?C0095
  C:13FFH         SYMBOL        ?C0096
  C:13A6H         SYMBOL        ?C0097
  C:13D4H         SYMBOL        ?C0098
  C:1193H         SYMBOL        ?C0108
  C:1156H         SYMBOL        ?C0109
  C:115DH         SYMBOL        ?C0110
  C:1165H         SYMBOL        ?C0112
  C:116CH         SYMBOL        ?C0113
  C:1176H         SYMBOL        ?C0115
  C:117CH         SYMBOL        ?C0116
  C:1185H         SYMBOL        ?C0118
  C:118CH         SYMBOL        ?C0119
  C:11B0H         SYMBOL        ?C0122
  C:11D0H         SYMBOL        ?C0123
  C:11D3H         SYMBOL        ?C0124
  C:1662H         SYMBOL        ?C0125
  C:169BH         SYMBOL        ?C0126
  C:1697H         SYMBOL        ?C0127
  C:1664H         SYMBOL        ?C0128
  C:1694H         SYMBOL        ?C0130
BL51 BANKED LINKER/LOCATER V6.05            04/15/2013  13:16:08  PAGE 10


  C:167EH         SYMBOL        ?C0132
  C:1682H         SYMBOL        ?C0133
  C:1686H         SYMBOL        ?C0134
  C:168AH         SYMBOL        ?C0135
  C:168EH         SYMBOL        ?C0136
  C:1692H         SYMBOL        ?C0137
  C:1750H         SYMBOL        ?C0140
  C:0EC1H         SYMBOL        ?C0144
  C:0E55H         SYMBOL        ?C0145
  C:0E59H         SYMBOL        ?C0146
  C:0E67H         SYMBOL        ?C0147
  C:0E69H         SYMBOL        ?C0148
  C:0E75H         SYMBOL        ?C0149
  C:0E81H         SYMBOL        ?C0150
  C:0E87H         SYMBOL        ?C0151
  C:0E93H         SYMBOL        ?C0152
  C:0EA1H         SYMBOL        ?C0153
  C:0EA9H         SYMBOL        ?C0154
  C:0EB5H         SYMBOL        ?C0155
  C:0EC6H         SYMBOL        ?C0156
  C:0EDCH         SYMBOL        ?C0158
  C:0EDFH         SYMBOL        ?C0159
  C:0EE2H         SYMBOL        ?C0160
  C:0EE5H         SYMBOL        ?C0161
  C:0EE8H         SYMBOL        ?C0162
  C:0EEBH         SYMBOL        ?C0163
  C:0EEDH         SYMBOL        ?C0164
  C:0050H         SYMBOL        ?C0174
  C:0053H         SYMBOL        ?C0175
  C:1861H         SYMBOL        ?C0177
  C:1864H         SYMBOL        ?C0178
  C:1880H         SYMBOL        ?C0179
  C:1883H         SYMBOL        ?C0180
  C:1885H         SYMBOL        ?C0181
  C:0DE9H         SYMBOL        ?C0185
  C:0D44H         SYMBOL        ?C0186
  C:0D58H         SYMBOL        ?C0187
  C:0DACH         SYMBOL        ?C0188
  C:0D65H         SYMBOL        ?C0189
  C:0D6FH         SYMBOL        ?C0190
  C:0D80H         SYMBOL        ?C0191
  C:0DA6H         SYMBOL        ?C0194
  C:0DB3H         SYMBOL        ?C0198
  C:0DB7H         SYMBOL        ?C0200
  C:0DDAH         SYMBOL        ?C0201
  C:0DE7H         SYMBOL        ?C0203
  C:0DFCH         SYMBOL        ?C0204
  C:12A0H         SYMBOL        ?C0207
  C:12E1H         SYMBOL        ?C0208
  C:12BEH         SYMBOL        ?C0210
  C:12C0H         SYMBOL        ?C0211
  C:12C6H         SYMBOL        ?C0212
  C:12E7H         SYMBOL        ?C0213
  C:1631H         SYMBOL        ?C0216
  C:1639H         SYMBOL        ?C0219
  C:1639H         SYMBOL        ?C0221
  C:1A57H         SYMBOL        ?C0222
  C:1A6BH         SYMBOL        ?C0225
  C:0512H         SYMBOL        ?C0226
  C:139CH         SYMBOL        ?C0227
  C:13A4H         SYMBOL        ?C0228
  C:13B2H         SYMBOL        ?C0229
  C:13BAH         SYMBOL        ?C0230
  C:13E0H         SYMBOL        ?C0231
  C:13E8H         SYMBOL        ?C0232
BL51 BANKED LINKER/LOCATER V6.05            04/15/2013  13:16:08  PAGE 11


  C:0E1BH         SYMBOL        ?C0233
  C:0E2EH         SYMBOL        ?C0234
  C:1298H         SYMBOL        ?C0235
  C:1A69H         SYMBOL        ?C0236
  C:14B1H         SYMBOL        ?C0238
  C:14B3H         SYMBOL        ?C0240
  C:14B5H         SYMBOL        ?C0241
  C:14CCH         SYMBOL        ?C0242
  C:10E0H         SYMBOL        ?C0243
  C:10FFH         SYMBOL        ?C0244
  C:111CH         SYMBOL        ?C0245
  C:0EA3H         SYMBOL        ?C0246
  C:0EB3H         SYMBOL        ?C0247
  C:0EBDH         SYMBOL        ?C0248
  B:0022H.4       SYMBOL        ?MAIN?BIT
  D:0015H         SYMBOL        ?MAIN?BYTE
  B:0022H.3       SYMBOL        ?SMBUS_ISR?BIT
  D:0008H         SYMBOL        ?TIMER0_ISR?BYTE
  D:000BH         SYMBOL        ?USB_API_TEST_ISR?BYTE
  D:0019H         SYMBOL        ?_EEPROM_BYTEREAD?BYTE
  D:0019H         SYMBOL        ?_LCDOUTPUTLINE?BYTE
  D:0009H         SYMBOL        ?_OUTSYMBOL?BYTE
  B:00D0H.6       SYMBOL        AC
  D:00E0H         SYMBOL        ACC
  B:00C0H.1       SYMBOL        ACK
  B:00C0H.3       SYMBOL        ACKRQ
  B:00E8H.4       SYMBOL        AD0BUSY
  B:00E8H.0       SYMBOL        AD0CM0
  B:00E8H.1       SYMBOL        AD0CM1
  B:00E8H.2       SYMBOL        AD0CM2
  B:00E8H.7       SYMBOL        AD0EN
  B:00E8H.5       SYMBOL        AD0INT
  B:00E8H.6       SYMBOL        AD0TM
  B:00E8H.3       SYMBOL        AD0WINT
  D:00BDH         SYMBOL        ADC0
  D:00BCH         SYMBOL        ADC0CF
  D:00E8H         SYMBOL        ADC0CN
  D:00C3H         SYMBOL        ADC0GT
  D:00C4H         SYMBOL        ADC0GTH
  D:00C3H         SYMBOL        ADC0GTL
  D:00BEH         SYMBOL        ADC0H
  D:00BDH         SYMBOL        ADC0L
  D:00C5H         SYMBOL        ADC0LT
  D:00C6H         SYMBOL        ADC0LTH
  D:00C5H         SYMBOL        ADC0LTL
  D:00BAH         SYMBOL        AMX0N
  D:00BBH         SYMBOL        AMX0P
  B:00C0H.2       SYMBOL        ARBLOST
  D:00F0H         SYMBOL        B
  B:00D8H.0       SYMBOL        CCF0
  B:00D8H.1       SYMBOL        CCF1
  B:00D8H.2       SYMBOL        CCF2
  B:00D8H.3       SYMBOL        CCF3
  B:00D8H.4       SYMBOL        CCF4
  B:00D8H.7       SYMBOL        CF
  D:008EH         SYMBOL        CKCON
  D:00B9H         SYMBOL        CLKMUL
  D:00A9H         SYMBOL        CLKSEL
  D:009BH         SYMBOL        CPT0CN
  D:009DH         SYMBOL        CPT0MD
  D:009FH         SYMBOL        CPT0MX
  D:009AH         SYMBOL        CPT1CN
  D:009CH         SYMBOL        CPT1MD
  D:009EH         SYMBOL        CPT1MX
  B:00D8H.6       SYMBOL        CR
BL51 BANKED LINKER/LOCATER V6.05            04/15/2013  13:16:08  PAGE 12


  B:00D0H.7       SYMBOL        CY
  D:0019H         SYMBOL        DELAY?644
  D:0082H         SYMBOL        DP
  D:0083H         SYMBOL        DPH
  D:0082H         SYMBOL        DPL
  B:00A8H.7       SYMBOL        EA
  B:0080H.1       SYMBOL        EEPROM_SCL
  B:0080H.0       SYMBOL        EEPROM_SDA
  D:00E6H         SYMBOL        EIE1
  D:00E7H         SYMBOL        EIE2
  D:00F6H         SYMBOL        EIP1
  D:00F7H         SYMBOL        EIP2
  D:0085H         SYMBOL        EMI0CF
  D:00AAH         SYMBOL        EMI0CN
  D:0084H         SYMBOL        EMI0TC
  D:0031H         SYMBOL        ENCMINUS
  D:003DH         SYMBOL        ENCPLUS
  B:00A8H.4       SYMBOL        ES0
  B:00A8H.6       SYMBOL        ESPI0
  B:00A8H.1       SYMBOL        ET0
  B:00A8H.3       SYMBOL        ET1
  B:00A8H.5       SYMBOL        ET2
  B:00A8H.0       SYMBOL        EX0
  B:00A8H.2       SYMBOL        EX1
  B:0080H.2       SYMBOL        EXT_INT0
  B:0080H.3       SYMBOL        EXT_INT1
  B:00D0H.5       SYMBOL        F0
  B:00D0H.1       SYMBOL        F1
  B:0022H.3       SYMBOL        FAIL?2655
  D:00B7H         SYMBOL        FLKEY
  D:00B6H         SYMBOL        FLSCL
  D:0025H         SYMBOL        I?2656
  D:0008H         SYMBOL        I?2758
  D:00A8H         SYMBOL        IE
  B:0088H.1       SYMBOL        IE0
  B:0088H.3       SYMBOL        IE1
  D:000BH         SYMBOL        INTVAL?3060
  D:00B8H         SYMBOL        IP
  B:0088H.0       SYMBOL        IT0
  D:00E4H         SYMBOL        IT01CF
  B:0088H.2       SYMBOL        IT1
  B:0080H.4       SYMBOL        KEY1
  B:00A0H.5       SYMBOL        KEY2
  B:0080H.6       SYMBOL        KEY3
  B:0080H.5       SYMBOL        KEY4
  C:0046H         SYMBOL        L?0249
  B:0090H.7       SYMBOL        LED1
  B:00A0H.0       SYMBOL        LED2
  B:00A0H.1       SYMBOL        LED3
  B:00A0H.2       SYMBOL        LED4
  B:00A0H.3       SYMBOL        LED5
  B:00A0H.4       SYMBOL        LED6
  D:0009H         SYMBOL        LEDNUMBER?1149
  D:0023H         SYMBOL        LOW_COUNTER?2759
  B:00C0H.7       SYMBOL        MASTER
  B:0098H.5       SYMBOL        MCE0
  B:00F8H.5       SYMBOL        MODF
  D:0035H         SYMBOL        NEW
  B:00F8H.2       SYMBOL        NSSMD0
  B:00F8H.3       SYMBOL        NSSMD1
  D:00B3H         SYMBOL        OSCICL
  D:00B2H         SYMBOL        OSCICN
  D:0086H         SYMBOL        OSCLCN
  D:00B1H         SYMBOL        OSCXCN
  B:00D0H.2       SYMBOL        OV
BL51 BANKED LINKER/LOCATER V6.05            04/15/2013  13:16:08  PAGE 13


  B:00D0H.0       SYMBOL        P
  D:0080H         SYMBOL        P0
  D:00F1H         SYMBOL        P0MDIN
  D:00A4H         SYMBOL        P0MDOUT
  D:00D4H         SYMBOL        P0SKIP
  D:0090H         SYMBOL        P1
  D:00F2H         SYMBOL        P1MDIN
  D:00A5H         SYMBOL        P1MDOUT
  D:00D5H         SYMBOL        P1SKIP
  D:00A0H         SYMBOL        P2
  D:00F3H         SYMBOL        P2MDIN
  D:00A6H         SYMBOL        P2MDOUT
  D:00D6H         SYMBOL        P2SKIP
  D:00B0H         SYMBOL        P3
  D:00F4H         SYMBOL        P3MDIN
  D:00A7H         SYMBOL        P3MDOUT
  D:00DFH         SYMBOL        P3SKIP
  D:00C7H         SYMBOL        P4
  D:00F5H         SYMBOL        P4MDIN
  D:00AEH         SYMBOL        P4MDOUT
  D:00F9H         SYMBOL        PCA0
  D:00D8H         SYMBOL        PCA0CN
  D:00FBH         SYMBOL        PCA0CP0
  D:00E9H         SYMBOL        PCA0CP1
  D:00EBH         SYMBOL        PCA0CP2
  D:00EDH         SYMBOL        PCA0CP3
  D:00FDH         SYMBOL        PCA0CP4
  D:00FCH         SYMBOL        PCA0CPH0
  D:00EAH         SYMBOL        PCA0CPH1
  D:00ECH         SYMBOL        PCA0CPH2
  D:00EEH         SYMBOL        PCA0CPH3
  D:00FEH         SYMBOL        PCA0CPH4
  D:00FBH         SYMBOL        PCA0CPL0
  D:00E9H         SYMBOL        PCA0CPL1
  D:00EBH         SYMBOL        PCA0CPL2
  D:00EDH         SYMBOL        PCA0CPL3
  D:00FDH         SYMBOL        PCA0CPL4
  D:00DAH         SYMBOL        PCA0CPM0
  D:00DBH         SYMBOL        PCA0CPM1
  D:00DCH         SYMBOL        PCA0CPM2
  D:00DDH         SYMBOL        PCA0CPM3
  D:00DEH         SYMBOL        PCA0CPM4
  D:00FAH         SYMBOL        PCA0H
  D:00F9H         SYMBOL        PCA0L
  D:00D9H         SYMBOL        PCA0MD
  D:0087H         SYMBOL        PCON
  D:00AFH         SYMBOL        PFE0CN
  B:00B8H.4       SYMBOL        PS0
  D:008FH         SYMBOL        PSCTL
  B:00B8H.6       SYMBOL        PSPI0
  D:00D0H         SYMBOL        PSW
  B:00B8H.1       SYMBOL        PT0
  B:00B8H.3       SYMBOL        PT1
  B:00B8H.5       SYMBOL        PT2
  B:00B8H.0       SYMBOL        PX0
  B:00B8H.2       SYMBOL        PX1
  B:0098H.2       SYMBOL        RB80
  D:00D1H         SYMBOL        REF0CN
  D:00C9H         SYMBOL        REG0CN
  B:0098H.4       SYMBOL        REN0
  D:0019H         SYMBOL        RETVAL?2254
  B:0098H.0       SYMBOL        RI0
  B:00D0H.3       SYMBOL        RS0
  B:00D0H.4       SYMBOL        RS1
  D:00EFH         SYMBOL        RSTSRC
BL51 BANKED LINKER/LOCATER V6.05            04/15/2013  13:16:08  PAGE 14


  B:00F8H.4       SYMBOL        RXOVRN
  B:0098H.7       SYMBOL        S0MODE
  D:00ACH         SYMBOL        SBCON1
  D:00B4H         SYMBOL        SBRL1
  D:00B5H         SYMBOL        SBRLH1
  D:00B4H         SYMBOL        SBRLL1
  D:0099H         SYMBOL        SBUF0
  D:00D3H         SYMBOL        SBUF1
  D:0098H         SYMBOL        SCON0
  D:00D2H         SYMBOL        SCON1
  B:0090H.0       SYMBOL        SEGMENT_A
  B:0090H.1       SYMBOL        SEGMENT_B
  B:0090H.2       SYMBOL        SEGMENT_C
  B:0090H.3       SYMBOL        SEGMENT_D
  B:0090H.4       SYMBOL        SEGMENT_E
  B:0090H.6       SYMBOL        SEGMENT_F
  B:0090H.5       SYMBOL        SEGMENT_G
  B:0080H.7       SYMBOL        SEGMENT_POINT
  B:0020H.0       SYMBOL        SEND_START?2657
  B:00C0H.0       SYMBOL        SI
  D:00C1H         SYMBOL        SMB0CF
  D:00C0H         SYMBOL        SMB0CN
  D:00C2H         SYMBOL        SMB0DAT
  D:00E5H         SYMBOL        SMOD1
  D:0081H         SYMBOL        SP
  D:00A1H         SYMBOL        SPI0CFG
  D:00A2H         SYMBOL        SPI0CKR
  D:00F8H         SYMBOL        SPI0CN
  D:00A3H         SYMBOL        SPI0DAT
  B:00F8H.0       SYMBOL        SPIEN
  B:00F8H.7       SYMBOL        SPIF
  B:00C0H.5       SYMBOL        STA
  B:00C0H.4       SYMBOL        STO
  D:000AH         SYMBOL        SYMBOLCODE?1150
  B:00C8H.4       SYMBOL        T2CE
  B:00C8H.1       SYMBOL        T2CSS
  B:00C8H.3       SYMBOL        T2SPLIT
  B:00C8H.0       SYMBOL        T2XCLK
  B:0098H.3       SYMBOL        TB80
  D:0088H         SYMBOL        TCON
  D:0015H         SYMBOL        TEMP?042
  B:0088H.5       SYMBOL        TF0
  B:0088H.7       SYMBOL        TF1
  B:00C8H.7       SYMBOL        TF2H
  B:00C8H.6       SYMBOL        TF2L
  B:00C8H.5       SYMBOL        TF2LEN
  D:008CH         SYMBOL        TH0
  D:008DH         SYMBOL        TH1
  B:0098H.1       SYMBOL        TI0
  D:008AH         SYMBOL        TL0
  D:008BH         SYMBOL        TL1
  D:0089H         SYMBOL        TMOD
  D:00CCH         SYMBOL        TMR2
  D:00C8H         SYMBOL        TMR2CN
  D:00CDH         SYMBOL        TMR2H
  D:00CCH         SYMBOL        TMR2L
  D:00CAH         SYMBOL        TMR2RL
  D:00CBH         SYMBOL        TMR2RLH
  D:00CAH         SYMBOL        TMR2RLL
  D:0094H         SYMBOL        TMR3
  D:0091H         SYMBOL        TMR3CN
  D:0095H         SYMBOL        TMR3H
  D:0094H         SYMBOL        TMR3L
  D:0092H         SYMBOL        TMR3RL
  D:0093H         SYMBOL        TMR3RLH
BL51 BANKED LINKER/LOCATER V6.05            04/15/2013  13:16:08  PAGE 15


  D:0092H         SYMBOL        TMR3RLL
  B:0088H.4       SYMBOL        TR0
  B:0088H.6       SYMBOL        TR1
  B:00C8H.2       SYMBOL        TR2
  B:00F8H.1       SYMBOL        TXBMT
  B:00C0H.6       SYMBOL        TXMODE
  B:0022H.4       SYMBOL        UPDOWN?041
  D:0096H         SYMBOL        USB0ADR
  D:0097H         SYMBOL        USB0DAT
  D:00D7H         SYMBOL        USB0XCN
  D:00FFH         SYMBOL        VDM0CN
  B:00F8H.6       SYMBOL        WCOL
  D:00E1H         SYMBOL        XBR0
  D:00E2H         SYMBOL        XBR1
  D:00E3H         SYMBOL        XBR2
  C:008EH         LINE#         977
  C:0090H         LINE#         981
  C:0093H         LINE#         984
  C:0096H         LINE#         997
  C:0099H         LINE#         1001
  C:009BH         LINE#         1004
  C:009DH         LINE#         1009
  C:00A0H         LINE#         1017
  C:00A3H         LINE#         1020
  C:00A5H         LINE#         1024
  C:00A6H         LINE#         1025
  C:00A7H         LINE#         1027
  C:00A8H         LINE#         1028
  C:00ABH         LINE#         1032
  C:00ADH         LINE#         1036
  C:00B0H         LINE#         1041
  C:00B1H         LINE#         1042
  C:00B2H         LINE#         1044
  C:00B3H         LINE#         1045
  C:00B6H         LINE#         1050
  C:00B7H         LINE#         1051
  C:00B9H         LINE#         1054
  C:00BBH         LINE#         1058
  C:00BDH         LINE#         1061
  C:00BFH         LINE#         1065
  C:00C2H         LINE#         1068
  C:00C4H         LINE#         1071
  C:00C6H         LINE#         1075
  C:00C8H         LINE#         1076
  C:00CBH         LINE#         1079
  C:00CEH         LINE#         1084
  C:00D0H         LINE#         1085
  C:00D1H         LINE#         1086
  C:00D3H         LINE#         1087
  C:00D5H         LINE#         1088
  C:00D7H         LINE#         1089
  C:00D9H         LINE#         1096
  C:00DAH         LINE#         1097
  C:00DCH         LINE#         1100
  C:00DEH         LINE#         1101
  C:00DFH         LINE#         1102
  C:00E1H         LINE#         1103
  C:00E3H         LINE#         1104
  C:00E5H         LINE#         1105
  C:00E7H         LINE#         1112
  C:00E8H         LINE#         1113
  C:00EAH         LINE#         1116
  C:00ECH         LINE#         1117
  C:00EDH         LINE#         1118
  C:00EFH         LINE#         1119
BL51 BANKED LINKER/LOCATER V6.05            04/15/2013  13:16:08  PAGE 16


  C:00F1H         LINE#         1120
  C:00F3H         LINE#         1121
  C:00F5H         LINE#         1128
  C:00F6H         LINE#         1129
  C:00F8H         LINE#         1132
  C:00FAH         LINE#         1133
  C:00FBH         LINE#         1134
  C:00FDH         LINE#         1135
  C:00FFH         LINE#         1136
  C:0101H         LINE#         1146
  C:0104H         LINE#         1152
  C:0105H         LINE#         1153
  C:0107H         LINE#         1154
  C:0109H         LINE#         1155
  C:010BH         LINE#         1156
  C:010DH         LINE#         1159
  C:010FH         LINE#         1160
  C:0110H         LINE#         1161
  C:0113H         LINE#         1162
  C:0114H         LINE#         1163
  C:0116H         LINE#         1164
  C:0118H         LINE#         1165
  C:011AH         LINE#         1166
  C:011CH         LINE#         1169
  C:011EH         LINE#         1170
  C:0120H         LINE#         1171
  C:0122H         LINE#         1172
  C:0124H         LINE#         1173
  C:0127H         LINE#         1174
  C:0129H         LINE#         1175
  C:012BH         LINE#         1176
  C:012DH         LINE#         1177
  C:012FH         LINE#         1180
  C:0131H         LINE#         1181
  C:0133H         LINE#         1182
  C:0136H         LINE#         1183
  C:0138H         LINE#         1184
  C:0139H         LINE#         1185
  C:013BH         LINE#         1186
  C:013DH         LINE#         1187
  C:013FH         LINE#         1188
  C:0141H         LINE#         1189
  C:0143H         LINE#         1190
  C:0145H         LINE#         1191
  C:0147H         LINE#         1195
  C:0148H         LINE#         1196
  C:014AH         LINE#         1197
  C:014CH         LINE#         1198
  C:014EH         LINE#         1199
  C:0150H         LINE#         1202
  C:0152H         LINE#         1203
  C:0153H         LINE#         1204
  C:0156H         LINE#         1205
  C:0157H         LINE#         1206
  C:0159H         LINE#         1207
  C:015BH         LINE#         1208
  C:015DH         LINE#         1209
  C:015FH         LINE#         1212
  C:0161H         LINE#         1213
  C:0163H         LINE#         1214
  C:0165H         LINE#         1215
  C:0167H         LINE#         1216
  C:016AH         LINE#         1217
  C:016CH         LINE#         1218
  C:016EH         LINE#         1219
BL51 BANKED LINKER/LOCATER V6.05            04/15/2013  13:16:08  PAGE 17


  C:0170H         LINE#         1220
  C:0172H         LINE#         1223
  C:0174H         LINE#         1224
  C:0176H         LINE#         1225
  C:0179H         LINE#         1226
  C:017BH         LINE#         1227
  C:017CH         LINE#         1228
  C:017EH         LINE#         1229
  C:0180H         LINE#         1230
  C:0182H         LINE#         1231
  C:0184H         LINE#         1232
  C:0186H         LINE#         1233
  C:0188H         LINE#         1234
  C:018AH         LINE#         1238
  C:018CH         LINE#         1239
  C:018EH         LINE#         1240
  C:0191H         LINE#         1241
  C:0193H         LINE#         1245
  C:0195H         LINE#         1246
  C:0196H         LINE#         1247
  C:0198H         LINE#         1248
  C:019AH         LINE#         1249
  C:019DH         LINE#         1250
  C:019FH         LINE#         1251
  C:01A2H         LINE#         1252
  C:01A5H         LINE#         1262
  C:01A7H         LINE#         1266
  C:01A9H         LINE#         1267
  C:01AAH         LINE#         1268
  C:01ACH         LINE#         1269
  C:01AFH         LINE#         1270
  C:01B0H         LINE#         1271
  C:01B2H         LINE#         1272
  C:01B5H         LINE#         1282
  C:01B7H         LINE#         1283
  C:01B9H         LINE#         1284
  C:01BBH         LINE#         1285
  C:01BDH         LINE#         1286
  C:01BEH         LINE#         1287
  C:01C0H         LINE#         1288
  C:01C2H         LINE#         1291
  C:01C4H         LINE#         1292
  C:01C6H         LINE#         1293
  C:01C7H         LINE#         1294
  C:01C8H         LINE#         1295
  C:01CAH         LINE#         1296
  C:01CCH         LINE#         1297
  C:01CEH         LINE#         1298
  C:01D0H         LINE#         1299
  C:01D1H         LINE#         1300
  C:01D4H         LINE#         1301
  C:01D5H         LINE#         1302
  C:01D7H         LINE#         1307
  C:01D9H         LINE#         1308
  C:01DBH         LINE#         1309
  C:01DCH         LINE#         1310
  C:01DDH         LINE#         1311
  C:01DFH         LINE#         1312
  C:01E1H         LINE#         1313
  C:01E3H         LINE#         1314
  C:01E5H         LINE#         1315
  C:01E8H         LINE#         1316
  C:01EAH         LINE#         1317
  C:01ECH         LINE#         1318
  C:01EEH         LINE#         1319
BL51 BANKED LINKER/LOCATER V6.05            04/15/2013  13:16:08  PAGE 18


  C:01F0H         LINE#         1322
  C:01F2H         LINE#         1325
  C:01F3H         LINE#         1326
  C:01F5H         LINE#         1327
  C:01F7H         LINE#         1328
  C:01F8H         LINE#         1329
  C:01F9H         LINE#         1330
  C:01FBH         LINE#         1331
  C:01FDH         LINE#         1332
  C:01FFH         LINE#         1333
  C:0201H         LINE#         1334
  C:0204H         LINE#         1335
  C:0206H         LINE#         1336
  C:0208H         LINE#         1337
  C:020AH         LINE#         1338
  C:020BH         LINE#         1339
  C:020DH         LINE#         1340
  C:020EH         LINE#         1341
  C:0210H         LINE#         1342
  C:0212H         LINE#         1343
  C:0213H         LINE#         1344
  C:0215H         LINE#         1345
  C:0217H         LINE#         1346
  C:0218H         LINE#         1347
  C:021AH         LINE#         1348
  C:021CH         LINE#         1349
  C:021DH         LINE#         1350
  C:021FH         LINE#         1353
  C:0221H         LINE#         1357
  C:0223H         LINE#         1362
  C:0224H         LINE#         1363
  C:0226H         LINE#         1364
  C:0228H         LINE#         1365
  C:0229H         LINE#         1366
  C:022AH         LINE#         1367
  C:022CH         LINE#         1368
  C:022EH         LINE#         1369
  C:0230H         LINE#         1370
  C:0232H         LINE#         1371
  C:0233H         LINE#         1372
  C:0236H         LINE#         1373
  C:0237H         LINE#         1374
  C:0239H         LINE#         1379
  C:023BH         LINE#         1380
  C:023DH         LINE#         1381
  C:023EH         LINE#         1382
  C:023FH         LINE#         1383
  C:0241H         LINE#         1384
  C:0243H         LINE#         1385
  C:0245H         LINE#         1386
  C:0247H         LINE#         1387
  C:024AH         LINE#         1388
  C:024CH         LINE#         1389
  C:024EH         LINE#         1390
  C:0250H         LINE#         1391
  C:0252H         LINE#         1394
  C:0254H         LINE#         1397
  C:0255H         LINE#         1398
  C:0257H         LINE#         1399
  C:0259H         LINE#         1400
  C:025AH         LINE#         1401
  C:025BH         LINE#         1402
  C:025DH         LINE#         1403
  C:025FH         LINE#         1404
  C:0261H         LINE#         1405
BL51 BANKED LINKER/LOCATER V6.05            04/15/2013  13:16:08  PAGE 19


  C:0263H         LINE#         1406
  C:0266H         LINE#         1407
  C:0268H         LINE#         1408
  C:026AH         LINE#         1409
  C:026CH         LINE#         1410
  C:026DH         LINE#         1411
  C:026FH         LINE#         1412
  C:0270H         LINE#         1413
  C:0272H         LINE#         1414
  C:0274H         LINE#         1415
  C:0275H         LINE#         1416
  C:0277H         LINE#         1417
  C:0279H         LINE#         1418
  C:027AH         LINE#         1419
  C:027CH         LINE#         1420
  C:027EH         LINE#         1421
  C:027FH         LINE#         1422
  C:0281H         LINE#         1425
  C:0283H         LINE#         1427
  C:0285H         LINE#         1432
  C:0286H         LINE#         1433
  C:0288H         LINE#         1434
  C:0289H         LINE#         1435
  C:028AH         LINE#         1436
  C:028BH         LINE#         1437
  C:028DH         LINE#         1438
  C:028FH         LINE#         1439
  C:0291H         LINE#         1440
  C:0293H         LINE#         1441
  C:0294H         LINE#         1442
  C:0297H         LINE#         1443
  C:0298H         LINE#         1444
  C:029AH         LINE#         1449
  C:029CH         LINE#         1450
  C:029DH         LINE#         1451
  C:029EH         LINE#         1452
  C:029FH         LINE#         1453
  C:02A1H         LINE#         1454
  C:02A3H         LINE#         1455
  C:02A5H         LINE#         1456
  C:02A7H         LINE#         1457
  C:02AAH         LINE#         1458
  C:02ACH         LINE#         1459
  C:02AEH         LINE#         1460
  C:02B0H         LINE#         1461
  C:02B2H         LINE#         1464
  C:02B4H         LINE#         1467
  C:02B5H         LINE#         1468
  C:02B7H         LINE#         1469
  C:02B8H         LINE#         1470
  C:02B9H         LINE#         1471
  C:02BAH         LINE#         1472
  C:02BCH         LINE#         1473
  C:02BEH         LINE#         1474
  C:02C0H         LINE#         1475
  C:02C2H         LINE#         1476
  C:02C5H         LINE#         1477
  C:02C7H         LINE#         1478
  C:02C9H         LINE#         1479
  C:02CBH         LINE#         1480
  C:02CCH         LINE#         1481
  C:02CEH         LINE#         1482
  C:02CFH         LINE#         1483
  C:02D1H         LINE#         1484
  C:02D3H         LINE#         1485
BL51 BANKED LINKER/LOCATER V6.05            04/15/2013  13:16:08  PAGE 20


  C:02D4H         LINE#         1486
  C:02D6H         LINE#         1487
  C:02D8H         LINE#         1488
  C:02D9H         LINE#         1489
  C:02DBH         LINE#         1490
  C:02DDH         LINE#         1491
  C:02DEH         LINE#         1492
  C:02E0H         LINE#         1495
  C:02E2H         LINE#         1497
  C:02E4H         LINE#         1502
  C:02E5H         LINE#         1503
  C:02E7H         LINE#         1504
  C:02E8H         LINE#         1505
  C:02E9H         LINE#         1506
  C:02EAH         LINE#         1507
  C:02ECH         LINE#         1508
  C:02EEH         LINE#         1509
  C:02F0H         LINE#         1510
  C:02F2H         LINE#         1511
  C:02F3H         LINE#         1512
  C:02F6H         LINE#         1513
  C:02F7H         LINE#         1514
  C:02F9H         LINE#         1519
  C:02FBH         LINE#         1520
  C:02FCH         LINE#         1521
  C:02FDH         LINE#         1522
  C:02FEH         LINE#         1523
  C:0300H         LINE#         1524
  C:0302H         LINE#         1525
  C:0304H         LINE#         1526
  C:0306H         LINE#         1527
  C:0309H         LINE#         1528
  C:030BH         LINE#         1529
  C:030DH         LINE#         1530
  C:030FH         LINE#         1531
  C:0311H         LINE#         1534
  C:0313H         LINE#         1537
  C:0314H         LINE#         1538
  C:0316H         LINE#         1539
  C:0317H         LINE#         1540
  C:0318H         LINE#         1541
  C:0319H         LINE#         1542
  C:031BH         LINE#         1543
  C:031DH         LINE#         1544
  C:031FH         LINE#         1545
  C:0321H         LINE#         1546
  C:0324H         LINE#         1547
  C:0326H         LINE#         1548
  C:0328H         LINE#         1549
  C:032AH         LINE#         1550
  C:032BH         LINE#         1551
  C:032DH         LINE#         1552
  C:032EH         LINE#         1553
  C:0330H         LINE#         1554
  C:0332H         LINE#         1555
  C:0333H         LINE#         1556
  C:0335H         LINE#         1557
  C:0337H         LINE#         1558
  C:0338H         LINE#         1559
  C:033AH         LINE#         1560
  C:033CH         LINE#         1561
  C:033DH         LINE#         1562
  C:033FH         LINE#         1565
  C:0341H         LINE#         1567
  C:0343H         LINE#         1571
BL51 BANKED LINKER/LOCATER V6.05            04/15/2013  13:16:08  PAGE 21


  C:0346H         LINE#         1574
  C:0349H         LINE#         1582
  C:034AH         LINE#         1583
  C:034CH         LINE#         1584
  C:034DH         LINE#         1585
  C:034EH         LINE#         1586
  C:034FH         LINE#         1587
  C:0351H         LINE#         1588
  C:0353H         LINE#         1589
  C:0355H         LINE#         1590
  C:0357H         LINE#         1591
  C:035AH         LINE#         1592
  C:035CH         LINE#         1593
  C:035EH         LINE#         1594
  C:0360H         LINE#         1595
  C:0362H         LINE#         1596
  C:0365H         LINE#         1597
  C:0367H         LINE#         1598
  C:0369H         LINE#         1599
  C:036BH         LINE#         1600
  C:036DH         LINE#         1603
  C:036EH         LINE#         1604
  C:0370H         LINE#         1607
  C:0372H         LINE#         1608
  C:0374H         LINE#         1609
  C:0375H         LINE#         1610
  C:0376H         LINE#         1611
  C:0378H         LINE#         1612
  C:037AH         LINE#         1613
  C:037CH         LINE#         1614
  C:037EH         LINE#         1615
  C:037FH         LINE#         1616
  C:0382H         LINE#         1617
  C:0383H         LINE#         1618
  C:0385H         LINE#         1623
  C:0387H         LINE#         1624
  C:0389H         LINE#         1625
  C:038AH         LINE#         1626
  C:038BH         LINE#         1627
  C:038DH         LINE#         1628
  C:038FH         LINE#         1629
  C:0391H         LINE#         1630
  C:0393H         LINE#         1631
  C:0396H         LINE#         1632
  C:0398H         LINE#         1633
  C:039AH         LINE#         1634
  C:039CH         LINE#         1635
  C:039EH         LINE#         1638
  C:03A0H         LINE#         1641
  C:03A1H         LINE#         1642
  C:03A3H         LINE#         1643
  C:03A5H         LINE#         1644
  C:03A6H         LINE#         1645
  C:03A7H         LINE#         1646
  C:03A9H         LINE#         1647
  C:03ABH         LINE#         1648
  C:03ADH         LINE#         1649
  C:03AFH         LINE#         1650
  C:03B2H         LINE#         1651
  C:03B4H         LINE#         1652
  C:03B6H         LINE#         1653
  C:03B8H         LINE#         1654
  C:03B9H         LINE#         1655
  C:03BBH         LINE#         1656
  C:03BCH         LINE#         1657
BL51 BANKED LINKER/LOCATER V6.05            04/15/2013  13:16:08  PAGE 22


  C:03BEH         LINE#         1658
  C:03C0H         LINE#         1659
  C:03C1H         LINE#         1660
  C:03C3H         LINE#         1661
  C:03C5H         LINE#         1662
  C:03C6H         LINE#         1663
  C:03C8H         LINE#         1664
  C:03CAH         LINE#         1665
  C:03CBH         LINE#         1666
  C:03CDH         LINE#         1669
  C:03CFH         LINE#         1673
  C:03D1H         LINE#         1678
  C:03D2H         LINE#         1679
  C:03D4H         LINE#         1680
  C:03D6H         LINE#         1681
  C:03D7H         LINE#         1682
  C:03D8H         LINE#         1683
  C:03DAH         LINE#         1684
  C:03DCH         LINE#         1685
  C:03DEH         LINE#         1686
  C:03E0H         LINE#         1687
  C:03E1H         LINE#         1688
  C:03E4H         LINE#         1689
  C:03E5H         LINE#         1690
  C:03E7H         LINE#         1695
  C:03E9H         LINE#         1696
  C:03EBH         LINE#         1697
  C:03ECH         LINE#         1698
  C:03EDH         LINE#         1699
  C:03EFH         LINE#         1700
  C:03F1H         LINE#         1701
  C:03F3H         LINE#         1702
  C:03F5H         LINE#         1703
  C:03F8H         LINE#         1704
  C:03FAH         LINE#         1705
  C:03FCH         LINE#         1706
  C:03FEH         LINE#         1707
  C:0400H         LINE#         1710
  C:0402H         LINE#         1713
  C:0403H         LINE#         1714
  C:0405H         LINE#         1715
  C:0407H         LINE#         1716
  C:0408H         LINE#         1717
  C:0409H         LINE#         1718
  C:040BH         LINE#         1719
  C:040DH         LINE#         1720
  C:040FH         LINE#         1721
  C:0411H         LINE#         1722
  C:0414H         LINE#         1723
  C:0416H         LINE#         1724
  C:0418H         LINE#         1725
  C:041AH         LINE#         1726
  C:041BH         LINE#         1727
  C:041DH         LINE#         1728
  C:041EH         LINE#         1729
  C:0420H         LINE#         1730
  C:0422H         LINE#         1731
  C:0423H         LINE#         1732
  C:0425H         LINE#         1733
  C:0427H         LINE#         1734
  C:0428H         LINE#         1735
  C:042AH         LINE#         1736
  C:042CH         LINE#         1737
  C:042DH         LINE#         1738
  C:042FH         LINE#         1741
BL51 BANKED LINKER/LOCATER V6.05            04/15/2013  13:16:08  PAGE 23


  C:0431H         LINE#         1743
  C:0433H         LINE#         1748
  C:0434H         LINE#         1749
  C:0436H         LINE#         1750
  C:0437H         LINE#         1751
  C:0438H         LINE#         1752
  C:0439H         LINE#         1753
  C:043BH         LINE#         1754
  C:043DH         LINE#         1755
  C:043FH         LINE#         1756
  C:0441H         LINE#         1757
  C:0442H         LINE#         1758
  C:0445H         LINE#         1759
  C:0446H         LINE#         1760
  C:0448H         LINE#         1765
  C:044AH         LINE#         1766
  C:044BH         LINE#         1767
  C:044CH         LINE#         1768
  C:044DH         LINE#         1769
  C:044FH         LINE#         1770
  C:0451H         LINE#         1771
  C:0453H         LINE#         1772
  C:0455H         LINE#         1773
  C:0458H         LINE#         1774
  C:045AH         LINE#         1775
  C:045CH         LINE#         1776
  C:045EH         LINE#         1777
  C:0460H         LINE#         1780
  C:0462H         LINE#         1783
  C:0463H         LINE#         1784
  C:0465H         LINE#         1785
  C:0466H         LINE#         1786
  C:0467H         LINE#         1787
  C:0468H         LINE#         1788
  C:046AH         LINE#         1789
  C:046CH         LINE#         1790
  C:046EH         LINE#         1791
  C:0470H         LINE#         1792
  C:0473H         LINE#         1793
  C:0475H         LINE#         1794
  C:0477H         LINE#         1795
  C:0479H         LINE#         1796
  C:047AH         LINE#         1797
  C:047CH         LINE#         1798
  C:047DH         LINE#         1799
  C:047FH         LINE#         1800
  C:0481H         LINE#         1801
  C:0482H         LINE#         1802
  C:0484H         LINE#         1803
  C:0486H         LINE#         1804
  C:0487H         LINE#         1805
  C:0489H         LINE#         1806
  C:048BH         LINE#         1807
  C:048CH         LINE#         1808
  C:048EH         LINE#         1811
  C:0490H         LINE#         1813
  C:0492H         LINE#         1817
  C:0493H         LINE#         1818
  C:0495H         LINE#         1819
  C:0496H         LINE#         1820
  C:0497H         LINE#         1821
  C:0498H         LINE#         1822
  C:049AH         LINE#         1823
  C:049CH         LINE#         1824
  C:049EH         LINE#         1825
BL51 BANKED LINKER/LOCATER V6.05            04/15/2013  13:16:08  PAGE 24


  C:04A0H         LINE#         1826
  C:04A1H         LINE#         1827
  C:04A4H         LINE#         1828
  C:04A5H         LINE#         1829
  C:04A7H         LINE#         1834
  C:04A9H         LINE#         1835
  C:04AAH         LINE#         1836
  C:04ABH         LINE#         1837
  C:04ACH         LINE#         1838
  C:04AEH         LINE#         1839
  C:04B0H         LINE#         1840
  C:04B2H         LINE#         1841
  C:04B4H         LINE#         1842
  C:04B7H         LINE#         1843
  C:04B9H         LINE#         1844
  C:04BBH         LINE#         1845
  C:04BDH         LINE#         1846
  C:04BFH         LINE#         1849
  C:04C1H         LINE#         1852
  C:04C2H         LINE#         1853
  C:04C4H         LINE#         1854
  C:04C5H         LINE#         1855
  C:04C6H         LINE#         1856
  C:04C7H         LINE#         1857
  C:04C9H         LINE#         1858
  C:04CBH         LINE#         1859
  C:04CDH         LINE#         1860
  C:04CFH         LINE#         1861
  C:04D2H         LINE#         1862
  C:04D4H         LINE#         1863
  C:04D6H         LINE#         1864
  C:04D8H         LINE#         1865
  C:04D9H         LINE#         1866
  C:04DBH         LINE#         1867
  C:04DCH         LINE#         1868
  C:04DEH         LINE#         1869
  C:04E0H         LINE#         1870
  C:04E1H         LINE#         1871
  C:04E3H         LINE#         1872
  C:04E5H         LINE#         1873
  C:04E6H         LINE#         1874
  C:04E8H         LINE#         1875
  C:04EAH         LINE#         1876
  C:04EBH         LINE#         1877
  C:04EDH         LINE#         1880
  C:04EFH         LINE#         1882
  C:04F1H         LINE#         1886
  C:04F4H         LINE#         1896
  C:04F7H         LINE#         1897
  C:04F9H         LINE#         1898
  C:04FBH         LINE#         1900
  C:04FDH         LINE#         1902
  C:0500H         LINE#         1903
  C:0502H         LINE#         1904
  C:0504H         LINE#         1906
  C:0506H         LINE#         1908
  C:0507H         LINE#         1909
  C:0508H         LINE#         1910
  C:050AH         LINE#         1915
  C:050CH         LINE#         1916
  C:050EH         LINE#         1917
  C:0510H         LINE#         1918
  C:0512H         LINE#         1922
  C:0513H         LINE#         1923
  C:0515H         LINE#         1924
BL51 BANKED LINKER/LOCATER V6.05            04/15/2013  13:16:08  PAGE 25


  C:0517H         LINE#         1925
  C:0519H         LINE#         1926
  C:051BH         LINE#         1931
  C:051DH         LINE#         1934
  C:051EH         LINE#         1935
  C:0520H         LINE#         1936
  C:0522H         LINE#         1945
  C:0525H         LINE#         1950
  C:0528H         LINE#         1951
  C:052AH         LINE#         1952
  C:052CH         LINE#         1954
  C:052EH         LINE#         1956
  C:0531H         LINE#         1957
  C:0533H         LINE#         1958
  C:0535H         LINE#         1960
  C:0537H         LINE#         1962
  C:0538H         LINE#         1963
  C:0539H         LINE#         1964
  C:053BH         LINE#         1969
  C:053DH         LINE#         1970
  C:053FH         LINE#         1971
  C:0541H         LINE#         1972
  C:0542H         LINE#         1973
  C:0544H         LINE#         1974
  C:0546H         LINE#         1975
  C:0547H         LINE#         1976
  C:0549H         LINE#         1977
  C:054BH         LINE#         1978
  C:054CH         LINE#         1979
  C:054EH         LINE#         1980
  C:0550H         LINE#         1983
  C:0552H         LINE#         1988
  C:0554H         LINE#         1990
  C:0556H         LINE#         1991
  C:0558H         LINE#         1996
  C:055BH         LINE#         1997
  C:055CH         LINE#         1998
  C:055EH         LINE#         1999
  C:0560H         LINE#         2000
  C:0562H         LINE#         2001
  C:0564H         LINE#         2006
  C:0567H         LINE#         2011
  C:056AH         LINE#         2016
  C:056CH         LINE#         2017
  C:056EH         LINE#         2018
  C:0571H         LINE#         2019
  C:0573H         LINE#         2021
  C:0574H         LINE#         2022
  C:0576H         LINE#         2026
  C:0578H         LINE#         2027
  C:057BH         LINE#         2030
  C:057EH         LINE#         2033
  C:0580H         LINE#         2038
  C:0582H         LINE#         2040
  C:0584H         LINE#         2045
  C:0587H         LINE#         2046
  C:058AH         LINE#         2051
  C:058DH         LINE#         2056
  C:0590H         LINE#         2057
  C:0593H         LINE#         2058
  C:0596H         LINE#         2059
  C:0599H         LINE#         2062
  C:059BH         LINE#         2063
  C:059EH         LINE#         2066
  C:05A1H         LINE#         2069
BL51 BANKED LINKER/LOCATER V6.05            04/15/2013  13:16:08  PAGE 26


  C:05A4H         LINE#         2072
  C:05A6H         LINE#         2075
  C:05A9H         LINE#         2077
  C:05ABH         LINE#         2083
  C:147BH         LINE#         2097
  C:147DH         LINE#         2098
  C:147EH         LINE#         2099
  C:147FH         LINE#         2100
  C:1481H         LINE#         2101
  C:1483H         LINE#         2104
  C:1485H         LINE#         2105
  C:1487H         LINE#         2106
  C:1489H         LINE#         2107
  C:148BH         LINE#         2108
  C:148DH         LINE#         2109
  C:148FH         LINE#         2113
  C:1491H         LINE#         2114
  C:1493H         LINE#         2115
  C:1495H         LINE#         2116
  C:1497H         LINE#         2117
  C:1499H         LINE#         2118
  C:149BH         LINE#         2119
  C:149CH         LINE#         2120
  C:149EH         LINE#         2121
  C:14A0H         LINE#         2122
  C:14A2H         LINE#         2123
  C:14A4H         LINE#         2124
  C:14A6H         LINE#         2125
  C:14A7H         LINE#         2126
  C:14A9H         LINE#         2127
  C:14ABH         LINE#         2128
  C:14ADH         LINE#         2134
  C:14AFH         LINE#         2138
  C:14B1H         LINE#         2145
  C:14B3H         LINE#         2150
  C:14B5H         LINE#         2157
  C:14B7H         LINE#         2158
  C:14B9H         LINE#         2159
  C:14BBH         LINE#         2160
  C:14BCH         LINE#         2161
  C:14BEH         LINE#         2162
  C:14C0H         LINE#         2163
  C:14C1H         LINE#         2164
  C:14C3H         LINE#         2165
  C:14C5H         LINE#         2166
  C:14C6H         LINE#         2167
  C:14C8H         LINE#         2168
  C:14CAH         LINE#         2169
  C:14CCH         LINE#         2174
  C:14CEH         LINE#         2175
  C:14D0H         LINE#         2176
  C:14D2H         LINE#         2177
  C:14D4H         LINE#         2178
  C:14D6H         LINE#         2179
  C:14D8H         LINE#         2180
  C:14DAH         LINE#         2181
  C:14DCH         LINE#         2182
  C:14DEH         LINE#         2183
  C:14E0H         LINE#         2184
  C:14E2H         LINE#         2185
  C:14E4H         LINE#         2191
  C:14E7H         LINE#         2194
  C:108CH         LINE#         2210
  C:108EH         LINE#         2211
  C:1090H         LINE#         2212
BL51 BANKED LINKER/LOCATER V6.05            04/15/2013  13:16:08  PAGE 27


  C:1091H         LINE#         2213
  C:1092H         LINE#         2214
  C:1094H         LINE#         2216
  C:1095H         LINE#         2224
  C:1097H         LINE#         2225
  C:1099H         LINE#         2226
  C:109AH         LINE#         2227
  C:109CH         LINE#         2228
  C:109EH         LINE#         2229
  C:10A0H         LINE#         2230
  C:10A1H         LINE#         2231
  C:10A3H         LINE#         2232
  C:10A6H         LINE#         2242
  C:10A9H         LINE#         2243
  C:10ABH         LINE#         2244
  C:10ADH         LINE#         2245
  C:10AFH         LINE#         2246
  C:10B0H         LINE#         2247
  C:10B2H         LINE#         2248
  C:10B4H         LINE#         2249
  C:10B5H         LINE#         2250
  C:10B7H         LINE#         2251
  C:10B9H         LINE#         2252
  C:10BAH         LINE#         2253
  C:10BCH         LINE#         2254
  C:10BEH         LINE#         2258
  C:10BFH         LINE#         2259
  C:10C1H         LINE#         2262
  C:10C3H         LINE#         2273
  C:10C6H         LINE#         2274
  C:10C8H         LINE#         2275
  C:10CAH         LINE#         2276
  C:10CCH         LINE#         2277
  C:10CDH         LINE#         2278
  C:10CFH         LINE#         2279
  C:10D1H         LINE#         2280
  C:10D2H         LINE#         2281
  C:10D4H         LINE#         2282
  C:10D6H         LINE#         2283
  C:10D7H         LINE#         2284
  C:10D9H         LINE#         2285
  C:10DBH         LINE#         2289
  C:10DCH         LINE#         2290
  C:10DEH         LINE#         2291
  C:10E0H         LINE#         2295
  C:10E2H         LINE#         2305
  C:10E3H         LINE#         2306
  C:10E5H         LINE#         2307
  C:10E7H         LINE#         2308
  C:10E9H         LINE#         2309
  C:10EBH         LINE#         2310
  C:10ECH         LINE#         2311
  C:10EEH         LINE#         2312
  C:10F0H         LINE#         2313
  C:10F1H         LINE#         2314
  C:10F3H         LINE#         2315
  C:10F5H         LINE#         2316
  C:10F6H         LINE#         2317
  C:10F8H         LINE#         2318
  C:10FAH         LINE#         2322
  C:10FBH         LINE#         2323
  C:10FDH         LINE#         2324
  C:10FFH         LINE#         2328
  C:1101H         LINE#         2338
  C:1104H         LINE#         2339
BL51 BANKED LINKER/LOCATER V6.05            04/15/2013  13:16:08  PAGE 28


  C:1106H         LINE#         2340
  C:1108H         LINE#         2341
  C:110AH         LINE#         2342
  C:110BH         LINE#         2343
  C:110DH         LINE#         2344
  C:110FH         LINE#         2345
  C:1110H         LINE#         2346
  C:1112H         LINE#         2347
  C:1114H         LINE#         2348
  C:1115H         LINE#         2349
  C:1117H         LINE#         2350
  C:1119H         LINE#         2354
  C:111CH         LINE#         2356
  C:111EH         LINE#         2357
  C:1120H         LINE#         2358
  C:1122H         LINE#         2359
  C:1124H         LINE#         2360
  C:1126H         LINE#         2361
  C:1128H         LINE#         2362
  C:112AH         LINE#         2363
  C:112CH         LINE#         2364
  C:112EH         LINE#         2365
  C:1130H         LINE#         2366
  C:1132H         LINE#         2367
  C:1134H         LINE#         2378
  C:1136H         LINE#         2382
  C:11D4H         LINE#         2396
  C:11D7H         LINE#         2399
  C:11D9H         LINE#         2400
  C:11DBH         LINE#         2401
  C:11DEH         LINE#         2404
  C:11E0H         LINE#         2405
  C:11E2H         LINE#         2409
  C:11E4H         LINE#         2410
  C:11E5H         LINE#         2411
  C:11E6H         LINE#         2412
  C:11E8H         LINE#         2413
  C:11EAH         LINE#         2419
  C:11EDH         LINE#         2422
  C:11EFH         LINE#         2423
  C:11F0H         LINE#         2424
  C:11F2H         LINE#         2425
  C:11F4H         LINE#         2430
  C:11F6H         LINE#         2431
  C:11F9H         LINE#         2432
  C:11FBH         LINE#         2433
  C:11FDH         LINE#         2434
  C:11FEH         LINE#         2435
  C:11FFH         LINE#         2436
  C:1202H         LINE#         2438
  C:1204H         LINE#         2439
  C:1206H         LINE#         2440
  C:1208H         LINE#         2441
  C:120AH         LINE#         2442
  C:120CH         LINE#         2449
  C:120EH         LINE#         2450
  C:1210H         LINE#         2451
  C:1211H         LINE#         2452
  C:1213H         LINE#         2455
  C:1215H         LINE#         2460
  C:1216H         LINE#         2467
  C:1218H         LINE#         2468
  C:121BH         LINE#         2469
  C:121DH         LINE#         2470
  C:121FH         LINE#         2471
BL51 BANKED LINKER/LOCATER V6.05            04/15/2013  13:16:08  PAGE 29


  C:1221H         LINE#         2472
  C:1224H         LINE#         2479
  C:1226H         LINE#         2480
  C:1228H         LINE#         2481
  C:122AH         LINE#         2482
  C:122BH         LINE#         2483
  C:122DH         LINE#         2484
  C:122FH         LINE#         2485
  C:1230H         LINE#         2486
  C:1232H         LINE#         2487
  C:1234H         LINE#         2488
  C:1235H         LINE#         2489
  C:1237H         LINE#         2490
  C:1239H         LINE#         2493
  C:123BH         LINE#         2498
  C:123DH         LINE#         2499
  C:1240H         LINE#         2500
  C:1242H         LINE#         2501
  C:1244H         LINE#         2502
  C:1246H         LINE#         2503
  C:1249H         LINE#         2510
  C:124BH         LINE#         2511
  C:124DH         LINE#         2512
  C:124FH         LINE#         2513
  C:1251H         LINE#         2514
  C:1253H         LINE#         2515
  C:1255H         LINE#         2516
  C:1257H         LINE#         2517
  C:1259H         LINE#         2518
  C:125BH         LINE#         2519
  C:125DH         LINE#         2520
  C:125FH         LINE#         2521
  C:1261H         LINE#         2527
  C:1262H         LINE#         2528
  C:1264H         LINE#         2531
  C:1266H         LINE#         2534
  C:1268H         LINE#         2537
  C:126BH         LINE#         2540
  C:126DH         LINE#         2546
  C:138EH         LINE#         2560
  C:1390H         LINE#         2561
  C:1392H         LINE#         2564
  C:1394H         LINE#         2565
  C:1396H         LINE#         2569
  C:1398H         LINE#         2570
  C:139BH         LINE#         2571
  C:139CH         LINE#         2573
  C:139EH         LINE#         2574
  C:13A0H         LINE#         2575
  C:13A3H         LINE#         2576
  C:13A4H         LINE#         2578
  C:13A6H         LINE#         2585
  C:13A9H         LINE#         2590
  C:13ACH         LINE#         2595
  C:13AEH         LINE#         2596
  C:13B1H         LINE#         2597
  C:13B2H         LINE#         2599
  C:13B4H         LINE#         2604
  C:13B6H         LINE#         2605
  C:13B9H         LINE#         2606
  C:13BAH         LINE#         2608
  C:13BCH         LINE#         2613
  C:13BEH         LINE#         2614
  C:13C0H         LINE#         2615
  C:13C2H         LINE#         2616
BL51 BANKED LINKER/LOCATER V6.05            04/15/2013  13:16:08  PAGE 30


  C:13C4H         LINE#         2617
  C:13C6H         LINE#         2618
  C:13C8H         LINE#         2619
  C:13CAH         LINE#         2620
  C:13CCH         LINE#         2621
  C:13CEH         LINE#         2622
  C:13D0H         LINE#         2623
  C:13D2H         LINE#         2624
  C:13D4H         LINE#         2638
  C:13D7H         LINE#         2643
  C:13DAH         LINE#         2648
  C:13DCH         LINE#         2649
  C:13DFH         LINE#         2650
  C:13E0H         LINE#         2652
  C:13E2H         LINE#         2657
  C:13E4H         LINE#         2658
  C:13E7H         LINE#         2659
  C:13E8H         LINE#         2661
  C:13EAH         LINE#         2666
  C:13ECH         LINE#         2667
  C:13EEH         LINE#         2668
  C:13F0H         LINE#         2669
  C:13F1H         LINE#         2670
  C:13F3H         LINE#         2671
  C:13F5H         LINE#         2672
  C:13F6H         LINE#         2673
  C:13F8H         LINE#         2674
  C:13FAH         LINE#         2675
  C:13FBH         LINE#         2676
  C:13FDH         LINE#         2677
  C:13FFH         LINE#         2691
  C:1401H         LINE#         2692
  C:1403H         LINE#         2695
  C:1405H         LINE#         2696
  C:1407H         LINE#         2699
  C:1137H         LINE#         2714
  C:1139H         LINE#         2715
  C:113BH         LINE#         2716
  C:113CH         LINE#         2717
  C:113DH         LINE#         2718
  C:113FH         LINE#         2719
  C:1141H         LINE#         2723
  C:1143H         LINE#         2724
  C:1145H         LINE#         2725
  C:1148H         LINE#         2730
  C:114AH         LINE#         2731
  C:114CH         LINE#         2732
  C:114DH         LINE#         2733
  C:114FH         LINE#         2734
  C:1151H         LINE#         2735
  C:1153H         LINE#         2736
  C:1154H         LINE#         2737
  C:1156H         LINE#         2743
  C:1158H         LINE#         2744
  C:115BH         LINE#         2745
  C:115DH         LINE#         2749
  C:115FH         LINE#         2750
  C:1161H         LINE#         2751
  C:1163H         LINE#         2754
  C:1165H         LINE#         2758
  C:1167H         LINE#         2759
  C:116AH         LINE#         2760
  C:116CH         LINE#         2764
  C:116EH         LINE#         2765
  C:1170H         LINE#         2766
BL51 BANKED LINKER/LOCATER V6.05            04/15/2013  13:16:08  PAGE 31


  C:1172H         LINE#         2767
  C:1174H         LINE#         2770
  C:1176H         LINE#         2774
  C:1178H         LINE#         2775
  C:117AH         LINE#         2776
  C:117CH         LINE#         2780
  C:117EH         LINE#         2781
  C:1181H         LINE#         2782
  C:1183H         LINE#         2785
  C:1185H         LINE#         2789
  C:1187H         LINE#         2790
  C:118AH         LINE#         2791
  C:118CH         LINE#         2795
  C:118EH         LINE#         2796
  C:1191H         LINE#         2797
  C:1193H         LINE#         2808
  C:1195H         LINE#         2809
  C:1198H         LINE#         2814
  C:119AH         LINE#         2815
  C:119CH         LINE#         2816
  C:119EH         LINE#         2817
  C:119FH         LINE#         2818
  C:11A1H         LINE#         2819
  C:11A3H         LINE#         2820
  C:11A4H         LINE#         2821
  C:11A6H         LINE#         2822
  C:11A8H         LINE#         2823
  C:11A9H         LINE#         2824
[...]
  C:05E5H         LINE#         421
  C:05E5H         LINE#         422
  C:05F0H         LINE#         423
  C:05F5H         LINE#         424
  C:05F5H         LINE#         425
  C:05FEH         LINE#         426
  C:05FEH         LINE#         427
  C:0608H         LINE#         428
  C:0608H         LINE#         429
  C:060BH         LINE#         430
  C:060EH         LINE#         431
  C:0611H         LINE#         432
  C:0611H         LINE#         433
  C:0616H         LINE#         434
  C:0624H         LINE#         435
  C:062BH         LINE#         437
  C:0630H         LINE#         438
  C:0633H         LINE#         439
  C:0641H         LINE#         441
  C:0658H         LINE#         442
  C:066DH         LINE#         443
  C:06A5H         LINE#         444
  C:06A5H         LINE#         445
  C:06A5H         LINE#         446
  C:06A8H         LINE#         447
  C:06AAH         LINE#         448
  C:06AAH         LINE#         449
  C:06ADH         LINE#         450
  C:06AFH         LINE#         451
  C:06AFH         LINE#         452
BL51 BANKED LINKER/LOCATER V6.05            04/15/2013  13:16:08  PAGE 46


  C:06AFH         LINE#         453
  C:06B2H         LINE#         454
  C:06B4H         LINE#         455
  C:06B4H         LINE#         456
  C:06B7H         LINE#         457
  C:06B9H         LINE#         458
  C:06B9H         LINE#         459
  C:06BCH         LINE#         460
  C:06BEH         LINE#         461
  C:06BEH         LINE#         462
  C:06C1H         LINE#         463
  C:06C3H         LINE#         464
  C:06C3H         LINE#         465
  C:06C6H         LINE#         466
  C:06C8H         LINE#         467
  C:06C8H         LINE#         468
  C:06CBH         LINE#         469
  C:06CDH         LINE#         470
  C:06CDH         LINE#         471
  C:06D0H         LINE#         472
  C:06D2H         LINE#         473
  C:06D2H         LINE#         474
  C:06D5H         LINE#         475
  C:06D7H         LINE#         476
  C:06D7H         LINE#         477
  C:06DAH         LINE#         478
  C:06DAH         LINE#         479
  C:06DAH         LINE#         480
  C:06DAH         LINE#         481
  C:06DAH         LINE#         482
  C:06E5H         LINE#         483
  C:06E5H         LINE#         484
  C:06EBH         LINE#         486
  C:06FAH         LINE#         487
  C:06FAH         LINE#         488
  C:06FFH         LINE#         489
  C:0702H         LINE#         490
  C:0705H         LINE#         491
  C:0705H         LINE#         495
  C:071BH         LINE#         498
  C:0720H         LINE#         499
  C:0727H         LINE#         503
  C:0731H         LINE#         506
  C:073FH         LINE#         507
  C:074DH         LINE#         508
  C:074FH         LINE#         510
  C:074FH         LINE#         511
  C:0754H         LINE#         512
  C:0757H         LINE#         513
  C:0769H         LINE#         514
  C:0769H         LINE#         518
  C:077FH         LINE#         521
  C:0784H         LINE#         522
  C:0788H         LINE#         523
  C:078FH         LINE#         524
  C:0794H         LINE#         525
  C:0794H         LINE#         526
  C:07A8H         LINE#         527
  C:07A8H         LINE#         528
  C:07AFH         LINE#         529
  C:07B4H         LINE#         530
  C:07B4H         LINE#         531
  C:07C2H         LINE#         532
  C:07C2H         LINE#         533
  -------         ENDPROC       USBXCORE_HANDLE_SETUP
BL51 BANKED LINKER/LOCATER V6.05            04/15/2013  13:16:08  PAGE 47


  -------         PROC          USBXCORE_FORCE_STALL
  C:1A04H         LINE#         540
  C:1A04H         LINE#         545
  C:1A0FH         LINE#         546
  C:1A1AH         LINE#         547
  C:1A20H         LINE#         548
  -------         ENDPROC       USBXCORE_FORCE_STALL
  -------         PROC          USBXCORE_GET_STATUS
  C:1408H         LINE#         556
  C:1408H         LINE#         561
  C:1417H         LINE#         562
  C:1417H         LINE#         563
  C:1417H         LINE#         571
  C:1417H         LINE#         578
  C:1417H         LINE#         579
  C:1419H         LINE#         580
  C:1419H         LINE#         593
  C:1419H         LINE#         595
  C:1427H         LINE#         604
  C:1427H         LINE#         608
  C:1427H         LINE#         611
  C:1427H         LINE#         612
  C:1429H         LINE#         614
  C:1429H         LINE#         616
  C:1437H         LINE#         625
  C:1437H         LINE#         629
  C:1444H         LINE#         632
  C:1444H         LINE#         633
  C:1446H         LINE#         635
  C:1446H         LINE#         640
  C:1454H         LINE#         643
  C:145DH         LINE#         644
  C:145DH         LINE#         645
  C:145DH         LINE#         646
  C:145FH         LINE#         647
  C:145FH         LINE#         648
  C:1462H         LINE#         649
  C:1462H         LINE#         650
  C:1462H         LINE#         651
  C:146AH         LINE#         652
  C:146AH         LINE#         653
  C:146DH         LINE#         654
  C:1473H         LINE#         655
  C:147AH         LINE#         656
  C:147AH         LINE#         657
  -------         ENDPROC       USBXCORE_GET_STATUS
  -------         PROC          USBXCORE_CLEAR_FEATURE
  C:14E8H         LINE#         665
  C:14E8H         LINE#         670
  C:14EEH         LINE#         671
  C:14EEH         LINE#         675
  C:14F6H         LINE#         676
  C:14F6H         LINE#         677
  C:1501H         LINE#         687
  C:150CH         LINE#         688
  C:1511H         LINE#         689
  C:1513H         LINE#         692
  C:1513H         LINE#         694
  C:1517H         LINE#         695
  C:1517H         LINE#         696
  C:1522H         LINE#         706
  C:152DH         LINE#         707
  C:1532H         LINE#         708
  C:1534H         LINE#         710
  C:1534H         LINE#         711
BL51 BANKED LINKER/LOCATER V6.05            04/15/2013  13:16:08  PAGE 48


  C:1534H         LINE#         712
  C:1534H         LINE#         713
  C:1534H         LINE#         714
  C:1536H         LINE#         716
  C:1536H         LINE#         717
  C:1539H         LINE#         718
  C:1539H         LINE#         719
  C:1544H         LINE#         720
  -------         ENDPROC       USBXCORE_CLEAR_FEATURE
  -------         PROC          USBXCORE_VENDOR_USB_API
  C:0C0BH         LINE#         728
  C:0C0BH         LINE#         733
  C:0C17H         LINE#         734
  C:0C17H         LINE#         735
  C:0C1FH         LINE#         736
  C:0C1FH         LINE#         737
  C:0C22H         LINE#         738
  C:0C28H         LINE#         739
  C:0C2FH         LINE#         740
  C:0C2FH         LINE#         743
  C:0C35H         LINE#         748
  C:0C43H         LINE#         751
  C:0C4BH         LINE#         752
  C:0C4EH         LINE#         754
  C:0C4EH         LINE#         755
  C:0C58H         LINE#         756
  C:0C58H         LINE#         757
  C:0C5FH         LINE#         758
  C:0C5FH         LINE#         759
  C:0C62H         LINE#         760
  C:0C65H         LINE#         761
  C:0C67H         LINE#         763
  C:0C67H         LINE#         764
  C:0C6EH         LINE#         765
  C:0C6EH         LINE#         768
  C:0C79H         LINE#         775
  C:0C84H         LINE#         776
  C:0C8FH         LINE#         779
  C:0C8FH         LINE#         780
  C:0CA2H         LINE#         781
  C:0CA2H         LINE#         782
  C:0CA6H         LINE#         784
  C:0CB1H         LINE#         787
  C:0CB1H         LINE#         788
  C:0CC4H         LINE#         789
  C:0CC4H         LINE#         790
  C:0CC8H         LINE#         792
  C:0CD3H         LINE#         794
  C:0CD9H         LINE#         796
  C:0CE1H         LINE#         797
  C:0CE1H         LINE#         798
  C:0CE4H         LINE#         799
  C:0CE4H         LINE#         800
  C:0CE4H         LINE#         801
  C:0CEFH         LINE#         802
  C:0CEFH         LINE#         803
  C:0CF5H         LINE#         804
  C:0CFCH         LINE#         805
  C:0CFCH         LINE#         806
  C:0D00H         LINE#         807
  C:0D00H         LINE#         808
  C:0D06H         LINE#         809
  C:0D0DH         LINE#         810
  C:0D0DH         LINE#         811
  C:0D0DH         LINE#         812
BL51 BANKED LINKER/LOCATER V6.05            04/15/2013  13:16:08  PAGE 49


  C:0D18H         LINE#         813
  -------         ENDPROC       USBXCORE_VENDOR_USB_API
  -------         PROC          USBXCORE_SET_FEATURE
  C:1547H         LINE#         822
  C:1547H         LINE#         827
  C:154DH         LINE#         828
  C:154DH         LINE#         832
  C:1555H         LINE#         833
  C:1555H         LINE#         834
  C:1560H         LINE#         844
  C:156BH         LINE#         845
  C:156EH         LINE#         846
  C:1570H         LINE#         849
  C:1570H         LINE#         851
  C:1574H         LINE#         852
  C:1574H         LINE#         853
  C:157FH         LINE#         863
  C:158AH         LINE#         864
  C:1590H         LINE#         865
  C:1592H         LINE#         867
  C:1592H         LINE#         868
  C:1592H         LINE#         869
  C:1592H         LINE#         870
  C:1592H         LINE#         872
  C:1594H         LINE#         874
  C:1594H         LINE#         875
  C:1597H         LINE#         876
  C:1597H         LINE#         877
  C:15A2H         LINE#         878
  -------         ENDPROC       USBXCORE_SET_FEATURE
  -------         PROC          USBXCORE_SET_ADDRESS
  C:19A9H         LINE#         886
  C:19A9H         LINE#         891
  C:19B8H         LINE#         892
  C:19BEH         LINE#         893
  C:19BEH         LINE#         894
  C:19C1H         LINE#         895
  C:19C3H         LINE#         897
  C:19C3H         LINE#         898
  C:19C6H         LINE#         899
  C:19C6H         LINE#         900
  -------         ENDPROC       USBXCORE_SET_ADDRESS
  -------         PROC          USBXCORE_GET_DESCRIPTOR
  -------         DO            
  X:0012H         SYMBOL        temp
  -------         ENDDO         
  C:0FCCH         LINE#         910
  C:0FCCH         LINE#         915
  C:0FD1H         LINE#         916
  C:0FE0H         LINE#         917
  C:0FE0H         LINE#         918
  C:0FE0H         LINE#         922
  C:0FEEH         LINE#         925
  C:0FF2H         LINE#         926
  C:0FF4H         LINE#         927
  C:0FF4H         LINE#         931
  C:1002H         LINE#         934
  C:1015H         LINE#         935
  C:1017H         LINE#         936
  C:1017H         LINE#         948
  C:1021H         LINE#         949
  C:1021H         LINE#         950
  C:1021H         LINE#         951
  C:1023H         LINE#         953
  C:1023H         LINE#         954
BL51 BANKED LINKER/LOCATER V6.05            04/15/2013  13:16:08  PAGE 50


  C:1044H         LINE#         955
  C:1050H         LINE#         956
  C:1050H         LINE#         958
  C:1052H         LINE#         959
  C:1052H         LINE#         960
  C:1055H         LINE#         961
  C:1055H         LINE#         962
  C:1055H         LINE#         963
  C:106BH         LINE#         964
  C:106BH         LINE#         965
  C:1073H         LINE#         966
  C:1073H         LINE#         967
  C:107BH         LINE#         968
  C:107BH         LINE#         969
  C:107EH         LINE#         970
  C:1084H         LINE#         971
  C:108BH         LINE#         972
  C:108BH         LINE#         973
  -------         ENDPROC       USBXCORE_GET_DESCRIPTOR
  -------         PROC          USBXCORE_GET_CONFIGURATION
  C:16EDH         LINE#         981
  C:16EDH         LINE#         986
  C:16F5H         LINE#         987
  C:16F5H         LINE#         991
  C:1701H         LINE#         994
  C:1709H         LINE#         995
  C:1709H         LINE#         996
  C:170DH         LINE#         997
  C:170DH         LINE#         1001
  C:171BH         LINE#         1004
  C:1723H         LINE#         1005
  C:1723H         LINE#         1006
  C:1726H         LINE#         1007
  C:172CH         LINE#         1008
  C:1733H         LINE#         1009
  -------         ENDPROC       USBXCORE_GET_CONFIGURATION
  -------         PROC          USBXCORE_SET_CONFIGURATION
  C:15A5H         LINE#         1017
  C:15A5H         LINE#         1022
  C:15AEH         LINE#         1023
  C:15AEH         LINE#         1024
  C:15B5H         LINE#         1025
  C:15BBH         LINE#         1026
  C:15C0H         LINE#         1027
  C:15C2H         LINE#         1029
  C:15CDH         LINE#         1030
  C:15D8H         LINE#         1031
  C:15E3H         LINE#         1048
  C:15EEH         LINE#         1049
  C:15F0H         LINE#         1051
  C:15F0H         LINE#         1052
  C:15F6H         LINE#         1053
  C:15FAH         LINE#         1054
  C:15FCH         LINE#         1055
  C:15FCH         LINE#         1056
  -------         ENDPROC       USBXCORE_SET_CONFIGURATION
  -------         PROC          USBXCORE_GET_INTERFACE
  C:18D4H         LINE#         1065
  C:18D4H         LINE#         1073
  C:18E2H         LINE#         1076
  C:18EAH         LINE#         1077
  C:18EDH         LINE#         1078
  C:18F3H         LINE#         1079
  C:18FAH         LINE#         1080
  -------         ENDPROC       USBXCORE_GET_INTERFACE
BL51 BANKED LINKER/LOCATER V6.05            04/15/2013  13:16:08  PAGE 51


  -------         PROC          USBXCORE_SET_SOP
  C:0076H         LINE#         1089
  C:0076H         LINE#         1094
  C:007EH         LINE#         1095
  C:007EH         LINE#         1096
  C:0089H         LINE#         1097
  C:0089H         LINE#         1098
  -------         ENDPROC       USBXCORE_SET_SOP
  -------         PROC          USBXCORE_USB_ISR
  C:0985H         LINE#         1110
  C:09A2H         LINE#         1113
  C:09A8H         LINE#         1114
  C:09BBH         LINE#         1117
  C:09CEH         LINE#         1120
  C:09D2H         LINE#         1121
  C:09D2H         LINE#         1122
  C:09DDH         LINE#         1123
  C:09DDH         LINE#         1125
  C:09E4H         LINE#         1126
  C:09E4H         LINE#         1127
  C:09E7H         LINE#         1128
  C:09E7H         LINE#         1130
  C:09EEH         LINE#         1131
  C:09EEH         LINE#         1132
  C:09FBH         LINE#         1134
  C:09FBH         LINE#         1135
  C:0A02H         LINE#         1136
  C:0A02H         LINE#         1137
  C:0A02H         LINE#         1139
  C:0A02H         LINE#         1140
  C:0A02H         LINE#         1142
  C:0A02H         LINE#         1144
  C:0A15H         LINE#         1146
  C:0A19H         LINE#         1147
  C:0A19H         LINE#         1148
  C:0A1CH         LINE#         1149
  C:0A1CH         LINE#         1152
  C:0A23H         LINE#         1153
  C:0A23H         LINE#         1154
  C:0A2EH         LINE#         1164
  C:0A41H         LINE#         1165
  C:0A46H         LINE#         1166
  C:0A46H         LINE#         1167
  C:0A4DH         LINE#         1168
  C:0A4DH         LINE#         1170
  C:0A4DH         LINE#         1172
  C:0A60H         LINE#         1175
  C:0A64H         LINE#         1176
  C:0A64H         LINE#         1177
  C:0A6FH         LINE#         1187
  C:0A82H         LINE#         1188
  C:0A86H         LINE#         1189
  C:0A86H         LINE#         1190
  C:0A8DH         LINE#         1191
  C:0A8DH         LINE#         1192
  C:0A8DH         LINE#         1195
  C:0A9BH         LINE#         1196
  C:0AA0H         LINE#         1197
  C:0AA6H         LINE#         1198
  C:0AABH         LINE#         1201
  C:0AB8H         LINE#         1202
  C:0AB8H         LINE#         1203
  C:0ABBH         LINE#         1204
  C:0ABBH         LINE#         1205
  -------         ENDPROC       USBXCORE_USB_ISR
BL51 BANKED LINKER/LOCATER V6.05            04/15/2013  13:16:08  PAGE 52


  -------         ENDMOD        USB_API

  -------         MODULE        USB_CLOCK_START
  C:0000H         SYMBOL        _ICE_DUMMY_
  C:17B8H         PUBLIC        USB_Clock_Start
  D:00A9H         PUBLIC        CLKSEL
  D:00B2H         PUBLIC        OSCICN
  D:00B9H         PUBLIC        CLKMUL
  -------         PROC          USB_CLOCK_START
  -------         DO            
  D:000DH         SYMBOL        count
  D:000EH         SYMBOL        temp
  -------         ENDDO         
  C:17B8H         LINE#         72
  C:17B8H         LINE#         77
  C:17BBH         LINE#         82
  C:17C1H         LINE#         83
  C:17C1H         LINE#         85
  C:17C4H         LINE#         87
  C:17C7H         LINE#         89
  C:17CAH         LINE#         91
  C:17D3H         LINE#         93
  C:17D6H         LINE#         96
  C:17D9H         LINE#         97
  C:17DCH         LINE#         102
  C:17DFH         LINE#         104
  C:17E2H         LINE#         105
  C:17E7H         LINE#         108
  C:17ECH         LINE#         109
  C:17ECH         LINE#         110
  C:17EFH         LINE#         112
  C:17EFH         LINE#         113
  C:17EFH         LINE#         115
  C:17F2H         LINE#         117
  -------         ENDPROC       USB_CLOCK_START
  -------         ENDMOD        USB_CLOCK_START

  -------         MODULE        USB_CLOCK_RECOVERY
  C:0000H         SYMBOL        _ICE_DUMMY_
  C:1A8AH         PUBLIC        USBXcore_ClkRec
  D:0096H         PUBLIC        USB0ADR
  D:0097H         PUBLIC        USB0DAT
  -------         PROC          USBXCORE_CLKREC
  C:1A8AH         LINE#         58
  C:1A8AH         LINE#         64
  C:1A95H         LINE#         70
  -------         ENDPROC       USBXCORE_CLKREC
  -------         ENDMOD        USB_CLOCK_RECOVERY

  -------         MODULE        ?C?CLDPTR
  C:07C3H         PUBLIC        ?C?CLDPTR
  -------         ENDMOD        ?C?CLDPTR

  -------         MODULE        ?C?CLDOPTR
  C:07DCH         PUBLIC        ?C?CLDOPTR
  -------         ENDMOD        ?C?CLDOPTR

  -------         MODULE        ?C?CSTPTR
  C:0809H         PUBLIC        ?C?CSTPTR
  -------         ENDMOD        ?C?CSTPTR

  -------         MODULE        ?C?IILDX
  C:081BH         PUBLIC        ?C?IILDX
  -------         ENDMOD        ?C?IILDX

BL51 BANKED LINKER/LOCATER V6.05            04/15/2013  13:16:08  PAGE 53


  -------         MODULE        ?C?LMUL
  C:0831H         PUBLIC        ?C?LMUL
  -------         ENDMOD        ?C?LMUL

  -------         MODULE        ?C?ULDIV
  C:08BCH         PUBLIC        ?C?ULDIV
  -------         ENDMOD        ?C?ULDIV

  -------         MODULE        ?C?ULCMP
  C:094EH         PUBLIC        ?C?ULCMP
  -------         ENDMOD        ?C?ULCMP

  -------         MODULE        ?C?ULSHR
  C:095FH         PUBLIC        ?C?ULSHR
  -------         ENDMOD        ?C?ULSHR

  -------         MODULE        ?C?LSHL
  C:0972H         PUBLIC        ?C?LSHL
  -------         ENDMOD        ?C?LSHL

*** WARNING L16: UNCALLED SEGMENT, IGNORED FOR OVERLAY PROCESS
    SEGMENT: ?PR?ENCODERSCAN2?MAIN

*** WARNING L16: UNCALLED SEGMENT, IGNORED FOR OVERLAY PROCESS
    SEGMENT: ?PR?ENCODERSCAN1?MAIN

*** WARNING L16: UNCALLED SEGMENT, IGNORED FOR OVERLAY PROCESS
    SEGMENT: ?PR?ENCODERSCAN3?MAIN

*** WARNING L16: UNCALLED SEGMENT, IGNORED FOR OVERLAY PROCESS
    SEGMENT: ?PR?ENCODERSCAN4?MAIN

*** WARNING L16: UNCALLED SEGMENT, IGNORED FOR OVERLAY PROCESS
    SEGMENT: ?PR?ENCODERSCAN5?MAIN

*** WARNING L16: UNCALLED SEGMENT, IGNORED FOR OVERLAY PROCESS
    SEGMENT: ?CO?MAIN

*** WARNING L16: UNCALLED SEGMENT, IGNORED FOR OVERLAY PROCESS
    SEGMENT: ?PR?_USB_INIT?USB_API

Program Size: data=92.5 xdata=450 code=6821
LINK/LOCATE RUN COMPLETE.  7 WARNING(S),  0 ERROR(S)
