BL51 BANKED LINKER/LOCATER V6.22              02/12/2015  20:32:04  PAGE 1


BL51 BANKED LINKER/LOCATER V6.22, INVOKED BY:
E:\CD_WORK\KEIL\C51\BIN\BL51.EXE E:\CD_WORK\Keil\Projects\HatSamwill\device\f3
>> 42\main.obj, E:\CD_WORK\Keil\Projects\HatSamwill\device\f342\USBX_F34X.LIB 
>> TO E:\CD_WORK\Keil\Projects\HatSamwill\device\f342\HatSamwill RS (256) PL (
>> 68) PW (78)


MEMORY MODEL: SMALL


INPUT MODULES INCLUDED:
  E:\CD_WORK\Keil\Projects\HatSamwill\device\f342\main.obj (MAIN)
  E:\CD_WORK\Keil\Projects\HatSamwill\device\f342\USBX_F34X.LIB (USB_SUSPEND)
  E:\CD_WORK\Keil\Projects\HatSamwill\device\f342\USBX_F34X.LIB (GET_INTERRUPT
>> _SOURCE)
  E:\CD_WORK\Keil\Projects\HatSamwill\device\f342\USBX_F34X.LIB (BLOCK_READ)
  E:\CD_WORK\Keil\Projects\HatSamwill\device\f342\USBX_F34X.LIB (USB_API)
  E:\CD_WORK\Keil\Projects\HatSamwill\device\f342\USBX_F34X.LIB (USB_CLOCK_STA
>> RT)
  E:\CD_WORK\Keil\Projects\HatSamwill\device\f342\USBX_F34X.LIB (USB_CLOCK_REC
>> OVERY)
  E:\CD_WORK\Keil\Projects\HatSamwill\device\f342\USBX_F34X.LIB (USB_JUMP_ISR)
>> 
  E:\CD_WORK\KEIL\C51\LIB\C51S.LIB (?C_STARTUP)
  E:\CD_WORK\KEIL\C51\LIB\C51S.LIB (?C?CLDPTR)
  E:\CD_WORK\KEIL\C51\LIB\C51S.LIB (?C?CLDOPTR)
  E:\CD_WORK\KEIL\C51\LIB\C51S.LIB (?C?CSTPTR)
  E:\CD_WORK\KEIL\C51\LIB\C51S.LIB (?C?IILDX)
  E:\CD_WORK\KEIL\C51\LIB\C51S.LIB (?C?LMUL)
  E:\CD_WORK\KEIL\C51\LIB\C51S.LIB (?C?ULDIV)
  E:\CD_WORK\KEIL\C51\LIB\C51S.LIB (?C?ULCMP)
  E:\CD_WORK\KEIL\C51\LIB\C51S.LIB (?C?ULSHR)
  E:\CD_WORK\KEIL\C51\LIB\C51S.LIB (?C?LSHL)
  E:\CD_WORK\KEIL\C51\LIB\C51S.LIB (?C_INIT)


LINK MAP OF MODULE:  E:\CD_WORK\Keil\Projects\HatSamwill\device\f342\HatSamwil
>> l (MAIN)


            TYPE    BASE      LENGTH    RELOCATION   SEGMENT NAME
            -----------------------------------------------------

            * * * * * * *   D A T A   M E M O R Y   * * * * * * *
            REG     0000H     0008H     ABSOLUTE     "REG BANK 0"
            DATA    0008H     0014H     UNIT         _DATA_GROUP_
            DATA    001CH     0003H     UNIT         ?DT?_USB_INIT?USB_API
                    001FH     0001H                  *** GAP ***
            BIT     0020H.0   0002H.3   UNIT         ?BI?MAIN
            BIT     0022H.3   0000H.2   UNIT         _BIT_GROUP_
                    0022H.5   0000H.3                *** GAP ***
            DATA    0023H     003CH     UNIT         ?DT?MAIN
            IDATA   005FH     0001H     UNIT         ?STACK

            * * * * * * *  X D A T A   M E M O R Y  * * * * * * *
            XDATA   0000H     0011H     UNIT         ?XD?_USB_INIT?USB_API
            XDATA   0011H     0002H     UNIT         _XDATA_GROUP_
                    0013H     062DH                  *** GAP ***
            XDATA   0640H     0100H     ABSOLUTE     
            XDATA   0740H     0012H     ABSOLUTE     
            XDATA   0752H     0020H     ABSOLUTE     
            XDATA   0772H     000CH     ABSOLUTE     
            XDATA   077EH     0008H     ABSOLUTE     
            XDATA   0786H     0001H     ABSOLUTE     
            XDATA   0787H     0003H     ABSOLUTE     
            XDATA   078AH     0002H     ABSOLUTE     
BL51 BANKED LINKER/LOCATER V6.22            02/12/2015  20:32:04  PAGE 2


            XDATA   078CH     0002H     ABSOLUTE     
            XDATA   078EH     0003H     ABSOLUTE     
            XDATA   0791H     0001H     ABSOLUTE     
            XDATA   0792H     0001H     ABSOLUTE     
            XDATA   0793H     0001H     ABSOLUTE     
            XDATA   0794H     0002H     ABSOLUTE     
            XDATA   0796H     0002H     ABSOLUTE     
            XDATA   0798H     0001H     ABSOLUTE     
            XDATA   0799H     0001H     ABSOLUTE     
            XDATA   079AH     0001H     ABSOLUTE     
            XDATA   079BH     0001H     ABSOLUTE     
            XDATA   079CH     0001H     ABSOLUTE     
            XDATA   079DH     0001H     ABSOLUTE     
            XDATA   079EH     0001H     ABSOLUTE     
            XDATA   079FH     0010H     ABSOLUTE     
                    07AFH     0011H                  *** GAP ***
            XDATA   07C0H     0040H     ABSOLUTE     

            * * * * * * *   C O D E   M E M O R Y   * * * * * * *
            CODE    0000H     0003H     ABSOLUTE     
            CODE    0003H     0003H     ABSOLUTE     
            CODE    0006H     0005H     UNIT         ?PR?TIMER2_ISR?MAIN
            CODE    000BH     0003H     ABSOLUTE     
            CODE    000EH     0003H     UNIT         ?PR?SUSPEND_DEVICE?MAIN
                    0011H     0002H                  *** GAP ***
            CODE    0013H     0003H     ABSOLUTE     
            CODE    0016H     0015H     UNIT         ?PR?INITIALIZE?MAIN
            CODE    002BH     0003H     ABSOLUTE     
            CODE    002EH     000CH     UNIT         ?PR?TIMER3_ISR?MAIN
                    003AH     0001H                  *** GAP ***
            CODE    003BH     0003H     ABSOLUTE     
                    003EH     0005H                  *** GAP ***
            CODE    0043H     0003H     ABSOLUTE     
            CODE    0046H     002CH     UNIT         ?PR?_EEPROM_BYTEWRITE?MAI
>> N
                    0072H     0001H                  *** GAP ***
            CODE    0073H     0003H     ABSOLUTE     
            CODE    0076H     0014H     UNIT         ?PR?USBXCORE_SET_SOP?USB_
>> API
                    008AH     0001H                  *** GAP ***
            CODE    008BH     0003H     ABSOLUTE     
            CODE    008EH     0454H     UNIT         ?PR?MAIN?MAIN
            CODE    04E2H     0215H     UNIT         ?PR?USBXCORE_HANDLE_SETUP
>> ?USB_API
            CODE    06F7H     01C2H     UNIT         ?C?LIB_CODE
            CODE    08B9H     0151H     UNIT         ?PR?USBXCORE_USB_ISR?USB_
>> API
            CODE    0A0AH     0135H     UNIT         ?PR?_USB_INIT?USB_API
            CODE    0B3FH     0110H     UNIT         ?PR?USBXCORE_VENDOR_USB_A
>> PI?USB_API
            CODE    0C4FH     00F2H     UNIT         ?PR?SMBUS_ISR?MAIN
            CODE    0D41H     00DEH     UNIT         ?PR?_BLOCK_READ?BLOCK_REA
>> D
            CODE    0E1FH     00D5H     UNIT         ?PR?_OUTSYMBOL?MAIN
            CODE    0EF4H     00C0H     UNIT         ?PR?USBXCORE_GET_DESCRIPT
>> OR?USB_API
            CODE    0FB4H     0094H     UNIT         ?PR?TIMER0_ISR?MAIN
            CODE    1048H     008CH     UNIT         ?C_C51STARTUP
            CODE    10D4H     0073H     UNIT         ?PR?USBXCORE_GET_STATUS?U
>> SB_API
            CODE    1147H     0063H     UNIT         ?PR?_LCDOUTPUTLINE?MAIN
            CODE    11AAH     005FH     UNIT         ?PR?USBXCORE_CLEAR_FEATUR
>> E?USB_API
            CODE    1209H     005EH     UNIT         ?PR?USBXCORE_SET_FEATURE?
>> USB_API
BL51 BANKED LINKER/LOCATER V6.22            02/12/2015  20:32:04  PAGE 3


            CODE    1267H     005AH     UNIT         ?PR?USBXCORE_SET_CONFIGUR
>> ATION?USB_API
            CODE    12C1H     0055H     UNIT         ?PR?USB_API_TEST_ISR?MAIN
>> 
            CODE    1316H     004CH     UNIT         ?CO?MAIN
            CODE    1362H     0047H     UNIT         ?PR?USBXCORE_GET_CONFIGUR
>> ATION?USB_API
            CODE    13A9H     0043H     UNIT         ?PR?WRITEDISCRETTOEEPROM?
>> MAIN
            CODE    13ECH     0041H     UNIT         ?PR?USB_SUSPEND?USB_SUSPE
>> ND
            CODE    142DH     003BH     UNIT         ?PR?USB_CLOCK_START?USB_C
>> LOCK_START
            CODE    1468H     003AH     UNIT         ?CO?USB_API
            CODE    14A2H     0030H     UNIT         ?C_INITSEG
            CODE    14D2H     002BH     UNIT         ?PR?PORT_INIT?MAIN
            CODE    14FDH     0029H     UNIT         ?PR?_EEPROM_BYTEREAD?MAIN
>> 
            CODE    1526H     0027H     UNIT         ?PR?WRITECOUNTERTOEEPROM?
>> MAIN
            CODE    154DH     0027H     UNIT         ?PR?USBXCORE_USB_RESET?US
>> B_API
            CODE    1574H     0027H     UNIT         ?PR?USBXCORE_GET_INTERFAC
>> E?USB_API
            CODE    159BH     0025H     UNIT         ?PR?RESETCOUNTERTOOUTPUTB
>> UFFER?MAIN
            CODE    15C0H     0024H     UNIT         ?PR?OUTPUTBUFFERTORESETCO
>> UNTER?MAIN
            CODE    15E4H     0022H     UNIT         ?PR?DEL_100MS?MAIN
            CODE    1606H     0022H     UNIT         ?PR?USBXCORE_JUMP_ISR?USB
>> _JUMP_ISR
            CODE    1628H     0021H     UNIT         ?PR?INT1_ISR?MAIN
            CODE    1649H     0020H     UNIT         ?PR?USBXCORE_SET_ADDRESS?
>> USB_API
            CODE    1669H     001EH     UNIT         ?PR?INT0_ISR?MAIN
            CODE    1687H     001DH     UNIT         ?PR?USBXCORE_FORCE_STALL?
>> USB_API
            CODE    16A4H     001CH     UNIT         ?PR?DEL_500MKS?MAIN
            CODE    16C0H     001AH     UNIT         ?PR?EXT_INTERRUPT_INIT?MA
>> IN
            CODE    16DAH     0019H     UNIT         ?PR?LEDSSWITCHOFF?MAIN
            CODE    16F3H     0019H     UNIT         ?PR?TIMER3_INIT?MAIN
            CODE    170CH     0018H     UNIT         ?PR?_DEL?MAIN
            CODE    1724H     000FH     UNIT         ?PR?TIMER0_INIT?MAIN
            CODE    1733H     000FH     UNIT         ?PR?TIMER1_INIT?MAIN
            CODE    1742H     000CH     UNIT         ?PR?USBXCORE_CLKREC?USB_C
>> LOCK_RECOVERY
            CODE    174EH     000BH     UNIT         ?PR?GET_INTERRUPT_SOURCE?
>> GET_INTERRUPT_SOURCE
            CODE    1759H     0007H     UNIT         ?PR?OSCILLATOR_INIT?MAIN
            CODE    1760H     0007H     UNIT         ?PR?SMBUS_INIT?MAIN



OVERLAY MAP OF MODULE:   E:\CD_WORK\Keil\Projects\HatSamwill\device\f342\HatSa
>> mwill (MAIN)


SEGMENT                                             BIT_GROUP          DATA_GR
>> OUP          XDATA_GROUP
  +--> CALLED SEGMENT                            START    LENGTH     START    
>> LENGTH     START    LENGTH
------------------------------------------------------------------------------
>> --------------------------
?PR?SMBUS_ISR?MAIN                               0022H.3  0000H.1    -----    
BL51 BANKED LINKER/LOCATER V6.22            02/12/2015  20:32:04  PAGE 4


>> -----      -----    -----

*** NEW ROOT ***************************************************

?PR?TIMER0_ISR?MAIN                              -----    -----      0008H    
>> 0001H      -----    -----
  +--> ?PR?_OUTSYMBOL?MAIN
  +--> ?PR?_DEL?MAIN

?PR?_OUTSYMBOL?MAIN                              -----    -----      0009H    
>> 0002H      -----    -----
  +--> ?PR?LEDSSWITCHOFF?MAIN

*** NEW ROOT ***************************************************

?PR?USB_API_TEST_ISR?MAIN                        -----    -----      000BH    
>> 0001H      -----    -----
  +--> ?PR?GET_INTERRUPT_SOURCE?GET_INTERRUP...
  +--> ?PR?_BLOCK_READ?BLOCK_READ
  +--> ?PR?SUSPEND_DEVICE?MAIN

?PR?GET_INTERRUPT_SOURCE?GET_INTERRUP...         -----    -----      000CH    
>> 0001H      -----    -----

?PR?_BLOCK_READ?BLOCK_READ                       -----    -----      000CH    
>> 0008H      -----    -----

?PR?SUSPEND_DEVICE?MAIN                          -----    -----      -----    
>> -----      -----    -----
  +--> ?PR?USB_SUSPEND?USB_SUSPEND

?PR?USB_SUSPEND?USB_SUSPEND                      -----    -----      000CH    
>> 0001H      0011H    0001H
  +--> ?PR?USB_CLOCK_START?USB_CLOCK_START

?PR?USB_CLOCK_START?USB_CLOCK_START              -----    -----      000DH    
>> 0002H      -----    -----

*** NEW ROOT ***************************************************

?PR?USBXCORE_USB_ISR?USB_API                     -----    -----      -----    
>> -----      -----    -----
  +--> ?PR?USBXCORE_USB_RESET?USB_API
  +--> ?PR?USBXCORE_HANDLE_SETUP?USB_API
  +--> ?PR?USBXCORE_JUMP_ISR?USB_JUMP_ISR

?PR?USBXCORE_HANDLE_SETUP?USB_API                -----    -----      0014H    
>> 0001H      -----    -----
  +--> ?PR?USBXCORE_GET_STATUS?USB_API
  +--> ?PR?USBXCORE_CLEAR_FEATURE?USB_API
  +--> ?PR?USBXCORE_VENDOR_USB_API?USB_API
  +--> ?PR?USBXCORE_SET_FEATURE?USB_API
  +--> ?PR?USBXCORE_SET_ADDRESS?USB_API
  +--> ?PR?USBXCORE_GET_DESCRIPTOR?USB_API
  +--> ?PR?USBXCORE_GET_CONFIGURATION?USB_API
  +--> ?PR?USBXCORE_SET_CONFIGURATION?USB_API
  +--> ?PR?USBXCORE_GET_INTERFACE?USB_API
  +--> ?PR?USBXCORE_SET_SOP?USB_API
  +--> ?PR?USBXCORE_FORCE_STALL?USB_API

?PR?USBXCORE_GET_STATUS?USB_API                  -----    -----      -----    
>> -----      -----    -----
  +--> ?CO?USB_API
  +--> ?PR?USBXCORE_FORCE_STALL?USB_API
  +--> ?PR?USBXCORE_SET_SOP?USB_API
BL51 BANKED LINKER/LOCATER V6.22            02/12/2015  20:32:04  PAGE 5



?PR?USBXCORE_CLEAR_FEATURE?USB_API               -----    -----      -----    
>> -----      -----    -----
  +--> ?PR?USBXCORE_FORCE_STALL?USB_API
  +--> ?PR?USBXCORE_SET_SOP?USB_API

?PR?USBXCORE_VENDOR_USB_API?USB_API              -----    -----      -----    
>> -----      -----    -----
  +--> ?PR?USBXCORE_SET_SOP?USB_API

?PR?USBXCORE_SET_FEATURE?USB_API                 -----    -----      -----    
>> -----      -----    -----
  +--> ?PR?USBXCORE_FORCE_STALL?USB_API
  +--> ?PR?USBXCORE_SET_SOP?USB_API

?PR?USBXCORE_SET_ADDRESS?USB_API                 -----    -----      -----    
>> -----      -----    -----
  +--> ?PR?USBXCORE_SET_SOP?USB_API

?PR?USBXCORE_GET_DESCRIPTOR?USB_API              -----    -----      -----    
>> -----      0012H    0001H
  +--> ?PR?USBXCORE_FORCE_STALL?USB_API
  +--> ?PR?USBXCORE_SET_SOP?USB_API

?PR?USBXCORE_GET_CONFIGURATION?USB_API           -----    -----      -----    
>> -----      -----    -----
  +--> ?CO?USB_API
  +--> ?PR?USBXCORE_SET_SOP?USB_API

?PR?USBXCORE_SET_CONFIGURATION?USB_API           -----    -----      -----    
>> -----      -----    -----
  +--> ?PR?USBXCORE_SET_SOP?USB_API

?PR?USBXCORE_GET_INTERFACE?USB_API               -----    -----      -----    
>> -----      -----    -----
  +--> ?CO?USB_API
  +--> ?PR?USBXCORE_SET_SOP?USB_API

*** NEW ROOT ***************************************************

?C_C51STARTUP                                    -----    -----      -----    
>> -----      -----    -----
  +--> ?PR?MAIN?MAIN
  +--> ?C_INITSEG

?PR?MAIN?MAIN                                    0022H.4  0000H.1    0015H    
>> 0004H      -----    -----
  +--> ?PR?INITIALIZE?MAIN
  +--> ?PR?LEDSSWITCHOFF?MAIN
  +--> ?PR?_LCDOUTPUTLINE?MAIN
  +--> ?PR?RESETCOUNTERTOOUTPUTBUFFER?MAIN
  +--> ?PR?OUTPUTBUFFERTORESETCOUNTER?MAIN
  +--> ?PR?_EEPROM_BYTEREAD?MAIN
  +--> ?PR?_EEPROM_BYTEWRITE?MAIN
  +--> ?PR?WRITEDISCRETTOEEPROM?MAIN
  +--> ?PR?WRITECOUNTERTOEEPROM?MAIN

?PR?INITIALIZE?MAIN                              -----    -----      -----    
>> -----      -----    -----
  +--> ?PR?PORT_INIT?MAIN
  +--> ?PR?OSCILLATOR_INIT?MAIN
  +--> ?PR?TIMER0_INIT?MAIN
  +--> ?PR?TIMER1_INIT?MAIN
  +--> ?PR?TIMER3_INIT?MAIN
  +--> ?PR?SMBUS_INIT?MAIN
BL51 BANKED LINKER/LOCATER V6.22            02/12/2015  20:32:04  PAGE 6


  +--> ?PR?EXT_INTERRUPT_INIT?MAIN

?PR?_LCDOUTPUTLINE?MAIN                          -----    -----      0019H    
>> 0003H      -----    -----
  +--> ?PR?LEDSSWITCHOFF?MAIN
  +--> ?PR?DEL_500MKS?MAIN

?PR?RESETCOUNTERTOOUTPUTBUFFER?MAIN              -----    -----      -----    
>> -----      -----    -----
  +--> ?PR?_EEPROM_BYTEREAD?MAIN

?PR?_EEPROM_BYTEREAD?MAIN                        -----    -----      0019H    
>> 0001H      -----    -----

?PR?OUTPUTBUFFERTORESETCOUNTER?MAIN              -----    -----      -----    
>> -----      -----    -----
  +--> ?PR?_EEPROM_BYTEWRITE?MAIN

?PR?WRITEDISCRETTOEEPROM?MAIN                    -----    -----      -----    
>> -----      -----    -----
  +--> ?PR?_EEPROM_BYTEWRITE?MAIN
  +--> ?PR?LEDSSWITCHOFF?MAIN
  +--> ?PR?_LCDOUTPUTLINE?MAIN

?PR?WRITECOUNTERTOEEPROM?MAIN                    -----    -----      -----    
>> -----      -----    -----
  +--> ?PR?_EEPROM_BYTEWRITE?MAIN
  +--> ?PR?LEDSSWITCHOFF?MAIN
  +--> ?PR?_LCDOUTPUTLINE?MAIN



SYMBOL TABLE OF MODULE:  E:\CD_WORK\Keil\Projects\HatSamwill\device\f342\HatSa
>> mwill (MAIN)

  VALUE           TYPE          NAME
  ----------------------------------

  -------         MODULE        MAIN
  C:008EH         SEGMENT       ?PR?MAIN?MAIN
  D:0015H         SEGMENT       ?DT?MAIN?MAIN
  B:0022H.4       SEGMENT       ?BI?MAIN?MAIN
  C:1147H         SEGMENT       ?PR?_LCDOUTPUTLINE?MAIN
  D:0019H         SEGMENT       ?DT?_LCDOUTPUTLINE?MAIN
  C:1526H         SEGMENT       ?PR?WRITECOUNTERTOEEPROM?MAIN
  C:13A9H         SEGMENT       ?PR?WRITEDISCRETTOEEPROM?MAIN
  C:159BH         SEGMENT       ?PR?RESETCOUNTERTOOUTPUTBUFFER?MAIN
  C:15C0H         SEGMENT       ?PR?OUTPUTBUFFERTORESETCOUNTER?MAIN
  C:0E1FH         SEGMENT       ?PR?_OUTSYMBOL?MAIN
  D:0009H         SEGMENT       ?DT?_OUTSYMBOL?MAIN
  C:16DAH         SEGMENT       ?PR?LEDSSWITCHOFF?MAIN
  C:0016H         SEGMENT       ?PR?INITIALIZE?MAIN
  C:1759H         SEGMENT       ?PR?OSCILLATOR_INIT?MAIN
  C:1724H         SEGMENT       ?PR?TIMER0_INIT?MAIN
  C:1733H         SEGMENT       ?PR?TIMER1_INIT?MAIN
  C:16F3H         SEGMENT       ?PR?TIMER3_INIT?MAIN
  C:14D2H         SEGMENT       ?PR?PORT_INIT?MAIN
  C:1760H         SEGMENT       ?PR?SMBUS_INIT?MAIN
  C:16C0H         SEGMENT       ?PR?EXT_INTERRUPT_INIT?MAIN
  C:0046H         SEGMENT       ?PR?_EEPROM_BYTEWRITE?MAIN
  C:14FDH         SEGMENT       ?PR?_EEPROM_BYTEREAD?MAIN
  D:0019H         SEGMENT       ?DT?_EEPROM_BYTEREAD?MAIN
  C:000EH         SEGMENT       ?PR?SUSPEND_DEVICE?MAIN
  C:1669H         SEGMENT       ?PR?INT0_ISR?MAIN
  C:1628H         SEGMENT       ?PR?INT1_ISR?MAIN
BL51 BANKED LINKER/LOCATER V6.22            02/12/2015  20:32:04  PAGE 7


  C:0C4FH         SEGMENT       ?PR?SMBUS_ISR?MAIN
  D:0023H         SEGMENT       ?DT?MAIN
  B:0020H.0       SEGMENT       ?BI?MAIN
  B:0022H.3       SEGMENT       ?BI?SMBUS_ISR?MAIN
  C:0FB4H         SEGMENT       ?PR?TIMER0_ISR?MAIN
  D:0008H         SEGMENT       ?DT?TIMER0_ISR?MAIN
  C:0006H         SEGMENT       ?PR?TIMER2_ISR?MAIN
  C:002EH         SEGMENT       ?PR?TIMER3_ISR?MAIN
  C:12C1H         SEGMENT       ?PR?USB_API_TEST_ISR?MAIN
  D:000BH         SEGMENT       ?DT?USB_API_TEST_ISR?MAIN
  C:16A4H         SEGMENT       ?PR?DEL_500MKS?MAIN
  C:15E4H         SEGMENT       ?PR?DEL_100MS?MAIN
  C:170CH         SEGMENT       ?PR?_DEL?MAIN
  C:14A2H         SEGMENT       ?C_INITSEG
  C:1316H         SEGMENT       ?CO?MAIN
  D:0045H         PUBLIC        COUNTER
  C:15E4H         PUBLIC        DEL_100MS
  C:16A4H         PUBLIC        DEL_500MKS
  C:1352H         PUBLIC        DEVICE_NAME_STR
  C:1358H         PUBLIC        DEVICE_SN_STR
  D:0041H         PUBLIC        DISCRET
  D:0028H         PUBLIC        ENCDATA
  D:0049H         PUBLIC        ENCN
  D:0038H         PUBLIC        ENCOLD
  D:002AH         PUBLIC        ENCSTATE
  D:0036H         PUBLIC        ENCTEMP
  C:16C0H         PUBLIC        EXT_INTERRUPT_INIT
  D:005AH         PUBLIC        FLAG
  B:0021H.1       PUBLIC        FLAG1
  B:0020H.3       PUBLIC        FLAGPOINT
  D:0026H         PUBLIC        HIGH?
  C:0016H         PUBLIC        INITIALIZE
  C:1669H         PUBLIC        INT0_ISR
  C:1628H         PUBLIC        INT1_ISR
  D:004AH         PUBLIC        IN_PACKET
  B:0021H.5       PUBLIC        KEYFLAG1
  B:0021H.6       PUBLIC        KEYFLAG2
  B:0021H.7       PUBLIC        KEYFLAG3
  B:0022H.0       PUBLIC        KEYFLAG4
  D:002BH         PUBLIC        LCDMODE
  C:135CH         PUBLIC        LCD_STRING
  C:16DAH         PUBLIC        LEDSSWITCHOFF
  B:0021H.2       PUBLIC        LONGKEYFLAG
  D:002EH         PUBLIC        LONGKEYFLAGCOUNTER
  D:0037H         PUBLIC        LOW?
  C:008EH         PUBLIC        MAIN
  B:0020H.5       PUBLIC        NOW_A
  B:0020H.6       PUBLIC        NOW_B
  D:0030H         PUBLIC        OLDSTATE
  C:1759H         PUBLIC        OSCILLATOR_INIT
  D:0054H         PUBLIC        OUTPUTBUFFER
  C:15C0H         PUBLIC        OUTPUTBUFFERTORESETCOUNTER
  C:14D2H         PUBLIC        PORT_INIT
  B:0020H.2       PUBLIC        PRE_A
  B:0020H.4       PUBLIC        PRE_B
  D:003EH         PUBLIC        PSMB_DATA_IN
  D:0032H         PUBLIC        PSMB_DATA_OUT
  C:159BH         PUBLIC        RESETCOUNTERTOOUTPUTBUFFER
  B:0022H.2       PUBLIC        ROTATE
  C:1760H         PUBLIC        SMBUS_INIT
  C:0C4FH         PUBLIC        SMBUS_ISR
  B:0021H.3       PUBLIC        SMB_ACKPOLL
  B:0020H.1       PUBLIC        SMB_BUSY
  D:002DH         PUBLIC        SMB_DATA_LEN
  B:0021H.0       PUBLIC        SMB_RANDOMREAD
BL51 BANKED LINKER/LOCATER V6.22            02/12/2015  20:32:04  PAGE 8


  B:0022H.1       PUBLIC        SMB_RW
  B:0021H.4       PUBLIC        SMB_SENDWORDADDR_HIGH
  B:0020H.7       PUBLIC        SMB_SENDWORDADDR_LOW
  D:0029H         PUBLIC        SMB_SINGLEBYTE_OUT
  D:002CH         PUBLIC        STEP
  C:000EH         PUBLIC        SUSPEND_DEVICE
  D:005BH         PUBLIC        TEMPCOUNTER
  C:1724H         PUBLIC        TIMER0_INIT
  C:0FB4H         PUBLIC        TIMER0_ISR
  C:1733H         PUBLIC        TIMER1_INIT
  C:0006H         PUBLIC        TIMER2_ISR
  C:16F3H         PUBLIC        TIMER3_INIT
  C:002EH         PUBLIC        TIMER3_ISR
  C:12C1H         PUBLIC        USB_API_TEST_ISR
  C:1350H         PUBLIC        USB_BCDDEVICE
  C:134EH         PUBLIC        USB_MAXPOWER
  C:131AH         PUBLIC        USB_MFRSTR
  C:1318H         PUBLIC        USB_PID
  C:132EH         PUBLIC        USB_PRODUCTSTR
  C:134FH         PUBLIC        USB_PWATTRIBUTES
  C:1344H         PUBLIC        USB_SERIALSTR
  C:1316H         PUBLIC        USB_VID
  D:003CH         PUBLIC        WORD_ADDR_HIGH
  D:0027H         PUBLIC        WORD_ADDR_LOW
  C:1526H         PUBLIC        WRITECOUNTERTOEEPROM
  C:13A9H         PUBLIC        WRITEDISCRETTOEEPROM
  C:170CH         PUBLIC        _DEL
  C:14FDH         PUBLIC        _EEPROM_BYTEREAD
  C:004CH         PUBLIC        _EEPROM_BYTEWRITE
  C:1147H         PUBLIC        _LCDOUTPUTLINE
  C:0E1FH         PUBLIC        _OUTSYMBOL
  C:009DH         SYMBOL        ?C0001
  C:00BBH         SYMBOL        ?C0002
  C:00A7H         SYMBOL        ?C0003
  C:00ABH         SYMBOL        ?C0004
  C:00ADH         SYMBOL        ?C0006
  C:00B0H         SYMBOL        ?C0007
  C:00B2H         SYMBOL        ?C0008
  C:00B6H         SYMBOL        ?C0009
  C:00D9H         SYMBOL        ?C0011
  C:0101H         SYMBOL        ?C0012
  C:00E7H         SYMBOL        ?C0013
  C:00F5H         SYMBOL        ?C0015
  C:01AAH         SYMBOL        ?C0019
  C:0428H         SYMBOL        ?C0021
  C:01BAH         SYMBOL        ?C0022
  C:0226H         SYMBOL        ?C0023
  C:0228H         SYMBOL        ?C0024
  C:0285H         SYMBOL        ?C0025
  C:0287H         SYMBOL        ?C0026
  C:02E5H         SYMBOL        ?C0027
  C:02E7H         SYMBOL        ?C0028
  C:02EAH         SYMBOL        ?C0029
  C:0365H         SYMBOL        ?C0030
  C:0367H         SYMBOL        ?C0031
  C:03C4H         SYMBOL        ?C0032
  C:03C6H         SYMBOL        ?C0033
  C:0423H         SYMBOL        ?C0034
  C:0425H         SYMBOL        ?C0035
  C:0456H         SYMBOL        ?C0036
  C:042FH         SYMBOL        ?C0037
  C:0431H         SYMBOL        ?C0038
  C:0438H         SYMBOL        ?C0039
  C:043AH         SYMBOL        ?C0040
  C:0488H         SYMBOL        ?C0042
BL51 BANKED LINKER/LOCATER V6.22            02/12/2015  20:32:04  PAGE 9


  C:0460H         SYMBOL        ?C0044
  C:0462H         SYMBOL        ?C0045
  C:0469H         SYMBOL        ?C0046
  C:046BH         SYMBOL        ?C0047
  C:048CH         SYMBOL        ?C0048
  C:0498H         SYMBOL        ?C0049
  C:04B6H         SYMBOL        ?C0050
  C:04A7H         SYMBOL        ?C0052
  C:04AAH         SYMBOL        ?C0053
  C:04B8H         SYMBOL        ?C0054
  C:04DDH         SYMBOL        ?C0056
  C:1156H         SYMBOL        ?C0059
  C:11A4H         SYMBOL        ?C0060
  C:119BH         SYMBOL        ?C0061
  C:1159H         SYMBOL        ?C0062
  C:117EH         SYMBOL        ?C0063
  C:118DH         SYMBOL        ?C0066
  C:1191H         SYMBOL        ?C0067
  C:1195H         SYMBOL        ?C0068
  C:1199H         SYMBOL        ?C0069
  C:13C5H         SYMBOL        ?C0072
  C:0ED3H         SYMBOL        ?C0076
  C:0E67H         SYMBOL        ?C0077
  C:0E6BH         SYMBOL        ?C0078
  C:0E79H         SYMBOL        ?C0079
  C:0E7BH         SYMBOL        ?C0080
  C:0E87H         SYMBOL        ?C0081
  C:0E93H         SYMBOL        ?C0082
  C:0E99H         SYMBOL        ?C0083
  C:0EA5H         SYMBOL        ?C0084
  C:0EB3H         SYMBOL        ?C0085
  C:0EBBH         SYMBOL        ?C0086
  C:0EC7H         SYMBOL        ?C0087
  C:0ED8H         SYMBOL        ?C0088
  C:0EE8H         SYMBOL        ?C0090
  C:0EEBH         SYMBOL        ?C0091
  C:0EEEH         SYMBOL        ?C0092
  C:0EF1H         SYMBOL        ?C0093
  C:0EF3H         SYMBOL        ?C0094
  C:0050H         SYMBOL        ?C0104
  C:0053H         SYMBOL        ?C0105
  C:1501H         SYMBOL        ?C0107
  C:1504H         SYMBOL        ?C0108
  C:1520H         SYMBOL        ?C0109
  C:1523H         SYMBOL        ?C0110
  C:1525H         SYMBOL        ?C0111
  C:0D1DH         SYMBOL        ?C0115
  C:0C78H         SYMBOL        ?C0116
  C:0C8CH         SYMBOL        ?C0117
  C:0CE0H         SYMBOL        ?C0118
  C:0C99H         SYMBOL        ?C0119
  C:0CA3H         SYMBOL        ?C0120
  C:0CB4H         SYMBOL        ?C0121
  C:0CDAH         SYMBOL        ?C0124
  C:0CE7H         SYMBOL        ?C0128
  C:0CEBH         SYMBOL        ?C0130
  C:0D0EH         SYMBOL        ?C0131
  C:0D1BH         SYMBOL        ?C0133
  C:0D30H         SYMBOL        ?C0134
  C:0FE6H         SYMBOL        ?C0137
  C:1027H         SYMBOL        ?C0138
  C:1004H         SYMBOL        ?C0140
  C:1006H         SYMBOL        ?C0141
  C:100CH         SYMBOL        ?C0142
  C:102DH         SYMBOL        ?C0143
BL51 BANKED LINKER/LOCATER V6.22            02/12/2015  20:32:04  PAGE 10


  C:12F3H         SYMBOL        ?C0146
  C:12FBH         SYMBOL        ?C0149
  C:12FBH         SYMBOL        ?C0151
  C:170FH         SYMBOL        ?C0154
  C:1723H         SYMBOL        ?C0157
  C:0446H         SYMBOL        ?C0158
  C:0E2DH         SYMBOL        ?C0159
  C:0E40H         SYMBOL        ?C0160
  C:0FDEH         SYMBOL        ?C0161
  C:1721H         SYMBOL        ?C0162
  C:0425H         SYMBOL        ?C0163
  C:0EB5H         SYMBOL        ?C0164
  C:0EC5H         SYMBOL        ?C0165
  C:0ECFH         SYMBOL        ?C0166
  B:0022H.4       SYMBOL        ?MAIN?BIT
  D:0015H         SYMBOL        ?MAIN?BYTE
  B:0022H.3       SYMBOL        ?SMBUS_ISR?BIT
  D:0008H         SYMBOL        ?TIMER0_ISR?BYTE
  D:000BH         SYMBOL        ?USB_API_TEST_ISR?BYTE
  D:0019H         SYMBOL        ?_EEPROM_BYTEREAD?BYTE
  D:0019H         SYMBOL        ?_LCDOUTPUTLINE?BYTE
  D:0009H         SYMBOL        ?_OUTSYMBOL?BYTE
  B:00D0H.6       SYMBOL        AC
  D:00E0H         SYMBOL        ACC
  B:00C0H.1       SYMBOL        ACK
  B:00C0H.3       SYMBOL        ACKRQ
  B:00E8H.4       SYMBOL        AD0BUSY
  B:00E8H.0       SYMBOL        AD0CM0
  B:00E8H.1       SYMBOL        AD0CM1
  B:00E8H.2       SYMBOL        AD0CM2
  B:00E8H.7       SYMBOL        AD0EN
  B:00E8H.5       SYMBOL        AD0INT
  B:00E8H.6       SYMBOL        AD0TM
  B:00E8H.3       SYMBOL        AD0WINT
  D:00BDH         SYMBOL        ADC0
  D:00BCH         SYMBOL        ADC0CF
  D:00E8H         SYMBOL        ADC0CN
  D:00C3H         SYMBOL        ADC0GT
  D:00C4H         SYMBOL        ADC0GTH
  D:00C3H         SYMBOL        ADC0GTL
  D:00BEH         SYMBOL        ADC0H
  D:00BDH         SYMBOL        ADC0L
  D:00C5H         SYMBOL        ADC0LT
  D:00C6H         SYMBOL        ADC0LTH
  D:00C5H         SYMBOL        ADC0LTL
  D:00BAH         SYMBOL        AMX0N
  D:00BBH         SYMBOL        AMX0P
  B:00C0H.2       SYMBOL        ARBLOST
  D:00F0H         SYMBOL        B
  B:00D8H.0       SYMBOL        CCF0
  B:00D8H.1       SYMBOL        CCF1
  B:00D8H.2       SYMBOL        CCF2
  B:00D8H.3       SYMBOL        CCF3
  B:00D8H.4       SYMBOL        CCF4
  B:00D8H.7       SYMBOL        CF
  D:008EH         SYMBOL        CKCON
  D:00B9H         SYMBOL        CLKMUL
  D:00A9H         SYMBOL        CLKSEL
  D:009BH         SYMBOL        CPT0CN
  D:009DH         SYMBOL        CPT0MD
  D:009FH         SYMBOL        CPT0MX
  D:009AH         SYMBOL        CPT1CN
  D:009CH         SYMBOL        CPT1MD
  D:009EH         SYMBOL        CPT1MX
  B:00D8H.6       SYMBOL        CR
BL51 BANKED LINKER/LOCATER V6.22            02/12/2015  20:32:04  PAGE 11


  B:00D0H.7       SYMBOL        CY
  D:0019H         SYMBOL        DELAY?143
  D:0082H         SYMBOL        DP
  D:0083H         SYMBOL        DPH
  D:0082H         SYMBOL        DPL
  B:00A8H.7       SYMBOL        EA
  B:0080H.1       SYMBOL        EEPROM_SCL
  B:0080H.0       SYMBOL        EEPROM_SDA
  D:00E6H         SYMBOL        EIE1
  D:00E7H         SYMBOL        EIE2
  D:00F6H         SYMBOL        EIP1
  D:00F7H         SYMBOL        EIP2
  D:0085H         SYMBOL        EMI0CF
  D:00AAH         SYMBOL        EMI0CN
  D:0084H         SYMBOL        EMI0TC
  D:0031H         SYMBOL        ENCMINUS
  D:003DH         SYMBOL        ENCPLUS
  B:00A8H.4       SYMBOL        ES0
  B:00A8H.6       SYMBOL        ESPI0
  B:00A8H.1       SYMBOL        ET0
  B:00A8H.3       SYMBOL        ET1
  B:00A8H.5       SYMBOL        ET2
  B:00A8H.0       SYMBOL        EX0
  B:00A8H.2       SYMBOL        EX1
  B:0080H.4       SYMBOL        EXT_INT0
  B:0080H.5       SYMBOL        EXT_INT1
  B:00D0H.5       SYMBOL        F0
  B:00D0H.1       SYMBOL        F1
  B:0022H.3       SYMBOL        FAIL?2154
  D:00B7H         SYMBOL        FLKEY
  D:00B6H         SYMBOL        FLSCL
  D:001AH         SYMBOL        I?144
  D:0025H         SYMBOL        I?2155
  D:0008H         SYMBOL        I?2257
  D:00A8H         SYMBOL        IE
  B:0088H.1       SYMBOL        IE0
  B:0088H.3       SYMBOL        IE1
  D:000BH         SYMBOL        INTVAL?2559
  D:00B8H         SYMBOL        IP
  B:0088H.0       SYMBOL        IT0
  D:00E4H         SYMBOL        IT01CF
  B:0088H.2       SYMBOL        IT1
  B:00A0H.4       SYMBOL        KEY_INCREMENT
  B:00A0H.3       SYMBOL        KEY_MODE
  B:00A0H.2       SYMBOL        KEY_RESET
  B:00A0H.1       SYMBOL        KEY_STORE
  C:0046H         SYMBOL        L?0167
  B:00A0H.0       SYMBOL        LED1
  B:0080H.5       SYMBOL        LED2
  B:0080H.7       SYMBOL        LED3
  B:0080H.6       SYMBOL        LED4
  D:0009H         SYMBOL        LEDNUMBER?648
  D:0023H         SYMBOL        LOW_COUNTER?2258
  B:00C0H.7       SYMBOL        MASTER
  B:0098H.5       SYMBOL        MCE0
  B:00F8H.5       SYMBOL        MODF
  D:0035H         SYMBOL        NEW
  B:00F8H.2       SYMBOL        NSSMD0
  B:00F8H.3       SYMBOL        NSSMD1
  D:00B3H         SYMBOL        OSCICL
  D:00B2H         SYMBOL        OSCICN
  D:0086H         SYMBOL        OSCLCN
  D:00B1H         SYMBOL        OSCXCN
  B:00D0H.2       SYMBOL        OV
  B:00D0H.0       SYMBOL        P
BL51 BANKED LINKER/LOCATER V6.22            02/12/2015  20:32:04  PAGE 12


  D:0080H         SYMBOL        P0
  D:00F1H         SYMBOL        P0MDIN
  D:00A4H         SYMBOL        P0MDOUT
  D:00D4H         SYMBOL        P0SKIP
  D:0090H         SYMBOL        P1
  D:00F2H         SYMBOL        P1MDIN
  D:00A5H         SYMBOL        P1MDOUT
  D:00D5H         SYMBOL        P1SKIP
  D:00A0H         SYMBOL        P2
  D:00F3H         SYMBOL        P2MDIN
  D:00A6H         SYMBOL        P2MDOUT
  D:00D6H         SYMBOL        P2SKIP
  D:00B0H         SYMBOL        P3
  D:00F4H         SYMBOL        P3MDIN
  D:00A7H         SYMBOL        P3MDOUT
  D:00DFH         SYMBOL        P3SKIP
  D:00C7H         SYMBOL        P4
  D:00F5H         SYMBOL        P4MDIN
  D:00AEH         SYMBOL        P4MDOUT
  D:00F9H         SYMBOL        PCA0
  D:00D8H         SYMBOL        PCA0CN
  D:00FBH         SYMBOL        PCA0CP0
  D:00E9H         SYMBOL        PCA0CP1
  D:00EBH         SYMBOL        PCA0CP2
  D:00EDH         SYMBOL        PCA0CP3
  D:00FDH         SYMBOL        PCA0CP4
  D:00FCH         SYMBOL        PCA0CPH0
  D:00EAH         SYMBOL        PCA0CPH1
  D:00ECH         SYMBOL        PCA0CPH2
  D:00EEH         SYMBOL        PCA0CPH3
  D:00FEH         SYMBOL        PCA0CPH4
  D:00FBH         SYMBOL        PCA0CPL0
  D:00E9H         SYMBOL        PCA0CPL1
  D:00EBH         SYMBOL        PCA0CPL2
  D:00EDH         SYMBOL        PCA0CPL3
  D:00FDH         SYMBOL        PCA0CPL4
  D:00DAH         SYMBOL        PCA0CPM0
  D:00DBH         SYMBOL        PCA0CPM1
  D:00DCH         SYMBOL        PCA0CPM2
  D:00DDH         SYMBOL        PCA0CPM3
  D:00DEH         SYMBOL        PCA0CPM4
  D:00FAH         SYMBOL        PCA0H
  D:00F9H         SYMBOL        PCA0L
  D:00D9H         SYMBOL        PCA0MD
  D:0087H         SYMBOL        PCON
  D:00AFH         SYMBOL        PFE0CN
  B:00B8H.4       SYMBOL        PS0
  D:008FH         SYMBOL        PSCTL
  B:00B8H.6       SYMBOL        PSPI0
  D:00D0H         SYMBOL        PSW
  B:00B8H.1       SYMBOL        PT0
  B:00B8H.3       SYMBOL        PT1
  B:00B8H.5       SYMBOL        PT2
  B:00B8H.0       SYMBOL        PX0
  B:00B8H.2       SYMBOL        PX1
  B:0098H.2       SYMBOL        RB80
  D:00D1H         SYMBOL        REF0CN
  D:00C9H         SYMBOL        REG0CN
  B:0098H.4       SYMBOL        REN0
  D:0019H         SYMBOL        RETVAL?1753
  B:0098H.0       SYMBOL        RI0
  B:00D0H.3       SYMBOL        RS0
  B:00D0H.4       SYMBOL        RS1
  D:00EFH         SYMBOL        RSTSRC
  B:00F8H.4       SYMBOL        RXOVRN
BL51 BANKED LINKER/LOCATER V6.22            02/12/2015  20:32:04  PAGE 13


  B:0098H.7       SYMBOL        S0MODE
  D:00ACH         SYMBOL        SBCON1
  D:00B4H         SYMBOL        SBRL1
  D:00B5H         SYMBOL        SBRLH1
  D:00B4H         SYMBOL        SBRLL1
  D:0099H         SYMBOL        SBUF0
  D:00D3H         SYMBOL        SBUF1
  D:0098H         SYMBOL        SCON0
  D:00D2H         SYMBOL        SCON1
  B:0090H.6       SYMBOL        SEGMENT_A
  B:0090H.5       SYMBOL        SEGMENT_B
  B:0090H.1       SYMBOL        SEGMENT_C
  B:0090H.3       SYMBOL        SEGMENT_D
  B:0090H.4       SYMBOL        SEGMENT_E
  B:0090H.7       SYMBOL        SEGMENT_F
  B:0090H.2       SYMBOL        SEGMENT_G
  B:0090H.0       SYMBOL        SEGMENT_POINT
  B:0020H.0       SYMBOL        SEND_START?2156
  B:00C0H.0       SYMBOL        SI
  D:00C1H         SYMBOL        SMB0CF
  D:00C0H         SYMBOL        SMB0CN
  D:00C2H         SYMBOL        SMB0DAT
  D:00E5H         SYMBOL        SMOD1
  D:0081H         SYMBOL        SP
  D:00A1H         SYMBOL        SPI0CFG
  D:00A2H         SYMBOL        SPI0CKR
  D:00F8H         SYMBOL        SPI0CN
  D:00A3H         SYMBOL        SPI0DAT
  B:00F8H.0       SYMBOL        SPIEN
  B:00F8H.7       SYMBOL        SPIF
  B:00C0H.5       SYMBOL        STA
  B:00C0H.4       SYMBOL        STO
  D:000AH         SYMBOL        SYMBOLCODE?649
  B:00C8H.4       SYMBOL        T2CE
  B:00C8H.1       SYMBOL        T2CSS
  B:00C8H.3       SYMBOL        T2SPLIT
  B:00C8H.0       SYMBOL        T2XCLK
  B:0098H.3       SYMBOL        TB80
  D:0088H         SYMBOL        TCON
  D:0015H         SYMBOL        TEMP?042
  B:0088H.5       SYMBOL        TF0
  B:0088H.7       SYMBOL        TF1
  B:00C8H.7       SYMBOL        TF2H
  B:00C8H.6       SYMBOL        TF2L
  B:00C8H.5       SYMBOL        TF2LEN
  D:008CH         SYMBOL        TH0
  D:008DH         SYMBOL        TH1
  B:0098H.1       SYMBOL        TI0
  D:008AH         SYMBOL        TL0
  D:008BH         SYMBOL        TL1
  D:0089H         SYMBOL        TMOD
  D:00CCH         SYMBOL        TMR2
  D:00C8H         SYMBOL        TMR2CN
  D:00CDH         SYMBOL        TMR2H
  D:00CCH         SYMBOL        TMR2L
  D:00CAH         SYMBOL        TMR2RL
  D:00CBH         SYMBOL        TMR2RLH
  D:00CAH         SYMBOL        TMR2RLL
  D:0094H         SYMBOL        TMR3
  D:0091H         SYMBOL        TMR3CN
  D:0095H         SYMBOL        TMR3H
  D:0094H         SYMBOL        TMR3L
  D:0092H         SYMBOL        TMR3RL
  D:0093H         SYMBOL        TMR3RLH
  D:0092H         SYMBOL        TMR3RLL
BL51 BANKED LINKER/LOCATER V6.22            02/12/2015  20:32:04  PAGE 14


  B:0088H.4       SYMBOL        TR0
  B:0088H.6       SYMBOL        TR1
  B:00C8H.2       SYMBOL        TR2
  B:00F8H.1       SYMBOL        TXBMT
  B:00C0H.6       SYMBOL        TXMODE
  B:0022H.4       SYMBOL        UPDOWN?041
  D:0096H         SYMBOL        USB0ADR
  D:0097H         SYMBOL        USB0DAT
  D:00D7H         SYMBOL        USB0XCN
  D:00FFH         SYMBOL        VDM0CN
  B:00F8H.6       SYMBOL        WCOL
  D:00E1H         SYMBOL        XBR0
  D:00E2H         SYMBOL        XBR1
  D:00E3H         SYMBOL        XBR2
  D:001BH         SYMBOL        Y?145
  C:008EH         LINE#         940
  C:0090H         LINE#         944
  C:0093H         LINE#         947
  C:0096H         LINE#         960
  C:0099H         LINE#         964
  C:009BH         LINE#         967
  C:009DH         LINE#         973
  C:00A0H         LINE#         981
  C:00A3H         LINE#         984
  C:00A5H         LINE#         988
  C:00A6H         LINE#         989
  C:00A7H         LINE#         991
  C:00A8H         LINE#         992
  C:00ABH         LINE#         996
  C:00ADH         LINE#         1000
  C:00B0H         LINE#         1005
  C:00B1H         LINE#         1006
  C:00B2H         LINE#         1008
  C:00B3H         LINE#         1009
  C:00B6H         LINE#         1014
  C:00B7H         LINE#         1015
  C:00B9H         LINE#         1018
  C:00BBH         LINE#         1022
  C:00BDH         LINE#         1025
  C:00BFH         LINE#         1029
  C:00C2H         LINE#         1032
  C:00C4H         LINE#         1035
  C:00C6H         LINE#         1039
  C:00C8H         LINE#         1040
  C:00CBH         LINE#         1044
  C:00CEH         LINE#         1049
  C:00D0H         LINE#         1050
  C:00D1H         LINE#         1051
  C:00D3H         LINE#         1052
  C:00D5H         LINE#         1053
  C:00D7H         LINE#         1054
  C:00D9H         LINE#         1061
  C:00DAH         LINE#         1062
  C:00DCH         LINE#         1065
  C:00DEH         LINE#         1066
  C:00DFH         LINE#         1067
  C:00E1H         LINE#         1068
  C:00E3H         LINE#         1069
  C:00E5H         LINE#         1070
  C:00E7H         LINE#         1077
  C:00E8H         LINE#         1078
  C:00EAH         LINE#         1081
  C:00ECH         LINE#         1082
  C:00EDH         LINE#         1083
  C:00EFH         LINE#         1084
BL51 BANKED LINKER/LOCATER V6.22            02/12/2015  20:32:04  PAGE 15


  C:00F1H         LINE#         1085
  C:00F3H         LINE#         1086
  C:00F5H         LINE#         1093
  C:00F6H         LINE#         1094
  C:00F8H         LINE#         1097
  C:00FAH         LINE#         1098
  C:00FBH         LINE#         1099
  C:00FDH         LINE#         1100
  C:00FFH         LINE#         1101
  C:0101H         LINE#         1111
  C:0104H         LINE#         1115
  C:0106H         LINE#         1116
  C:0109H         LINE#         1121
  C:010AH         LINE#         1122
  C:010CH         LINE#         1123
  C:010EH         LINE#         1124
  C:0110H         LINE#         1125
  C:0112H         LINE#         1128
  C:0114H         LINE#         1129
  C:0115H         LINE#         1130
  C:0118H         LINE#         1131
  C:0119H         LINE#         1132
  C:011BH         LINE#         1133
  C:011DH         LINE#         1134
  C:011FH         LINE#         1135
  C:0121H         LINE#         1138
  C:0123H         LINE#         1139
  C:0125H         LINE#         1140
  C:0127H         LINE#         1141
  C:0129H         LINE#         1142
  C:012CH         LINE#         1143
  C:012EH         LINE#         1144
  C:0130H         LINE#         1145
  C:0132H         LINE#         1146
  C:0134H         LINE#         1149
  C:0136H         LINE#         1150
  C:0138H         LINE#         1151
  C:013BH         LINE#         1152
  C:013DH         LINE#         1153
  C:013EH         LINE#         1154
  C:0140H         LINE#         1155
  C:0142H         LINE#         1156
  C:0144H         LINE#         1157
  C:0146H         LINE#         1158
  C:0148H         LINE#         1159
  C:014AH         LINE#         1160
  C:014CH         LINE#         1164
  C:014DH         LINE#         1165
  C:014FH         LINE#         1166
  C:0151H         LINE#         1167
  C:0153H         LINE#         1168
  C:0155H         LINE#         1171
  C:0157H         LINE#         1172
  C:0158H         LINE#         1173
  C:015BH         LINE#         1174
  C:015CH         LINE#         1175
  C:015EH         LINE#         1176
  C:0160H         LINE#         1177
  C:0162H         LINE#         1178
  C:0164H         LINE#         1181
  C:0166H         LINE#         1182
  C:0168H         LINE#         1183
  C:016AH         LINE#         1184
  C:016CH         LINE#         1185
  C:016FH         LINE#         1186
BL51 BANKED LINKER/LOCATER V6.22            02/12/2015  20:32:04  PAGE 16


  C:0171H         LINE#         1187
  C:0173H         LINE#         1188
  C:0175H         LINE#         1189
  C:0177H         LINE#         1192
  C:0179H         LINE#         1193
  C:017BH         LINE#         1194
  C:017EH         LINE#         1195
  C:0180H         LINE#         1196
  C:0181H         LINE#         1197
  C:0183H         LINE#         1198
  C:0185H         LINE#         1199
  C:0187H         LINE#         1200
  C:0189H         LINE#         1201
  C:018BH         LINE#         1202
  C:018DH         LINE#         1203
  C:018FH         LINE#         1207
  C:0191H         LINE#         1208
  C:0193H         LINE#         1209
  C:0196H         LINE#         1210
  C:0198H         LINE#         1214
  C:019AH         LINE#         1215
  C:019BH         LINE#         1216
  C:019DH         LINE#         1217
  C:019FH         LINE#         1218
  C:01A0H         LINE#         1219
  C:01A2H         LINE#         1220
  C:01A4H         LINE#         1221
  C:01A7H         LINE#         1222
  C:01AAH         LINE#         1232
  C:01ACH         LINE#         1236
  C:01AEH         LINE#         1237
  C:01AFH         LINE#         1238
  C:01B1H         LINE#         1239
  C:01B4H         LINE#         1240
  C:01B5H         LINE#         1241
  C:01B7H         LINE#         1242
  C:01BAH         LINE#         1252
  C:01BCH         LINE#         1253
  C:01BEH         LINE#         1254
  C:01C0H         LINE#         1255
  C:01C2H         LINE#         1256
  C:01C3H         LINE#         1257
  C:01C5H         LINE#         1258
  C:01C7H         LINE#         1261
  C:01C9H         LINE#         1262
  C:01CBH         LINE#         1263
  C:01CCH         LINE#         1264
  C:01CDH         LINE#         1265
  C:01CFH         LINE#         1266
  C:01D1H         LINE#         1267
  C:01D3H         LINE#         1268
  C:01D5H         LINE#         1269
  C:01D6H         LINE#         1270
  C:01D9H         LINE#         1271
  C:01DAH         LINE#         1272
  C:01DCH         LINE#         1277
  C:01DEH         LINE#         1278
  C:01E0H         LINE#         1279
  C:01E1H         LINE#         1280
  C:01E2H         LINE#         1281
  C:01E4H         LINE#         1282
  C:01E6H         LINE#         1283
  C:01E8H         LINE#         1284
  C:01EAH         LINE#         1285
  C:01EDH         LINE#         1286
BL51 BANKED LINKER/LOCATER V6.22            02/12/2015  20:32:04  PAGE 17


  C:01EFH         LINE#         1287
  C:01F1H         LINE#         1288
  C:01F3H         LINE#         1289
  C:01F5H         LINE#         1292
  C:01F7H         LINE#         1295
  C:01F8H         LINE#         1296
  C:01FAH         LINE#         1297
  C:01FCH         LINE#         1298
  C:01FDH         LINE#         1299
  C:01FEH         LINE#         1300
  C:0200H         LINE#         1301
  C:0202H         LINE#         1302
  C:0204H         LINE#         1303
  C:0206H         LINE#         1304
  C:0209H         LINE#         1305
  C:020BH         LINE#         1306
  C:020DH         LINE#         1307
  C:020FH         LINE#         1308
  C:0210H         LINE#         1309
  C:0212H         LINE#         1310
  C:0213H         LINE#         1311
  C:0215H         LINE#         1312
  C:0217H         LINE#         1313
  C:0218H         LINE#         1314
  C:021AH         LINE#         1315
  C:021CH         LINE#         1316
  C:021DH         LINE#         1317
  C:021FH         LINE#         1318
  C:0221H         LINE#         1319
  C:0222H         LINE#         1320
  C:0224H         LINE#         1323
  C:0226H         LINE#         1325
  C:0228H         LINE#         1330
  C:0229H         LINE#         1331
  C:022BH         LINE#         1332
  C:022CH         LINE#         1333
  C:022DH         LINE#         1334
  C:022EH         LINE#         1335
  C:0230H         LINE#         1336
  C:0232H         LINE#         1337
  C:0234H         LINE#         1338
  C:0236H         LINE#         1339
  C:0237H         LINE#         1340
  C:023AH         LINE#         1341
  C:023BH         LINE#         1342
  C:023DH         LINE#         1347
  C:023FH         LINE#         1348
  C:0240H         LINE#         1349
  C:0241H         LINE#         1350
  C:0242H         LINE#         1351
  C:0244H         LINE#         1352
  C:0246H         LINE#         1353
  C:0248H         LINE#         1354
  C:024AH         LINE#         1355
  C:024DH         LINE#         1356
  C:024FH         LINE#         1357
  C:0251H         LINE#         1358
  C:0253H         LINE#         1359
  C:0255H         LINE#         1362
  C:0257H         LINE#         1365
  C:0258H         LINE#         1366
  C:025AH         LINE#         1367
  C:025BH         LINE#         1368
  C:025CH         LINE#         1369
  C:025DH         LINE#         1370
BL51 BANKED LINKER/LOCATER V6.22            02/12/2015  20:32:04  PAGE 18


  C:025FH         LINE#         1371
  C:0261H         LINE#         1372
  C:0263H         LINE#         1373
  C:0265H         LINE#         1374
  C:0268H         LINE#         1375
  C:026AH         LINE#         1376
  C:026CH         LINE#         1377
  C:026EH         LINE#         1378
  C:026FH         LINE#         1379
  C:0271H         LINE#         1380
  C:0272H         LINE#         1381
  C:0274H         LINE#         1382
  C:0276H         LINE#         1383
  C:0277H         LINE#         1384
  C:0279H         LINE#         1385
  C:027BH         LINE#         1386
  C:027CH         LINE#         1387
  C:027EH         LINE#         1388
  C:0280H         LINE#         1389
  C:0281H         LINE#         1390
  C:0283H         LINE#         1393
  C:0285H         LINE#         1395
  C:0287H         LINE#         1400
  C:0288H         LINE#         1401
  C:028AH         LINE#         1402
  C:028BH         LINE#         1403
  C:028CH         LINE#         1404
  C:028DH         LINE#         1405
  C:028FH         LINE#         1406
  C:0291H         LINE#         1407
  C:0293H         LINE#         1408
  C:0295H         LINE#         1409
  C:0296H         LINE#         1410
  C:0299H         LINE#         1411
  C:029AH         LINE#         1412
  C:029CH         LINE#         1417
  C:029EH         LINE#         1418
  C:029FH         LINE#         1419
  C:02A0H         LINE#         1420
  C:02A1H         LINE#         1421
  C:02A3H         LINE#         1422
  C:02A5H         LINE#         1423
  C:02A7H         LINE#         1424
  C:02A9H         LINE#         1425
  C:02ACH         LINE#         1426
  C:02AEH         LINE#         1427
  C:02B0H         LINE#         1428
  C:02B2H         LINE#         1429
  C:02B4H         LINE#         1432
  C:02B6H         LINE#         1435
  C:02B7H         LINE#         1436
  C:02B9H         LINE#         1437
  C:02BAH         LINE#         1438
  C:02BBH         LINE#         1439
  C:02BCH         LINE#         1440
  C:02BEH         LINE#         1441
  C:02C0H         LINE#         1442
  C:02C2H         LINE#         1443
  C:02C4H         LINE#         1444
  C:02C7H         LINE#         1445
  C:02C9H         LINE#         1446
  C:02CBH         LINE#         1447
  C:02CDH         LINE#         1448
  C:02CEH         LINE#         1449
  C:02D0H         LINE#         1450
BL51 BANKED LINKER/LOCATER V6.22            02/12/2015  20:32:04  PAGE 19


  C:02D1H         LINE#         1451
  C:02D3H         LINE#         1452
  C:02D5H         LINE#         1453
  C:02D6H         LINE#         1454
  C:02D8H         LINE#         1455
  C:02DAH         LINE#         1456
  C:02DBH         LINE#         1457
  C:02DDH         LINE#         1458
  C:02DFH         LINE#         1459
  C:02E0H         LINE#         1460
  C:02E2H         LINE#         1463
  C:02E5H         LINE#         1465
  C:02E7H         LINE#         1471
  C:02EAH         LINE#         1479
  C:02ECH         LINE#         1480
  C:02EEH         LINE#         1481
  C:02F0H         LINE#         1482
  C:02F2H         LINE#         1483
  C:02F4H         LINE#         1484
  C:02F6H         LINE#         1485
  C:02F8H         LINE#         1486
  C:02FAH         LINE#         1487
  C:02FDH         LINE#         1488
  C:02FFH         LINE#         1489
  C:0301H         LINE#         1490
  C:0303H         LINE#         1491
  C:0305H         LINE#         1494
  C:0306H         LINE#         1495
  C:0308H         LINE#         1496
  C:030AH         LINE#         1497
  C:030BH         LINE#         1498
  C:030CH         LINE#         1499
  C:030EH         LINE#         1500
  C:0310H         LINE#         1501
  C:0312H         LINE#         1502
  C:0314H         LINE#         1503
  C:0315H         LINE#         1504
  C:0318H         LINE#         1505
  C:0319H         LINE#         1506
  C:031BH         LINE#         1511
  C:031DH         LINE#         1512
  C:031FH         LINE#         1513
  C:0320H         LINE#         1514
  C:0321H         LINE#         1515
  C:0323H         LINE#         1516
  C:0325H         LINE#         1517
  C:0327H         LINE#         1518
  C:0329H         LINE#         1519
  C:032CH         LINE#         1520
  C:032EH         LINE#         1521
  C:0330H         LINE#         1522
  C:0332H         LINE#         1523
  C:0334H         LINE#         1526
  C:0336H         LINE#         1529
  C:0337H         LINE#         1530
  C:0339H         LINE#         1531
  C:033BH         LINE#         1532
  C:033CH         LINE#         1533
  C:033DH         LINE#         1534
  C:033FH         LINE#         1535
  C:0341H         LINE#         1536
  C:0343H         LINE#         1537
  C:0345H         LINE#         1538
  C:0348H         LINE#         1539
  C:034AH         LINE#         1540
BL51 BANKED LINKER/LOCATER V6.22            02/12/2015  20:32:04  PAGE 20


  C:034CH         LINE#         1541
  C:034EH         LINE#         1542
  C:034FH         LINE#         1543
  C:0351H         LINE#         1544
  C:0352H         LINE#         1545
  C:0354H         LINE#         1546
  C:0356H         LINE#         1547
  C:0357H         LINE#         1548
  C:0359H         LINE#         1549
  C:035BH         LINE#         1550
  C:035CH         LINE#         1551
  C:035EH         LINE#         1552
  C:0360H         LINE#         1553
  C:0361H         LINE#         1554
  C:0363H         LINE#         1557
  C:0365H         LINE#         1559
  C:0367H         LINE#         1564
  C:0368H         LINE#         1565
  C:036AH         LINE#         1566
  C:036BH         LINE#         1567
  C:036CH         LINE#         1568
  C:036DH         LINE#         1569
  C:036FH         LINE#         1570
  C:0371H         LINE#         1571
  C:0373H         LINE#         1572
  C:0375H         LINE#         1573
  C:0376H         LINE#         1574
  C:0379H         LINE#         1575
  C:037AH         LINE#         1576
  C:037CH         LINE#         1581
  C:037EH         LINE#         1582
  C:037FH         LINE#         1583
  C:0380H         LINE#         1584
  C:0381H         LINE#         1585
  C:0383H         LINE#         1586
  C:0385H         LINE#         1587
  C:0387H         LINE#         1588
  C:0389H         LINE#         1589
  C:038CH         LINE#         1590
  C:038EH         LINE#         1591
  C:0390H         LINE#         1592
  C:0392H         LINE#         1593
  C:0394H         LINE#         1596
  C:0396H         LINE#         1599
  C:0397H         LINE#         1600
  C:0399H         LINE#         1601
  C:039AH         LINE#         1602
  C:039BH         LINE#         1603
  C:039CH         LINE#         1604
  C:039EH         LINE#         1605
  C:03A0H         LINE#         1606
  C:03A2H         LINE#         1607
  C:03A4H         LINE#         1608
  C:03A7H         LINE#         1609
  C:03A9H         LINE#         1610
  C:03ABH         LINE#         1611
  C:03ADH         LINE#         1612
  C:03AEH         LINE#         1613
  C:03B0H         LINE#         1614
  C:03B1H         LINE#         1615
  C:03B3H         LINE#         1616
  C:03B5H         LINE#         1617
  C:03B6H         LINE#         1618
  C:03B8H         LINE#         1619
  C:03BAH         LINE#         1620
BL51 BANKED LINKER/LOCATER V6.22            02/12/2015  20:32:04  PAGE 21


  C:03BBH         LINE#         1621
  C:03BDH         LINE#         1622
  C:03BFH         LINE#         1623
  C:03C0H         LINE#         1624
  C:03C2H         LINE#         1627
  C:03C4H         LINE#         1629
  C:03C6H         LINE#         1633
  C:03C7H         LINE#         1634
  C:03C9H         LINE#         1635
  C:03CAH         LINE#         1636
  C:03CBH         LINE#         1637
  C:03CCH         LINE#         1638
  C:03CEH         LINE#         1639
  C:03D0H         LINE#         1640
  C:03D2H         LINE#         1641
  C:03D4H         LINE#         1642
  C:03D5H         LINE#         1643
  C:03D8H         LINE#         1644
  C:03D9H         LINE#         1645
  C:03DBH         LINE#         1650
  C:03DDH         LINE#         1651
  C:03DEH         LINE#         1652
  C:03DFH         LINE#         1653
  C:03E0H         LINE#         1654
  C:03E2H         LINE#         1655
  C:03E4H         LINE#         1656
  C:03E6H         LINE#         1657
  C:03E8H         LINE#         1658
  C:03EBH         LINE#         1659
  C:03EDH         LINE#         1660
  C:03EFH         LINE#         1661
  C:03F1H         LINE#         1662
  C:03F3H         LINE#         1665
  C:03F5H         LINE#         1668
  C:03F6H         LINE#         1669
  C:03F8H         LINE#         1670
  C:03F9H         LINE#         1671
  C:03FAH         LINE#         1672
  C:03FBH         LINE#         1673
  C:03FDH         LINE#         1674
  C:03FFH         LINE#         1675
  C:0401H         LINE#         1676
  C:0403H         LINE#         1677
  C:0406H         LINE#         1678
  C:0408H         LINE#         1679
  C:040AH         LINE#         1680
  C:040CH         LINE#         1681
  C:040DH         LINE#         1682
  C:040FH         LINE#         1683
  C:0410H         LINE#         1684
  C:0412H         LINE#         1685
  C:0414H         LINE#         1686
  C:0415H         LINE#         1687
  C:0417H         LINE#         1688
  C:0419H         LINE#         1689
  C:041AH         LINE#         1690
  C:041CH         LINE#         1691
  C:041EH         LINE#         1692
  C:041FH         LINE#         1693
  C:0421H         LINE#         1696
  C:0423H         LINE#         1698
  C:0425H         LINE#         1703
  C:0428H         LINE#         1713
  C:042BH         LINE#         1714
  C:042DH         LINE#         1715
BL51 BANKED LINKER/LOCATER V6.22            02/12/2015  20:32:04  PAGE 22


  C:042FH         LINE#         1717
  C:0431H         LINE#         1719
  C:0434H         LINE#         1720
  C:0436H         LINE#         1721
  C:0438H         LINE#         1723
  C:043AH         LINE#         1725
  C:043BH         LINE#         1726
  C:043CH         LINE#         1727
  C:043EH         LINE#         1732
  C:0440H         LINE#         1733
  C:0442H         LINE#         1734
  C:0444H         LINE#         1735
  C:0446H         LINE#         1739
  C:0447H         LINE#         1740
  C:0449H         LINE#         1741
  C:044BH         LINE#         1742
  C:044DH         LINE#         1743
  C:044FH         LINE#         1748
  C:0451H         LINE#         1751
  C:0452H         LINE#         1752
  C:0454H         LINE#         1753
  C:0456H         LINE#         1762
  C:0459H         LINE#         1767
  C:045CH         LINE#         1768
  C:045EH         LINE#         1769
  C:0460H         LINE#         1771
  C:0462H         LINE#         1773
  C:0465H         LINE#         1774
  C:0467H         LINE#         1775
  C:0469H         LINE#         1777
  C:046BH         LINE#         1779
  C:046CH         LINE#         1780
  C:046DH         LINE#         1781
  C:046FH         LINE#         1786
  C:0471H         LINE#         1787
  C:0473H         LINE#         1788
  C:0475H         LINE#         1789
  C:0476H         LINE#         1790
  C:0478H         LINE#         1791
  C:047AH         LINE#         1792
  C:047BH         LINE#         1793
  C:047DH         LINE#         1794
  C:047FH         LINE#         1795
  C:0480H         LINE#         1796
  C:0482H         LINE#         1797
  C:0484H         LINE#         1800
  C:0486H         LINE#         1805
  C:0488H         LINE#         1807
  C:048AH         LINE#         1808
  C:048CH         LINE#         1813
  C:048FH         LINE#         1814
  C:0490H         LINE#         1815
  C:0492H         LINE#         1816
  C:0494H         LINE#         1817
  C:0496H         LINE#         1818
  C:0498H         LINE#         1823
  C:049BH         LINE#         1828
  C:049EH         LINE#         1833
  C:04A0H         LINE#         1834
  C:04A2H         LINE#         1835
  C:04A5H         LINE#         1836
  C:04A7H         LINE#         1838
  C:04A8H         LINE#         1839
  C:04AAH         LINE#         1843
  C:04ACH         LINE#         1844
BL51 BANKED LINKER/LOCATER V6.22            02/12/2015  20:32:04  PAGE 23


  C:04AFH         LINE#         1847
  C:04B2H         LINE#         1850
  C:04B4H         LINE#         1855
  C:04B6H         LINE#         1857
  C:04B8H         LINE#         1862
  C:04BBH         LINE#         1863
  C:04BEH         LINE#         1868
  C:04C1H         LINE#         1873
  C:04C4H         LINE#         1874
  C:04C7H         LINE#         1875
  C:04CAH         LINE#         1876
  C:04CDH         LINE#         1879
  C:04CFH         LINE#         1880
  C:04D2H         LINE#         1883
  C:04D5H         LINE#         1886
  C:04D8H         LINE#         1889
  C:04DAH         LINE#         1892
  C:04DDH         LINE#         1894
  C:04DFH         LINE#         1900
  C:1147H         LINE#         1911
  C:1149H         LINE#         1917
  C:114CH         LINE#         1920
  C:114EH         LINE#         1924
  C:1151H         LINE#         1927
  C:1153H         LINE#         1931
  C:1154H         LINE#         1932
  C:1156H         LINE#         1938
  C:1157H         LINE#         1939
  C:1159H         LINE#         1941
  C:115BH         LINE#         1942
  C:115EH         LINE#         1943
  C:115FH         LINE#         1944
  C:1160H         LINE#         1945
  C:1161H         LINE#         1946
  C:1163H         LINE#         1947
  C:1164H         LINE#         1948
  C:1166H         LINE#         1949
  C:1168H         LINE#         1950
  C:1169H         LINE#         1951
  C:116BH         LINE#         1952
  C:116CH         LINE#         1953
  C:116EH         LINE#         1954
  C:1171H         LINE#         1955
  C:1174H         LINE#         1956
  C:1177H         LINE#         1957
  C:117AH         LINE#         1958
  C:117CH         LINE#         1959
  C:117EH         LINE#         1963
  C:1180H         LINE#         1964
  C:1181H         LINE#         1965
  C:1183H         LINE#         1966
  C:1184H         LINE#         1967
  C:1186H         LINE#         1968
  C:1187H         LINE#         1969
  C:1189H         LINE#         1970
  C:118BH         LINE#         1971
  C:118DH         LINE#         1977
  C:118FH         LINE#         1978
  C:1191H         LINE#         1982
  C:1193H         LINE#         1983
  C:1195H         LINE#         1987
  C:1197H         LINE#         1988
  C:1199H         LINE#         1992
  C:119BH         LINE#         1998
  C:119DH         LINE#         1999
BL51 BANKED LINKER/LOCATER V6.22            02/12/2015  20:32:04  PAGE 24


  C:119FH         LINE#         2000
  C:11A0H         LINE#         2001
  C:11A2H         LINE#         2002
  C:11A4H         LINE#         2006
  C:11A6H         LINE#         2009
  C:11A9H         LINE#         2012
  C:1526H         LINE#         2028
  C:1528H         LINE#         2031
  C:152AH         LINE#         2032
  C:152CH         LINE#         2033
  C:152FH         LINE#         2036
  C:1531H         LINE#         2037
  C:1533H         LINE#         2038
  C:1535H         LINE#         2039
  C:1537H         LINE#         2040
  C:1539H         LINE#         2041
  C:153CH         LINE#         2042
  C:153EH         LINE#         2045
  C:1540H         LINE#         2046
  C:1542H         LINE#         2047
  C:1545H         LINE#         2051
  C:1548H         LINE#         2054
  C:154AH         LINE#         2055
  C:13A9H         LINE#         2072
  C:13AAH         LINE#         2073
  C:13ABH         LINE#         2074
  C:13ACH         LINE#         2075
  C:13ADH         LINE#         2076
  C:13AEH         LINE#         2077
  C:13B0H         LINE#         2078
  C:13B2H         LINE#         2079
  C:13B4H         LINE#         2080
  C:13B6H         LINE#         2081
  C:13B7H         LINE#         2082
  C:13BAH         LINE#         2083
  C:13BCH         LINE#         2084
  C:13BFH         LINE#         2085
  C:13C1H         LINE#         2086
  C:13C3H         LINE#         2087
  C:13C5H         LINE#         2092
  C:13C7H         LINE#         2095
  C:13C9H         LINE#         2096
  C:13CBH         LINE#         2097
  C:13CEH         LINE#         2100
  C:13D0H         LINE#         2101
  C:13D2H         LINE#         2102
  C:13D4H         LINE#         2103
  C:13D6H         LINE#         2104
  C:13D8H         LINE#         2105
  C:13DBH         LINE#         2106
  C:13DDH         LINE#         2109
  C:13DFH         LINE#         2110
  C:13E1H         LINE#         2111
  C:13E4H         LINE#         2115
  C:13E7H         LINE#         2118
  C:13E9H         LINE#         2119
  C:159BH         LINE#         2134
  C:159DH         LINE#         2135
  C:159FH         LINE#         2136
  C:15A2H         LINE#         2137
  C:15A4H         LINE#         2140
  C:15A6H         LINE#         2141
  C:15A8H         LINE#         2142
  C:15ABH         LINE#         2143
  C:15ADH         LINE#         2146
BL51 BANKED LINKER/LOCATER V6.22            02/12/2015  20:32:04  PAGE 25


  C:15AFH         LINE#         2147
  C:15B1H         LINE#         2148
  C:15B4H         LINE#         2149
  C:15B6H         LINE#         2152
  C:15B8H         LINE#         2153
  C:15BAH         LINE#         2154
  C:15BDH         LINE#         2155
  C:15BFH         LINE#         2158
  C:15C0H         LINE#         2172
  C:15C2H         LINE#         2173
  C:15C4H         LINE#         2174
  C:15C6H         LINE#         2175
  C:15C9H         LINE#         2178
  C:15CBH         LINE#         2179
  C:15CDH         LINE#         2180
  C:15CFH         LINE#         2181
  C:15D2H         LINE#         2184
  C:15D4H         LINE#         2185
  C:15D6H         LINE#         2186
  C:15D8H         LINE#         2187
  C:15DBH         LINE#         2190
  C:15DDH         LINE#         2191
  C:15DFH         LINE#         2192
  C:15E1H         LINE#         2193
  C:0E1FH         LINE#         2204
  C:0E21H         LINE#         2205
  C:0E23H         LINE#         2210
  C:0E26H         LINE#         2214
  C:0E28H         LINE#         2215
  C:0E2AH         LINE#         2216
  C:0E2DH         LINE#         2218
  C:0E2FH         LINE#         2219
  C:0E32H         LINE#         2220
  C:0E35H         LINE#         2221
  C:0E38H         LINE#         2222
  C:0E39H         LINE#         2223
  C:0E3BH         LINE#         2224
  C:0E3DH         LINE#         2225
  C:0E3FH         LINE#         2226
  C:0E40H         LINE#         2228
  C:0E43H         LINE#         2229
  C:0E46H         LINE#         2230
  C:0E49H         LINE#         2231
  C:0E4CH         LINE#         2232
  C:0E4FH         LINE#         2233
  C:0E52H         LINE#         2234
  C:0E55H         LINE#         2235
  C:0E58H         LINE#         2236
  C:0E5BH         LINE#         2237
  C:0E5EH         LINE#         2238
  C:0E61H         LINE#         2239
  C:0E64H         LINE#         2240
  C:0E67H         LINE#         2250
  C:0E69H         LINE#         2253
  C:0E6BH         LINE#         2261
  C:0E6DH         LINE#         2264
  C:0E6FH         LINE#         2267
  C:0E71H         LINE#         2270
  C:0E73H         LINE#         2273
  C:0E75H         LINE#         2276
  C:0E77H         LINE#         2279
  C:0E79H         LINE#         2291
  C:0E7BH         LINE#         2299
  C:0E7DH         LINE#         2302
  C:0E7FH         LINE#         2305
BL51 BANKED LINKER/LOCATER V6.22            02/12/2015  20:32:04  PAGE 26


  C:0E81H         LINE#         2308
  C:0E83H         LINE#         2311
  C:0E85H         LINE#         2314
  C:0E87H         LINE#         2322
  C:0E89H         LINE#         2325
  C:0E8BH         LINE#         2328
  C:0E8DH         LINE#         2331
  C:0E8FH         LINE#         2334
  C:0E91H         LINE#         2337
  C:0E93H         LINE#         2345
  C:0E95H         LINE#         2348
  C:0E97H         LINE#         2355
  C:0E99H         LINE#         2363
  C:0E9BH         LINE#         2366
  C:0E9DH         LINE#         2369
  C:0E9FH         LINE#         2372
  C:0EA1H         LINE#         2375
  C:0EA3H         LINE#         2378
  C:0EA5H         LINE#         2386
  C:0EA7H         LINE#         2389
  C:0EA9H         LINE#         2392
  C:0EABH         LINE#         2395
  C:0EADH         LINE#         2398
  C:0EAFH         LINE#         2401
  C:0EB1H         LINE#         2404
  C:0EB3H         LINE#         2412
  C:0EB5H         LINE#         2416
  C:0EB7H         LINE#         2419
  C:0EB9H         LINE#         2422
  C:0EBBH         LINE#         2430
  C:0EBDH         LINE#         2433
  C:0EBFH         LINE#         2436
  C:0EC1H         LINE#         2439
  C:0EC3H         LINE#         2442
  C:0EC5H         LINE#         2450
  C:0EC7H         LINE#         2458
  C:0EC9H         LINE#         2461
  C:0ECBH         LINE#         2464
  C:0ECDH         LINE#         2467
  C:0ECFH         LINE#         2471
  C:0ED1H         LINE#         2474
  C:0ED3H         LINE#         2483
  C:0ED6H         LINE#         2484
  C:0ED8H         LINE#         2488
  C:0EDAH         LINE#         2489
  C:0EDCH         LINE#         2490
  C:0EDEH         LINE#         2491
  C:0EDFH         LINE#         2492
  C:0EE1H         LINE#         2493
  C:0EE2H         LINE#         2494
  C:0EE4H         LINE#         2495
  C:0EE6H         LINE#         2496
  C:0EE8H         LINE#         2502
  C:0EEAH         LINE#         2503
  C:0EEBH         LINE#         2507
  C:0EEDH         LINE#         2508
  C:0EEEH         LINE#         2512
  C:0EF0H         LINE#         2513
  C:0EF1H         LINE#         2517
  C:0EF3H         LINE#         2523
  C:16DAH         LINE#         2536
  C:16DCH         LINE#         2539
  C:16DEH         LINE#         2542
  C:16E0H         LINE#         2545
  C:16E2H         LINE#         2549
BL51 BANKED LINKER/LOCATER V6.22            02/12/2015  20:32:04  PAGE 27


  C:16E4H         LINE#         2552
  C:16E6H         LINE#         2555
  C:16E8H         LINE#         2558
  C:16EAH         LINE#         2561
  C:16ECH         LINE#         2564
  C:16EEH         LINE#         2567
  C:16F0H         LINE#         2570
  C:16F2H         LINE#         2573
  C:0016H         LINE#         2593
  C:0019H         LINE#         2596
  C:001CH         LINE#         2600
  C:001FH         LINE#         2603
  C:0022H         LINE#         2606
  C:0025H         LINE#         2609
  C:0028H         LINE#         2612
  C:1759H         LINE#         2644
  C:175CH         LINE#         2647
  C:175FH         LINE#         2651
  C:1724H         LINE#         2671
  C:1725H         LINE#         2672
  C:1727H         LINE#         2675
  C:172AH         LINE#         2679
  C:172DH         LINE#         2687
  C:172FH         LINE#         2691
  C:1732H         LINE#         2694
  C:1733H         LINE#         2709
  C:1736H         LINE#         2718
  C:1739H         LINE#         2722
  C:173CH         LINE#         2727
  C:173FH         LINE#         2731
  C:1741H         LINE#         2734
  C:16F3H         LINE#         2748
  C:16F4H         LINE#         2749
  C:16F6H         LINE#         2754
  C:16F9H         LINE#         2757
  C:16FCH         LINE#         2758
  C:16FFH         LINE#         2761
  C:1702H         LINE#         2762
  C:1705H         LINE#         2766
  C:1708H         LINE#         2769
  C:170BH         LINE#         2772
  C:14D2H         LINE#         2809
  C:14D5H         LINE#         2812
  C:14D8H         LINE#         2815
  C:14DBH         LINE#         2819
  C:14DEH         LINE#         2822
  C:14E1H         LINE#         2825
  C:14E4H         LINE#         2828
  C:14E7H         LINE#         2831
  C:14EAH         LINE#         2834
  C:14EDH         LINE#         2838
  C:14F0H         LINE#         2841
  C:14F3H         LINE#         2844
  C:14F6H         LINE#         2848
  C:14F9H         LINE#         2851
  C:14FCH         LINE#         2854
  C:1760H         LINE#         2871
  C:1763H         LINE#         2880
  C:1766H         LINE#         2883
  C:16C0H         LINE#         2896
  C:16C3H         LINE#         2900
  C:16C6H         LINE#         2903
  C:16C9H         LINE#         2908
  C:16CCH         LINE#         2911
  C:16CFH         LINE#         2915
BL51 BANKED LINKER/LOCATER V6.22            02/12/2015  20:32:04  PAGE 28


  C:16D2H         LINE#         2918
  C:16D5H         LINE#         2922
  C:16D7H         LINE#         2925
  C:16D9H         LINE#         2928
  C:0046H         LINE#         2953
  C:0048H         LINE#         2954
  C:004AH         LINE#         2955
  C:004CH         LINE#         2960
  C:004EH         LINE#         2961
  C:0050H         LINE#         2968
  C:0053H         LINE#         2972
  C:0055H         LINE#         2976
  C:0057H         LINE#         2979
  C:0058H         LINE#         2980
  C:005AH         LINE#         2986
  C:005CH         LINE#         2993
  C:005EH         LINE#         2996
  C:0060H         LINE#         3000
  C:0062H         LINE#         3004
  C:0064H         LINE#         3012
  C:0066H         LINE#         3019
  C:0069H         LINE#         3020
  C:006CH         LINE#         3021
  C:006FH         LINE#         3029
  C:0071H         LINE#         3032
  C:14FDH         LINE#         3059
  C:14FFH         LINE#         3060
  C:1501H         LINE#         3069
  C:1504H         LINE#         3073
  C:1506H         LINE#         3078
  C:1508H         LINE#         3081
  C:1509H         LINE#         3082
  C:150BH         LINE#         3088
  C:150DH         LINE#         3096
  C:150FH         LINE#         3099
  C:1511H         LINE#         3106
  C:1513H         LINE#         3109
  C:1515H         LINE#         3115
  C:1518H         LINE#         3116
  C:151BH         LINE#         3117
  C:151EH         LINE#         3126
  C:1520H         LINE#         3130
  C:1523H         LINE#         3135
  C:1525H         LINE#         3140
  C:000EH         LINE#         3162
  C:0003H         LINE#         3166
  C:1669H         LINE#         3202
  C:166BH         LINE#         3203
  C:166DH         LINE#         3208
  C:166FH         LINE#         3209
  C:1671H         LINE#         3210
  C:1673H         LINE#         3211
  C:1674H         LINE#         3212
  C:1676H         LINE#         3213
  C:1678H         LINE#         3214
  C:1679H         LINE#         3215
  C:167BH         LINE#         3216
  C:167DH         LINE#         3217
  C:167EH         LINE#         3218
  C:1680H         LINE#         3219
  C:1682H         LINE#         3222
  C:1684H         LINE#         3223
  C:1686H         LINE#         3224
  C:0013H         LINE#         3228
  C:1628H         LINE#         3235
BL51 BANKED LINKER/LOCATER V6.22            02/12/2015  20:32:04  PAGE 29


  C:162AH         LINE#         3236
  C:162CH         LINE#         3241
  C:162EH         LINE#         3242
  C:1630H         LINE#         3243
  C:1632H         LINE#         3244
  C:1634H         LINE#         3245
  C:1636H         LINE#         3246
  C:1638H         LINE#         3247
  C:163AH         LINE#         3248
  C:163CH         LINE#         3249
  C:163EH         LINE#         3250
  C:1640H         LINE#         3251
  C:1642H         LINE#         3252
  C:1644H         LINE#         3255
  C:1646H         LINE#         3256
  C:1648H         LINE#         3257
  C:003BH         LINE#         3261
  C:0C4FH         LINE#         3273
  C:0C51H         LINE#         3274
  C:0C53H         LINE#         3275
  C:0C55H         LINE#         3276
  C:0C57H         LINE#         3277
  C:0C5AH         LINE#         3278
  C:0C5CH         LINE#         3279
  C:0C5EH         LINE#         3280
  C:0C60H         LINE#         3286
  C:0C62H         LINE#         3297
  C:0C64H         LINE#         3298
  C:0C66H         LINE#         3299
  C:0C68H         LINE#         3300
  C:0C6AH         LINE#         3301
  C:0C6DH         LINE#         3302
  C:0C6FH         LINE#         3303
  C:0C71H         LINE#         3304
  C:0C73H         LINE#         3305
  C:0C75H         LINE#         3306
  C:0C78H         LINE#         3315
  C:0C7BH         LINE#         3318
  C:0C7EH         LINE#         3322
  C:0C80H         LINE#         3323
  C:0C81H         LINE#         3324
  C:0C82H         LINE#         3325
  C:0C84H         LINE#         3333
  C:0C86H         LINE#         3336
  C:0C89H         LINE#         3339
  C:0C8CH         LINE#         3347
  C:0C8FH         LINE#         3352
  C:0C92H         LINE#         3357
  C:0C94H         LINE#         3360
  C:0C96H         LINE#         3363
  C:0C99H         LINE#         3370
  C:0C9CH         LINE#         3375
  C:0C9EH         LINE#         3378
  C:0CA1H         LINE#         3381
  C:0CA3H         LINE#         3388
  C:0CA6H         LINE#         3393
  C:0CA8H         LINE#         3396
  C:0CABH         LINE#         3400
  C:0CAEH         LINE#         3405
  C:0CB0H         LINE#         3408
  C:0CB2H         LINE#         3414
  C:0CB4H         LINE#         3421
  C:0CB7H         LINE#         3427
  C:0CB8H         LINE#         3428
  C:0CBAH         LINE#         3429
BL51 BANKED LINKER/LOCATER V6.22            02/12/2015  20:32:04  PAGE 30


  C:0CBCH         LINE#         3430
  C:0CBEH         LINE#         3431
  C:0CC0H         LINE#         3437
  C:0CC2H         LINE#         3438
  C:0CC4H         LINE#         3439
  C:0CC6H         LINE#         3440
  C:0CC9H         LINE#         3441
  C:0CCBH         LINE#         3446
  C:0CCDH         LINE#         3447
  C:0CCFH         LINE#         3448
  C:0CD1H         LINE#         3449
  C:0CD2H         LINE#         3450
  C:0CD4H         LINE#         3451
  C:0CD6H         LINE#         3456
  C:0CD8H         LINE#         3459
  C:0CDAH         LINE#         3466
  C:0CDCH         LINE#         3469
  C:0CDEH         LINE#         3474
  C:0CE0H         LINE#         3489
  C:0CE3H         LINE#         3494
  C:0CE5H         LINE#         3497
  C:0CE7H         LINE#         3504
  C:0CE9H         LINE#         3511
  C:0CEBH         LINE#         3519
  C:0CECH         LINE#         3520
  C:0CEEH         LINE#         3521
  C:0CF0H         LINE#         3522
  C:0CF2H         LINE#         3523
  C:0CF4H         LINE#         3528
  C:0CF6H         LINE#         3529
  C:0CF8H         LINE#         3530
  C:0CFAH         LINE#         3531
  C:0CFCH         LINE#         3532
  C:0CFFH         LINE#         3535
  C:0D01H         LINE#         3536
  C:0D03H         LINE#         3537
  C:0D05H         LINE#         3538
  C:0D06H         LINE#         3539
  C:0D08H         LINE#         3540
  C:0D0AH         LINE#         3543
  C:0D0CH         LINE#         3546
  C:0D0EH         LINE#         3555
  C:0D10H         LINE#         3556
  C:0D13H         LINE#         3561
  C:0D15H         LINE#         3564
  C:0D17H         LINE#         3568
  C:0D19H         LINE#         3574
  C:0D1BH         LINE#         3581
  C:0D1DH         LINE#         3591
  C:0D20H         LINE#         3596
  C:0D23H         LINE#         3599
  C:0D26H         LINE#         3602
  C:0D28H         LINE#         3605
  C:0D2AH         LINE#         3608
  C:0D2CH         LINE#         3612
  C:0D2EH         LINE#         3616
  C:0D30H         LINE#         3623
  C:0D32H         LINE#         3627
  C:0D34H         LINE#         3628
  C:0D36H         LINE#         3629
  C:0D38H         LINE#         3630
  C:0D3AH         LINE#         3631
  C:0D3CH         LINE#         3632
  C:0D3EH         LINE#         3633
  C:0D40H         LINE#         3634
BL51 BANKED LINKER/LOCATER V6.22            02/12/2015  20:32:04  PAGE 31


  C:000BH         LINE#         3638
  C:0FB4H         LINE#         3652
  C:0FB6H         LINE#         3653
  C:0FB8H         LINE#         3654
  C:0FBAH         LINE#         3655
  C:0FBCH         LINE#         3656
  C:0FBEH         LINE#         3657
  C:0FC1H         LINE#         3658
  C:0FC3H         LINE#         3659
  C:0FC5H         LINE#         3660
  C:0FC7H         LINE#         3661
  C:0FC9H         LINE#         3662
  C:0FCBH         LINE#         3663
  C:0FCDH         LINE#         3664
  C:0FCFH         LINE#         3665
  C:0FD1H         LINE#         3674
  C:0FD4H         LINE#         3683
  C:0FD6H         LINE#         3684
  C:0FD8H         LINE#         3685
  C:0FDAH         LINE#         3686
  C:0FDCH         LINE#         3687
  C:0FDEH         LINE#         3689
  C:0FDFH         LINE#         3690
  C:0FE1H         LINE#         3691
  C:0FE2H         LINE#         3692
  C:0FE4H         LINE#         3698
  C:0FE6H         LINE#         3700
  C:0FE8H         LINE#         3701
  C:0FEAH         LINE#         3702
  C:0FEBH         LINE#         3703
  C:0FECH         LINE#         3704
  C:0FEDH         LINE#         3705
  C:0FEEH         LINE#         3706
  C:0FEFH         LINE#         3707
  C:0FF1H         LINE#         3708
  C:0FF2H         LINE#         3709
  C:0FF3H         LINE#         3710
[...]
  D:0014H         SYMBOL        USBXcore_i
  -------         ENDDO         
  C:04E2H         LINE#         405
  C:04E2H         LINE#         412
  C:04EDH         LINE#         413
  C:0500H         LINE#         414
  C:0505H         LINE#         415
  C:0505H         LINE#         416
  C:0510H         LINE#         417
  C:0515H         LINE#         419
  C:0515H         LINE#         420
  C:0519H         LINE#         421
  C:0519H         LINE#         422
  C:0524H         LINE#         423
  C:0529H         LINE#         424
  C:0529H         LINE#         425
  C:0532H         LINE#         426
  C:0532H         LINE#         427
  C:053CH         LINE#         428
  C:053CH         LINE#         429
  C:053FH         LINE#         430
  C:0542H         LINE#         431
  C:0545H         LINE#         432
  C:0545H         LINE#         433
  C:054AH         LINE#         434
  C:0558H         LINE#         435
  C:055FH         LINE#         437
  C:0564H         LINE#         438
  C:0567H         LINE#         439
  C:0575H         LINE#         441
  C:058CH         LINE#         442
  C:05A1H         LINE#         443
  C:05D9H         LINE#         444
  C:05D9H         LINE#         445
  C:05D9H         LINE#         446
  C:05DCH         LINE#         447
BL51 BANKED LINKER/LOCATER V6.22            02/12/2015  20:32:04  PAGE 38


  C:05DEH         LINE#         448
  C:05DEH         LINE#         449
  C:05E1H         LINE#         450
  C:05E3H         LINE#         451
  C:05E3H         LINE#         452
  C:05E3H         LINE#         453
  C:05E6H         LINE#         454
  C:05E8H         LINE#         455
  C:05E8H         LINE#         456
  C:05EBH         LINE#         457
  C:05EDH         LINE#         458
  C:05EDH         LINE#         459
  C:05F0H         LINE#         460
  C:05F2H         LINE#         461
  C:05F2H         LINE#         462
  C:05F5H         LINE#         463
  C:05F7H         LINE#         464
  C:05F7H         LINE#         465
  C:05FAH         LINE#         466
  C:05FCH         LINE#         467
  C:05FCH         LINE#         468
  C:05FFH         LINE#         469
  C:0601H         LINE#         470
  C:0601H         LINE#         471
  C:0604H         LINE#         472
  C:0606H         LINE#         473
  C:0606H         LINE#         474
  C:0609H         LINE#         475
  C:060BH         LINE#         476
  C:060BH         LINE#         477
  C:060EH         LINE#         478
  C:060EH         LINE#         479
  C:060EH         LINE#         480
  C:060EH         LINE#         481
  C:060EH         LINE#         482
  C:0619H         LINE#         483
  C:0619H         LINE#         484
  C:061FH         LINE#         486
  C:062EH         LINE#         487
  C:062EH         LINE#         488
  C:0633H         LINE#         489
  C:0636H         LINE#         490
  C:0639H         LINE#         491
  C:0639H         LINE#         495
  C:064FH         LINE#         498
  C:0654H         LINE#         499
  C:065BH         LINE#         503
  C:0665H         LINE#         506
  C:0673H         LINE#         507
  C:0681H         LINE#         508
  C:0683H         LINE#         510
  C:0683H         LINE#         511
  C:0688H         LINE#         512
  C:068BH         LINE#         513
  C:069DH         LINE#         514
  C:069DH         LINE#         518
  C:06B3H         LINE#         521
  C:06B8H         LINE#         522
  C:06BCH         LINE#         523
  C:06C3H         LINE#         524
  C:06C8H         LINE#         525
  C:06C8H         LINE#         526
  C:06DCH         LINE#         527
  C:06DCH         LINE#         528
  C:06E3H         LINE#         529
BL51 BANKED LINKER/LOCATER V6.22            02/12/2015  20:32:04  PAGE 39


  C:06E8H         LINE#         530
  C:06E8H         LINE#         531
  C:06F6H         LINE#         532
  C:06F6H         LINE#         533
  -------         ENDPROC       USBXCORE_HANDLE_SETUP
  -------         PROC          USBXCORE_FORCE_STALL
  C:1687H         LINE#         540
  C:1687H         LINE#         545
  C:1692H         LINE#         546
  C:169DH         LINE#         547
  C:16A3H         LINE#         548
  -------         ENDPROC       USBXCORE_FORCE_STALL
  -------         PROC          USBXCORE_GET_STATUS
  C:10D4H         LINE#         556
  C:10D4H         LINE#         561
  C:10E3H         LINE#         562
  C:10E3H         LINE#         563
  C:10E3H         LINE#         571
  C:10E3H         LINE#         578
  C:10E3H         LINE#         579
  C:10E5H         LINE#         580
  C:10E5H         LINE#         593
  C:10E5H         LINE#         595
  C:10F3H         LINE#         604
  C:10F3H         LINE#         608
  C:10F3H         LINE#         611
  C:10F3H         LINE#         612
  C:10F5H         LINE#         614
  C:10F5H         LINE#         616
  C:1103H         LINE#         625
  C:1103H         LINE#         629
  C:1110H         LINE#         632
  C:1110H         LINE#         633
  C:1112H         LINE#         635
  C:1112H         LINE#         640
  C:1120H         LINE#         643
  C:1129H         LINE#         644
  C:1129H         LINE#         645
  C:1129H         LINE#         646
  C:112BH         LINE#         647
  C:112BH         LINE#         648
  C:112EH         LINE#         649
  C:112EH         LINE#         650
  C:112EH         LINE#         651
  C:1136H         LINE#         652
  C:1136H         LINE#         653
  C:1139H         LINE#         654
  C:113FH         LINE#         655
  C:1146H         LINE#         656
  C:1146H         LINE#         657
  -------         ENDPROC       USBXCORE_GET_STATUS
  -------         PROC          USBXCORE_CLEAR_FEATURE
  C:11AAH         LINE#         665
  C:11AAH         LINE#         670
  C:11B0H         LINE#         671
  C:11B0H         LINE#         675
  C:11B8H         LINE#         676
  C:11B8H         LINE#         677
  C:11C3H         LINE#         687
  C:11CEH         LINE#         688
  C:11D3H         LINE#         689
  C:11D5H         LINE#         692
  C:11D5H         LINE#         694
  C:11D9H         LINE#         695
  C:11D9H         LINE#         696
BL51 BANKED LINKER/LOCATER V6.22            02/12/2015  20:32:04  PAGE 40


  C:11E4H         LINE#         706
  C:11EFH         LINE#         707
  C:11F4H         LINE#         708
  C:11F6H         LINE#         710
  C:11F6H         LINE#         711
  C:11F6H         LINE#         712
  C:11F6H         LINE#         713
  C:11F6H         LINE#         714
  C:11F8H         LINE#         716
  C:11F8H         LINE#         717
  C:11FBH         LINE#         718
  C:11FBH         LINE#         719
  C:1206H         LINE#         720
  -------         ENDPROC       USBXCORE_CLEAR_FEATURE
  -------         PROC          USBXCORE_VENDOR_USB_API
  C:0B3FH         LINE#         728
  C:0B3FH         LINE#         733
  C:0B4BH         LINE#         734
  C:0B4BH         LINE#         735
  C:0B53H         LINE#         736
  C:0B53H         LINE#         737
  C:0B56H         LINE#         738
  C:0B5CH         LINE#         739
  C:0B63H         LINE#         740
  C:0B63H         LINE#         743
  C:0B69H         LINE#         748
  C:0B77H         LINE#         751
  C:0B7FH         LINE#         752
  C:0B82H         LINE#         754
  C:0B82H         LINE#         755
  C:0B8CH         LINE#         756
  C:0B8CH         LINE#         757
  C:0B93H         LINE#         758
  C:0B93H         LINE#         759
  C:0B96H         LINE#         760
  C:0B99H         LINE#         761
  C:0B9BH         LINE#         763
  C:0B9BH         LINE#         764
  C:0BA2H         LINE#         765
  C:0BA2H         LINE#         768
  C:0BADH         LINE#         775
  C:0BB8H         LINE#         776
  C:0BC3H         LINE#         779
  C:0BC3H         LINE#         780
  C:0BD6H         LINE#         781
  C:0BD6H         LINE#         782
  C:0BDAH         LINE#         784
  C:0BE5H         LINE#         787
  C:0BE5H         LINE#         788
  C:0BF8H         LINE#         789
  C:0BF8H         LINE#         790
  C:0BFCH         LINE#         792
  C:0C07H         LINE#         794
  C:0C0DH         LINE#         796
  C:0C15H         LINE#         797
  C:0C15H         LINE#         798
  C:0C18H         LINE#         799
  C:0C18H         LINE#         800
  C:0C18H         LINE#         801
  C:0C23H         LINE#         802
  C:0C23H         LINE#         803
  C:0C29H         LINE#         804
  C:0C30H         LINE#         805
  C:0C30H         LINE#         806
  C:0C34H         LINE#         807
BL51 BANKED LINKER/LOCATER V6.22            02/12/2015  20:32:04  PAGE 41


  C:0C34H         LINE#         808
  C:0C3AH         LINE#         809
  C:0C41H         LINE#         810
  C:0C41H         LINE#         811
  C:0C41H         LINE#         812
  C:0C4CH         LINE#         813
  -------         ENDPROC       USBXCORE_VENDOR_USB_API
  -------         PROC          USBXCORE_SET_FEATURE
  C:1209H         LINE#         822
  C:1209H         LINE#         827
  C:120FH         LINE#         828
  C:120FH         LINE#         832
  C:1217H         LINE#         833
  C:1217H         LINE#         834
  C:1222H         LINE#         844
  C:122DH         LINE#         845
  C:1230H         LINE#         846
  C:1232H         LINE#         849
  C:1232H         LINE#         851
  C:1236H         LINE#         852
  C:1236H         LINE#         853
  C:1241H         LINE#         863
  C:124CH         LINE#         864
  C:1252H         LINE#         865
  C:1254H         LINE#         867
  C:1254H         LINE#         868
  C:1254H         LINE#         869
  C:1254H         LINE#         870
  C:1254H         LINE#         872
  C:1256H         LINE#         874
  C:1256H         LINE#         875
  C:1259H         LINE#         876
  C:1259H         LINE#         877
  C:1264H         LINE#         878
  -------         ENDPROC       USBXCORE_SET_FEATURE
  -------         PROC          USBXCORE_SET_ADDRESS
  C:1649H         LINE#         886
  C:1649H         LINE#         891
  C:1658H         LINE#         892
  C:165EH         LINE#         893
  C:165EH         LINE#         894
  C:1661H         LINE#         895
  C:1663H         LINE#         897
  C:1663H         LINE#         898
  C:1666H         LINE#         899
  C:1666H         LINE#         900
  -------         ENDPROC       USBXCORE_SET_ADDRESS
  -------         PROC          USBXCORE_GET_DESCRIPTOR
  -------         DO            
  X:0012H         SYMBOL        temp
  -------         ENDDO         
  C:0EF4H         LINE#         910
  C:0EF4H         LINE#         915
  C:0EF9H         LINE#         916
  C:0F08H         LINE#         917
  C:0F08H         LINE#         918
  C:0F08H         LINE#         922
  C:0F16H         LINE#         925
  C:0F1AH         LINE#         926
  C:0F1CH         LINE#         927
  C:0F1CH         LINE#         931
  C:0F2AH         LINE#         934
  C:0F3DH         LINE#         935
  C:0F3FH         LINE#         936
  C:0F3FH         LINE#         948
BL51 BANKED LINKER/LOCATER V6.22            02/12/2015  20:32:04  PAGE 42


  C:0F49H         LINE#         949
  C:0F49H         LINE#         950
  C:0F49H         LINE#         951
  C:0F4BH         LINE#         953
  C:0F4BH         LINE#         954
  C:0F6CH         LINE#         955
  C:0F78H         LINE#         956
  C:0F78H         LINE#         958
  C:0F7AH         LINE#         959
  C:0F7AH         LINE#         960
  C:0F7DH         LINE#         961
  C:0F7DH         LINE#         962
  C:0F7DH         LINE#         963
  C:0F93H         LINE#         964
  C:0F93H         LINE#         965
  C:0F9BH         LINE#         966
  C:0F9BH         LINE#         967
  C:0FA3H         LINE#         968
  C:0FA3H         LINE#         969
  C:0FA6H         LINE#         970
  C:0FACH         LINE#         971
  C:0FB3H         LINE#         972
  C:0FB3H         LINE#         973
  -------         ENDPROC       USBXCORE_GET_DESCRIPTOR
  -------         PROC          USBXCORE_GET_CONFIGURATION
  C:1362H         LINE#         981
  C:1362H         LINE#         986
  C:136AH         LINE#         987
  C:136AH         LINE#         991
  C:1376H         LINE#         994
  C:137EH         LINE#         995
  C:137EH         LINE#         996
  C:1382H         LINE#         997
  C:1382H         LINE#         1001
  C:1390H         LINE#         1004
  C:1398H         LINE#         1005
  C:1398H         LINE#         1006
  C:139BH         LINE#         1007
  C:13A1H         LINE#         1008
  C:13A8H         LINE#         1009
  -------         ENDPROC       USBXCORE_GET_CONFIGURATION
  -------         PROC          USBXCORE_SET_CONFIGURATION
  C:1267H         LINE#         1017
  C:1267H         LINE#         1022
  C:1270H         LINE#         1023
  C:1270H         LINE#         1024
  C:1277H         LINE#         1025
  C:127DH         LINE#         1026
  C:1282H         LINE#         1027
  C:1284H         LINE#         1029
  C:128FH         LINE#         1030
  C:129AH         LINE#         1031
  C:12A5H         LINE#         1048
  C:12B0H         LINE#         1049
  C:12B2H         LINE#         1051
  C:12B2H         LINE#         1052
  C:12B8H         LINE#         1053
  C:12BCH         LINE#         1054
  C:12BEH         LINE#         1055
  C:12BEH         LINE#         1056
  -------         ENDPROC       USBXCORE_SET_CONFIGURATION
  -------         PROC          USBXCORE_GET_INTERFACE
  C:1574H         LINE#         1065
  C:1574H         LINE#         1073
  C:1582H         LINE#         1076
BL51 BANKED LINKER/LOCATER V6.22            02/12/2015  20:32:04  PAGE 43


  C:158AH         LINE#         1077
  C:158DH         LINE#         1078
  C:1593H         LINE#         1079
  C:159AH         LINE#         1080
  -------         ENDPROC       USBXCORE_GET_INTERFACE
  -------         PROC          USBXCORE_SET_SOP
  C:0076H         LINE#         1089
  C:0076H         LINE#         1094
  C:007EH         LINE#         1095
  C:007EH         LINE#         1096
  C:0089H         LINE#         1097
  C:0089H         LINE#         1098
  -------         ENDPROC       USBXCORE_SET_SOP
  -------         PROC          USBXCORE_USB_ISR
  C:08B9H         LINE#         1110
  C:08D6H         LINE#         1113
  C:08DCH         LINE#         1114
  C:08EFH         LINE#         1117
  C:0902H         LINE#         1120
  C:0906H         LINE#         1121
  C:0906H         LINE#         1122
  C:0911H         LINE#         1123
  C:0911H         LINE#         1125
  C:0918H         LINE#         1126
  C:0918H         LINE#         1127
  C:091BH         LINE#         1128
  C:091BH         LINE#         1130
  C:0922H         LINE#         1131
  C:0922H         LINE#         1132
  C:092FH         LINE#         1134
  C:092FH         LINE#         1135
  C:0936H         LINE#         1136
  C:0936H         LINE#         1137
  C:0936H         LINE#         1139
  C:0936H         LINE#         1140
  C:0936H         LINE#         1142
  C:0936H         LINE#         1144
  C:0949H         LINE#         1146
  C:094DH         LINE#         1147
  C:094DH         LINE#         1148
  C:0950H         LINE#         1149
  C:0950H         LINE#         1152
  C:0957H         LINE#         1153
  C:0957H         LINE#         1154
  C:0962H         LINE#         1164
  C:0975H         LINE#         1165
  C:097AH         LINE#         1166
  C:097AH         LINE#         1167
  C:0981H         LINE#         1168
  C:0981H         LINE#         1170
  C:0981H         LINE#         1172
  C:0994H         LINE#         1175
  C:0998H         LINE#         1176
  C:0998H         LINE#         1177
  C:09A3H         LINE#         1187
  C:09B6H         LINE#         1188
  C:09BAH         LINE#         1189
  C:09BAH         LINE#         1190
  C:09C1H         LINE#         1191
  C:09C1H         LINE#         1192
  C:09C1H         LINE#         1195
  C:09CFH         LINE#         1196
  C:09D4H         LINE#         1197
  C:09DAH         LINE#         1198
  C:09DFH         LINE#         1201
BL51 BANKED LINKER/LOCATER V6.22            02/12/2015  20:32:04  PAGE 44


  C:09ECH         LINE#         1202
  C:09ECH         LINE#         1203
  C:09EFH         LINE#         1204
  C:09EFH         LINE#         1205
  -------         ENDPROC       USBXCORE_USB_ISR
  -------         ENDMOD        USB_API

  -------         MODULE        USB_CLOCK_START
  C:0000H         SYMBOL        _ICE_DUMMY_
  C:142DH         PUBLIC        USB_Clock_Start
  D:00A9H         PUBLIC        CLKSEL
  D:00B2H         PUBLIC        OSCICN
  D:00B9H         PUBLIC        CLKMUL
  -------         PROC          USB_CLOCK_START
  -------         DO            
  D:000DH         SYMBOL        count
  D:000EH         SYMBOL        temp
  -------         ENDDO         
  C:142DH         LINE#         72
  C:142DH         LINE#         77
  C:1430H         LINE#         82
  C:1436H         LINE#         83
  C:1436H         LINE#         85
  C:1439H         LINE#         87
  C:143CH         LINE#         89
  C:143FH         LINE#         91
  C:1448H         LINE#         93
  C:144BH         LINE#         96
  C:144EH         LINE#         97
  C:1451H         LINE#         102
  C:1454H         LINE#         104
  C:1457H         LINE#         105
  C:145CH         LINE#         108
  C:1461H         LINE#         109
  C:1461H         LINE#         110
  C:1464H         LINE#         112
  C:1464H         LINE#         113
  C:1464H         LINE#         115
  C:1467H         LINE#         117
  -------         ENDPROC       USB_CLOCK_START
  -------         ENDMOD        USB_CLOCK_START

  -------         MODULE        USB_CLOCK_RECOVERY
  C:0000H         SYMBOL        _ICE_DUMMY_
  C:1742H         PUBLIC        USBXcore_ClkRec
  D:0096H         PUBLIC        USB0ADR
  D:0097H         PUBLIC        USB0DAT
  -------         PROC          USBXCORE_CLKREC
  C:1742H         LINE#         58
  C:1742H         LINE#         64
  C:174DH         LINE#         70
  -------         ENDPROC       USBXCORE_CLKREC
  -------         ENDMOD        USB_CLOCK_RECOVERY

  -------         MODULE        ?C?CLDPTR
  C:06F7H         PUBLIC        ?C?CLDPTR
  -------         ENDMOD        ?C?CLDPTR

  -------         MODULE        ?C?CLDOPTR
  C:0710H         PUBLIC        ?C?CLDOPTR
  -------         ENDMOD        ?C?CLDOPTR

  -------         MODULE        ?C?CSTPTR
  C:073DH         PUBLIC        ?C?CSTPTR
  -------         ENDMOD        ?C?CSTPTR
BL51 BANKED LINKER/LOCATER V6.22            02/12/2015  20:32:04  PAGE 45



  -------         MODULE        ?C?IILDX
  C:074FH         PUBLIC        ?C?IILDX
  -------         ENDMOD        ?C?IILDX

  -------         MODULE        ?C?LMUL
  C:0765H         PUBLIC        ?C?LMUL
  -------         ENDMOD        ?C?LMUL

  -------         MODULE        ?C?ULDIV
  C:07F0H         PUBLIC        ?C?ULDIV
  -------         ENDMOD        ?C?ULDIV

  -------         MODULE        ?C?ULCMP
  C:0882H         PUBLIC        ?C?ULCMP
  -------         ENDMOD        ?C?ULCMP

  -------         MODULE        ?C?ULSHR
  C:0893H         PUBLIC        ?C?ULSHR
  -------         ENDMOD        ?C?ULSHR

  -------         MODULE        ?C?LSHL
  C:08A6H         PUBLIC        ?C?LSHL
  -------         ENDMOD        ?C?LSHL

*** WARNING L16: UNCALLED SEGMENT, IGNORED FOR OVERLAY PROCESS
    SEGMENT: ?PR?DEL_100MS?MAIN

*** WARNING L16: UNCALLED SEGMENT, IGNORED FOR OVERLAY PROCESS
    SEGMENT: ?CO?MAIN

*** WARNING L16: UNCALLED SEGMENT, IGNORED FOR OVERLAY PROCESS
    SEGMENT: ?PR?_USB_INIT?USB_API

Program Size: data=94.5 xdata=450 code=5981
LINK/LOCATE RUN COMPLETE.  3 WARNING(S),  0 ERROR(S)
